Component: ARM Compiler 5.06 update 7 (build 960) Tool: armlink [4d3601]

==============================================================================

Section Cross References

    startup_stm32l431xx.o(RESET) refers to startup_stm32l431xx.o(STACK) for __initial_sp
    startup_stm32l431xx.o(RESET) refers to startup_stm32l431xx.o(.text) for Reset_Handler
    startup_stm32l431xx.o(RESET) refers to stm32l4xx_it.o(i.NMI_Handler) for NMI_Handler
    startup_stm32l431xx.o(RESET) refers to stm32l4xx_it.o(i.HardFault_Handler) for HardFault_Handler
    startup_stm32l431xx.o(RESET) refers to stm32l4xx_it.o(i.MemManage_Handler) for MemManage_Handler
    startup_stm32l431xx.o(RESET) refers to stm32l4xx_it.o(i.BusFault_Handler) for BusFault_Handler
    startup_stm32l431xx.o(RESET) refers to stm32l4xx_it.o(i.UsageFault_Handler) for UsageFault_Handler
    startup_stm32l431xx.o(RESET) refers to stm32l4xx_it.o(i.SVC_Handler) for SVC_Handler
    startup_stm32l431xx.o(RESET) refers to stm32l4xx_it.o(i.DebugMon_Handler) for DebugMon_Handler
    startup_stm32l431xx.o(RESET) refers to stm32l4xx_it.o(i.PendSV_Handler) for PendSV_Handler
    startup_stm32l431xx.o(RESET) refers to stm32l4xx_it.o(i.SysTick_Handler) for SysTick_Handler
    startup_stm32l431xx.o(RESET) refers to stm32l4xx_it.o(i.RTC_WKUP_IRQHandler) for RTC_WKUP_IRQHandler
    startup_stm32l431xx.o(RESET) refers to stm32l4xx_it.o(i.EXTI9_5_IRQHandler) for EXTI9_5_IRQHandler
    startup_stm32l431xx.o(RESET) refers to usart.o(i.USART1_IRQHandler) for USART1_IRQHandler
    startup_stm32l431xx.o(.text) refers to system_stm32l4xx.o(i.SystemInit) for SystemInit
    startup_stm32l431xx.o(.text) refers to entry.o(.ARM.Collect$$$$00000000) for __main
    main.o(i.Enter_ShutDown_Mode) refers to stm32l4xx_hal_rtc_ex.o(i.HAL_RTCEx_DeactivateWakeUpTimer) for HAL_RTCEx_DeactivateWakeUpTimer
    main.o(i.Enter_ShutDown_Mode) refers to stm32l4xx_hal_rtc_ex.o(i.HAL_RTCEx_SetWakeUpTimer_IT) for HAL_RTCEx_SetWakeUpTimer_IT
    main.o(i.Enter_ShutDown_Mode) refers to hw-spi.o(i.SpiDeInit) for SpiDeInit
    main.o(i.Enter_ShutDown_Mode) refers to stm32l4xx_hal_i2c.o(i.HAL_I2C_DeInit) for HAL_I2C_DeInit
    main.o(i.Enter_ShutDown_Mode) refers to stm32l4xx_hal_adc.o(i.HAL_ADC_DeInit) for HAL_ADC_DeInit
    main.o(i.Enter_ShutDown_Mode) refers to hw-gpio.o(i.GpioDeInit) for GpioDeInit
    main.o(i.Enter_ShutDown_Mode) refers to stm32l4xx_hal_pwr_ex.o(i.HAL_PWREx_EnterSTOP2Mode) for HAL_PWREx_EnterSTOP2Mode
    main.o(i.Enter_ShutDown_Mode) refers to main.o(.data) for wake_up_flag
    main.o(i.Enter_ShutDown_Mode) refers to main.o(.bss) for RTCHandle
    main.o(i.Enter_ShutDown_Mode) refers to protocol.o(.data) for Message_cycle
    main.o(i.Enter_ShutDown_Mode) refers to i2c.o(.bss) for hi2c1
    main.o(i.Enter_ShutDown_Mode) refers to adc.o(.bss) for hadc1
    main.o(i.Handle_RFSendflag) refers to protocol.o(i.SendtoStation_sx1280_frame) for SendtoStation_sx1280_frame
    main.o(i.Handle_RFSendflag) refers to hw.o(i.HAL_Delay) for HAL_Delay
    main.o(i.Handle_RFSendflag) refers to rng.o(i.Get_random) for Get_random
    main.o(i.Handle_RFSendflag) refers to sx1280.o(i.SX1280ProcessIrqs) for SX1280ProcessIrqs
    main.o(i.Handle_RFSendflag) refers to sx1280_app.o(i.Process_Appstate_0) for Process_Appstate_0
    main.o(i.Handle_RFSendflag) refers to protocol.o(i.Handle_receiveStation_sx1280_frame) for Handle_receiveStation_sx1280_frame
    main.o(i.Handle_RFSendflag) refers to sx1280_app.o(i.SX1280_Enter_LowPower) for SX1280_Enter_LowPower
    main.o(i.Handle_RFSendflag) refers to adc.o(.data) for b
    main.o(i.Handle_RFSendflag) refers to main.o(.data) for Send_Frame_Type
    main.o(i.Handle_RFSendflag) refers to protocol.o(.constdata) for Frequency_list
    main.o(i.Handle_RFSendflag) refers to sx1280-hal.o(.constdata) for Radio
    main.o(i.Handle_RFSendflag) refers to sx1280.o(.data) for AppState
    main.o(i.Handle_RFSendflag) refers to main.o(.bss) for Buffer
    main.o(i.TMP102_SensorData) refers to stm32l4xx_hal_i2c.o(i.HAL_I2C_Master_Transmit) for HAL_I2C_Master_Transmit
    main.o(i.TMP102_SensorData) refers to stm32l4xx_hal_i2c.o(i.HAL_I2C_Master_Receive) for HAL_I2C_Master_Receive
    main.o(i.TMP102_SensorData) refers to f2d.o(.text) for __aeabi_f2d
    main.o(i.TMP102_SensorData) refers to dmul.o(.text) for __aeabi_dmul
    main.o(i.TMP102_SensorData) refers to d2f.o(.text) for __aeabi_d2f
    main.o(i.TMP102_SensorData) refers to stm32l4xx_hal_rtc_ex.o(i.HAL_RTCEx_BKUPRead) for HAL_RTCEx_BKUPRead
    main.o(i.TMP102_SensorData) refers to stm32l4xx_hal_rtc_ex.o(i.HAL_RTCEx_BKUPWrite) for HAL_RTCEx_BKUPWrite
    main.o(i.TMP102_SensorData) refers to main.o(.bss) for WriteBuffer
    main.o(i.TMP102_SensorData) refers to i2c.o(.bss) for hi2c1
    main.o(i.TMP102_SensorData) refers to main.o(.data) for TEMP
    main.o(i.TMP102_SensorData) refers to protocol.o(.data) for Alarm_threshold
[...]
    _printf_ll                               0x00000000   Number         0  stubs.o ABSOLUTE
    _printf_lld                              0x00000000   Number         0  stubs.o ABSOLUTE
    _printf_lli                              0x00000000   Number         0  stubs.o ABSOLUTE
    _printf_llo                              0x00000000   Number         0  stubs.o ABSOLUTE
    _printf_llu                              0x00000000   Number         0  stubs.o ABSOLUTE
    _printf_llx                              0x00000000   Number         0  stubs.o ABSOLUTE
    _printf_longlong_dec                     0x00000000   Number         0  stubs.o ABSOLUTE
    _printf_longlong_hex                     0x00000000   Number         0  stubs.o ABSOLUTE
    _printf_longlong_oct                     0x00000000   Number         0  stubs.o ABSOLUTE
    _printf_ls                               0x00000000   Number         0  stubs.o ABSOLUTE
    _printf_mbtowc                           0x00000000   Number         0  stubs.o ABSOLUTE
    _printf_n                                0x00000000   Number         0  stubs.o ABSOLUTE
    _printf_o                                0x00000000   Number         0  stubs.o ABSOLUTE
    _printf_p                                0x00000000   Number         0  stubs.o ABSOLUTE
    _printf_percent                          0x00000000   Number         0  stubs.o ABSOLUTE
    _printf_pre_padding                      0x00000000   Number         0  stubs.o ABSOLUTE
    _printf_return_value                     0x00000000   Number         0  stubs.o ABSOLUTE
    _printf_s                                0x00000000   Number         0  stubs.o ABSOLUTE
    _printf_sizespec                         0x00000000   Number         0  stubs.o ABSOLUTE
    _printf_str                              0x00000000   Number         0  stubs.o ABSOLUTE
    _printf_truncate_signed                  0x00000000   Number         0  stubs.o ABSOLUTE
    _printf_truncate_unsigned                0x00000000   Number         0  stubs.o ABSOLUTE
    _printf_u                                0x00000000   Number         0  stubs.o ABSOLUTE
    _printf_wc                               0x00000000   Number         0  stubs.o ABSOLUTE
    _printf_wctomb                           0x00000000   Number         0  stubs.o ABSOLUTE
    _printf_widthprec                        0x00000000   Number         0  stubs.o ABSOLUTE
    _printf_x                                0x00000000   Number         0  stubs.o ABSOLUTE
    __arm_fini_                               - Undefined Weak Reference
    __cpp_initialize__aeabi_                  - Undefined Weak Reference
    __cxa_finalize                            - Undefined Weak Reference
    __decompress                              - Undefined Weak Reference
    _clock_init                               - Undefined Weak Reference
    _microlib_exit                            - Undefined Weak Reference
    _scanf_longlong                           - Undefined Weak Reference
    _scanf_real                               - Undefined Weak Reference
    _scanf_string                             - Undefined Weak Reference
    __Vectors_Size                           0x0000018c   Number         0  startup_stm32l431xx.o ABSOLUTE
    __Vectors                                0x08000000   Data           4  startup_stm32l431xx.o(RESET)
    __Vectors_End                            0x0800018c   Data           0  startup_stm32l431xx.o(RESET)
    __main                                   0x0800018d   Thumb Code     0  entry.o(.ARM.Collect$$$$00000000)
    _main_stk                                0x0800018d   Thumb Code     0  entry2.o(.ARM.Collect$$$$00000001)
    _main_scatterload                        0x08000191   Thumb Code     0  entry5.o(.ARM.Collect$$$$00000004)
    __main_after_scatterload                 0x08000195   Thumb Code     0  entry5.o(.ARM.Collect$$$$00000004)
    _main_clock                              0x08000195   Thumb Code     0  entry7b.o(.ARM.Collect$$$$00000008)
    _main_cpp_init                           0x08000195   Thumb Code     0  entry8b.o(.ARM.Collect$$$$0000000A)
    _main_init                               0x08000195   Thumb Code     0  entry9a.o(.ARM.Collect$$$$0000000B)
    __rt_lib_shutdown_fini                   0x0800019d   Thumb Code     0  entry12b.o(.ARM.Collect$$$$0000000E)
    __rt_final_cpp                           0x080001a1   Thumb Code     0  entry10a.o(.ARM.Collect$$$$0000000F)
    __rt_final_exit                          0x080001a1   Thumb Code     0  entry11a.o(.ARM.Collect$$$$00000011)
    Reset_Handler                            0x080001a5   Thumb Code     8  startup_stm32l431xx.o(.text)
    ADC1_IRQHandler                          0x080001bf   Thumb Code     0  startup_stm32l431xx.o(.text)
    CAN1_RX0_IRQHandler                      0x080001bf   Thumb Code     0  startup_stm32l431xx.o(.text)
    CAN1_RX1_IRQHandler                      0x080001bf   Thumb Code     0  startup_stm32l431xx.o(.text)
    CAN1_SCE_IRQHandler                      0x080001bf   Thumb Code     0  startup_stm32l431xx.o(.text)
    CAN1_TX_IRQHandler                       0x080001bf   Thumb Code     0  startup_stm32l431xx.o(.text)
    COMP_IRQHandler                          0x080001bf   Thumb Code     0  startup_stm32l431xx.o(.text)
    CRS_IRQHandler                           0x080001bf   Thumb Code     0  startup_stm32l431xx.o(.text)
    DMA1_Channel1_IRQHandler                 0x080001bf   Thumb Code     0  startup_stm32l431xx.o(.text)
    DMA1_Channel2_IRQHandler                 0x080001bf   Thumb Code     0  startup_stm32l431xx.o(.text)
    DMA1_Channel3_IRQHandler                 0x080001bf   Thumb Code     0  startup_stm32l431xx.o(.text)
    DMA1_Channel4_IRQHandler                 0x080001bf   Thumb Code     0  startup_stm32l431xx.o(.text)
    DMA1_Channel5_IRQHandler                 0x080001bf   Thumb Code     0  startup_stm32l431xx.o(.text)
    DMA1_Channel6_IRQHandler                 0x080001bf   Thumb Code     0  startup_stm32l431xx.o(.text)
    DMA1_Channel7_IRQHandler                 0x080001bf   Thumb Code     0  startup_stm32l431xx.o(.text)
    DMA2_Channel1_IRQHandler                 0x080001bf   Thumb Code     0  startup_stm32l431xx.o(.text)
    DMA2_Channel2_IRQHandler                 0x080001bf   Thumb Code     0  startup_stm32l431xx.o(.text)
    DMA2_Channel3_IRQHandler                 0x080001bf   Thumb Code     0  startup_stm32l431xx.o(.text)
    DMA2_Channel4_IRQHandler                 0x080001bf   Thumb Code     0  startup_stm32l431xx.o(.text)
    DMA2_Channel5_IRQHandler                 0x080001bf   Thumb Code     0  startup_stm32l431xx.o(.text)
    DMA2_Channel6_IRQHandler                 0x080001bf   Thumb Code     0  startup_stm32l431xx.o(.text)
    DMA2_Channel7_IRQHandler                 0x080001bf   Thumb Code     0  startup_stm32l431xx.o(.text)
    EXTI0_IRQHandler                         0x080001bf   Thumb Code     0  startup_stm32l431xx.o(.text)
    EXTI15_10_IRQHandler                     0x080001bf   Thumb Code     0  startup_stm32l431xx.o(.text)
    EXTI1_IRQHandler                         0x080001bf   Thumb Code     0  startup_stm32l431xx.o(.text)
    EXTI2_IRQHandler                         0x080001bf   Thumb Code     0  startup_stm32l431xx.o(.text)
    EXTI3_IRQHandler                         0x080001bf   Thumb Code     0  startup_stm32l431xx.o(.text)
    EXTI4_IRQHandler                         0x080001bf   Thumb Code     0  startup_stm32l431xx.o(.text)
    FLASH_IRQHandler                         0x080001bf   Thumb Code     0  startup_stm32l431xx.o(.text)
    FPU_IRQHandler                           0x080001bf   Thumb Code     0  startup_stm32l431xx.o(.text)
    I2C1_ER_IRQHandler                       0x080001bf   Thumb Code     0  startup_stm32l431xx.o(.text)
    I2C1_EV_IRQHandler                       0x080001bf   Thumb Code     0  startup_stm32l431xx.o(.text)
    I2C2_ER_IRQHandler                       0x080001bf   Thumb Code     0  startup_stm32l431xx.o(.text)
    I2C2_EV_IRQHandler                       0x080001bf   Thumb Code     0  startup_stm32l431xx.o(.text)
    I2C3_ER_IRQHandler                       0x080001bf   Thumb Code     0  startup_stm32l431xx.o(.text)
    I2C3_EV_IRQHandler                       0x080001bf   Thumb Code     0  startup_stm32l431xx.o(.text)
    LPTIM1_IRQHandler                        0x080001bf   Thumb Code     0  startup_stm32l431xx.o(.text)
    LPTIM2_IRQHandler                        0x080001bf   Thumb Code     0  startup_stm32l431xx.o(.text)
    LPUART1_IRQHandler                       0x080001bf   Thumb Code     0  startup_stm32l431xx.o(.text)
    PVD_PVM_IRQHandler                       0x080001bf   Thumb Code     0  startup_stm32l431xx.o(.text)
    QUADSPI_IRQHandler                       0x080001bf   Thumb Code     0  startup_stm32l431xx.o(.text)
    RCC_IRQHandler                           0x080001bf   Thumb Code     0  startup_stm32l431xx.o(.text)
    RNG_IRQHandler                           0x080001bf   Thumb Code     0  startup_stm32l431xx.o(.text)
    RTC_Alarm_IRQHandler                     0x080001bf   Thumb Code     0  startup_stm32l431xx.o(.text)
    SAI1_IRQHandler                          0x080001bf   Thumb Code     0  startup_stm32l431xx.o(.text)
    SDMMC1_IRQHandler                        0x080001bf   Thumb Code     0  startup_stm32l431xx.o(.text)
    SPI1_IRQHandler                          0x080001bf   Thumb Code     0  startup_stm32l431xx.o(.text)
    SPI2_IRQHandler                          0x080001bf   Thumb Code     0  startup_stm32l431xx.o(.text)
    SPI3_IRQHandler                          0x080001bf   Thumb Code     0  startup_stm32l431xx.o(.text)
    SWPMI1_IRQHandler                        0x080001bf   Thumb Code     0  startup_stm32l431xx.o(.text)
    TAMP_STAMP_IRQHandler                    0x080001bf   Thumb Code     0  startup_stm32l431xx.o(.text)
    TIM1_BRK_TIM15_IRQHandler                0x080001bf   Thumb Code     0  startup_stm32l431xx.o(.text)
    TIM1_CC_IRQHandler                       0x080001bf   Thumb Code     0  startup_stm32l431xx.o(.text)
    TIM1_TRG_COM_IRQHandler                  0x080001bf   Thumb Code     0  startup_stm32l431xx.o(.text)
    TIM1_UP_TIM16_IRQHandler                 0x080001bf   Thumb Code     0  startup_stm32l431xx.o(.text)
    TIM2_IRQHandler                          0x080001bf   Thumb Code     0  startup_stm32l431xx.o(.text)
    TIM6_DAC_IRQHandler                      0x080001bf   Thumb Code     0  startup_stm32l431xx.o(.text)
    TIM7_IRQHandler                          0x080001bf   Thumb Code     0  startup_stm32l431xx.o(.text)
    TSC_IRQHandler                           0x080001bf   Thumb Code     0  startup_stm32l431xx.o(.text)
    USART2_IRQHandler                        0x080001bf   Thumb Code     0  startup_stm32l431xx.o(.text)
    USART3_IRQHandler                        0x080001bf   Thumb Code     0  startup_stm32l431xx.o(.text)
    WWDG_IRQHandler                          0x080001bf   Thumb Code     0  startup_stm32l431xx.o(.text)
    __aeabi_memcpy                           0x080001c9   Thumb Code    36  memcpya.o(.text)
    __aeabi_memcpy4                          0x080001c9   Thumb Code     0  memcpya.o(.text)
    __aeabi_memcpy8                          0x080001c9   Thumb Code     0  memcpya.o(.text)
    __aeabi_dmul                             0x080001ed   Thumb Code   228  dmul.o(.text)
    __aeabi_ddiv                             0x080002d7   Thumb Code   222  ddiv.o(.text)
    __aeabi_i2d                              0x080003b5   Thumb Code    34  dflti.o(.text)
    __aeabi_ui2d                             0x080003d7   Thumb Code    26  dfltui.o(.text)
    __aeabi_d2uiz                            0x080003f1   Thumb Code    50  dfixui.o(.text)
    __aeabi_f2d                              0x08000423   Thumb Code    38  f2d.o(.text)
    __aeabi_d2f                              0x08000449   Thumb Code    56  d2f.o(.text)
    __aeabi_uidiv                            0x08000481   Thumb Code     0  uidiv.o(.text)
    __aeabi_uidivmod                         0x08000481   Thumb Code    44  uidiv.o(.text)
    __aeabi_llsl                             0x080004ad   Thumb Code    30  llshl.o(.text)
    _ll_shift_l                              0x080004ad   Thumb Code     0  llshl.o(.text)
    __aeabi_llsr                             0x080004cb   Thumb Code    32  llushr.o(.text)
    _ll_ushift_r                             0x080004cb   Thumb Code     0  llushr.o(.text)
    __I$use$fp                               0x080004eb   Thumb Code     0  iusefp.o(.text)
    _float_round                             0x080004eb   Thumb Code    18  fepilogue.o(.text)
    _float_epilogue                          0x080004fd   Thumb Code    92  fepilogue.o(.text)
    _double_round                            0x08000559   Thumb Code    30  depilogue.o(.text)
    _double_epilogue                         0x08000577   Thumb Code   156  depilogue.o(.text)
    __aeabi_dadd                             0x08000613   Thumb Code   322  dadd.o(.text)
    __aeabi_dsub                             0x08000755   Thumb Code     6  dadd.o(.text)
    __aeabi_drsub                            0x0800075b   Thumb Code     6  dadd.o(.text)
    __ARM_scalbn                             0x08000771   Thumb Code    46  dscalb.o(.text)
    scalbn                                   0x08000771   Thumb Code     0  dscalb.o(.text)
    __aeabi_cdrcmple                         0x080007a1   Thumb Code    48  cdrcmple.o(.text)
    __scatterload                            0x080007d1   Thumb Code    28  init.o(.text)
    __scatterload_rt2                        0x080007d1   Thumb Code     0  init.o(.text)
    __aeabi_lasr                             0x080007f5   Thumb Code    36  llsshr.o(.text)
    _ll_sshift_r                             0x080007f5   Thumb Code     0  llsshr.o(.text)
    _dsqrt                                   0x08000819   Thumb Code   162  dsqrt.o(.text)
    ADC1toChanel_8                           0x080008bd   Thumb Code    46  adc.o(i.ADC1toChanel_8)
    ADC_ConversionStop                       0x080008f5   Thumb Code   270  stm32l4xx_hal_adc.o(i.ADC_ConversionStop)
    ADC_Disable                              0x08000a0d   Thumb Code   152  stm32l4xx_hal_adc.o(i.ADC_Disable)
    ADC_Enable                               0x08000aa9   Thumb Code   188  stm32l4xx_hal_adc.o(i.ADC_Enable)
    Battery_Voltage_Measure                  0x08000b71   Thumb Code   244  adc.o(i.Battery_Voltage_Measure)
    BusFault_Handler                         0x08000c9d   Thumb Code     4  stm32l4xx_it.o(i.BusFault_Handler)
    DebugMon_Handler                         0x08000ca1   Thumb Code     2  stm32l4xx_it.o(i.DebugMon_Handler)
    EXTI9_5_IRQHandler                       0x08000ca3   Thumb Code    12  stm32l4xx_it.o(i.EXTI9_5_IRQHandler)
    Enter_ShutDown_Mode                      0x08000cb1   Thumb Code    64  main.o(i.Enter_ShutDown_Mode)
    Error_Handler                            0x08000d09   Thumb Code    40  hw.o(i.Error_Handler)
    Flash_If_Read                            0x08000d31   Thumb Code    28  flash.o(i.Flash_If_Read)
    FrstGpioInit                             0x08000d4d   Thumb Code   352  hw-gpio.o(i.FrstGpioInit)
    Get_random                               0x08000eb9   Thumb Code   224  rng.o(i.Get_random)
    GpioDeInit                               0x08000fc5   Thumb Code   112  hw-gpio.o(i.GpioDeInit)
    GpioGetBitPos                            0x0800103d   Thumb Code    52  hw-gpio.o(i.GpioGetBitPos)
    GpioLaunchIrqHandler                     0x08001071   Thumb Code    30  hw-gpio.o(i.GpioLaunchIrqHandler)
    GpioRead                                 0x08001095   Thumb Code    16  hw-gpio.o(i.GpioRead)
    GpioSetIrq                               0x080010a5   Thumb Code    56  hw-gpio.o(i.GpioSetIrq)
    GpioWrite                                0x080010e1   Thumb Code    20  hw-gpio.o(i.GpioWrite)
    HAL_ADCEx_Calibration_Start              0x080010f5   Thumb Code   172  stm32l4xx_hal_adc_ex.o(i.HAL_ADCEx_Calibration_Start)
    HAL_ADC_ConfigChannel                    0x080011a1   Thumb Code  1246  stm32l4xx_hal_adc.o(i.HAL_ADC_ConfigChannel)
    HAL_ADC_DeInit                           0x0800169d   Thumb Code   426  stm32l4xx_hal_adc.o(i.HAL_ADC_DeInit)
    HAL_ADC_GetValue                         0x08001861   Thumb Code     8  stm32l4xx_hal_adc.o(i.HAL_ADC_GetValue)
    HAL_ADC_Init                             0x08001869   Thumb Code   474  stm32l4xx_hal_adc.o(i.HAL_ADC_Init)
    HAL_ADC_MspDeInit                        0x08001a5d   Thumb Code    36  stm32l4xx_hal_msp.o(i.HAL_ADC_MspDeInit)
    HAL_ADC_MspInit                          0x08001a89   Thumb Code    68  stm32l4xx_hal_msp.o(i.HAL_ADC_MspInit)
    HAL_ADC_PollForConversion                0x08001ad5   Thumb Code   198  stm32l4xx_hal_adc.o(i.HAL_ADC_PollForConversion)
    HAL_ADC_Start                            0x08001b9b   Thumb Code   160  stm32l4xx_hal_adc.o(i.HAL_ADC_Start)
    HAL_DMA_Abort_IT                         0x08001c3b   Thumb Code    92  stm32l4xx_hal_dma.o(i.HAL_DMA_Abort_IT)
    HAL_DMA_DeInit                           0x08001c99   Thumb Code   188  stm32l4xx_hal_dma.o(i.HAL_DMA_DeInit)
    HAL_DMA_Init                             0x08001d5d   Thumb Code   258  stm32l4xx_hal_dma.o(i.HAL_DMA_Init)
    HAL_Delay                                0x08001e69   Thumb Code    26  hw.o(i.HAL_Delay)
    HAL_GPIO_DeInit                          0x08001e85   Thumb Code   258  stm32l4xx_hal_gpio.o(i.HAL_GPIO_DeInit)
    HAL_GPIO_EXTI_Callback                   0x08001fa1   Thumb Code    12  hw.o(i.HAL_GPIO_EXTI_Callback)
    HAL_GPIO_EXTI_IRQHandler                 0x08001fad   Thumb Code    24  stm32l4xx_hal_gpio.o(i.HAL_GPIO_EXTI_IRQHandler)
    HAL_GPIO_Init                            0x08001fc9   Thumb Code   432  stm32l4xx_hal_gpio.o(i.HAL_GPIO_Init)
    HAL_GPIO_ReadPin                         0x08002195   Thumb Code    16  stm32l4xx_hal_gpio.o(i.HAL_GPIO_ReadPin)
    HAL_GPIO_WritePin                        0x080021a5   Thumb Code    10  stm32l4xx_hal_gpio.o(i.HAL_GPIO_WritePin)
    HAL_GetTick                              0x080021b1   Thumb Code     6  stm32l4xx_hal.o(i.HAL_GetTick)
    HAL_I2CEx_ConfigAnalogFilter             0x080021bd   Thumb Code   106  stm32l4xx_hal_i2c_ex.o(i.HAL_I2CEx_ConfigAnalogFilter)
    HAL_I2CEx_ConfigDigitalFilter            0x08002227   Thumb Code   104  stm32l4xx_hal_i2c_ex.o(i.HAL_I2CEx_ConfigDigitalFilter)
    HAL_I2C_DeInit                           0x0800228f   Thumb Code    66  stm32l4xx_hal_i2c.o(i.HAL_I2C_DeInit)
    HAL_I2C_Init                             0x080022d1   Thumb Code   198  stm32l4xx_hal_i2c.o(i.HAL_I2C_Init)
    HAL_I2C_Master_Receive                   0x0800239d   Thumb Code   348  stm32l4xx_hal_i2c.o(i.HAL_I2C_Master_Receive)
    HAL_I2C_Master_Transmit                  0x08002501   Thumb Code   342  stm32l4xx_hal_i2c.o(i.HAL_I2C_Master_Transmit)
    HAL_I2C_MspDeInit                        0x08002661   Thumb Code    38  i2c.o(i.HAL_I2C_MspDeInit)
    HAL_I2C_MspInit                          0x08002691   Thumb Code    78  i2c.o(i.HAL_I2C_MspInit)
    HAL_IWDG_Refresh                         0x080026e9   Thumb Code    14  stm32l4xx_hal_iwdg.o(i.HAL_IWDG_Refresh)
    HAL_IncTick                              0x080026f9   Thumb Code    12  stm32l4xx_hal.o(i.HAL_IncTick)
    HAL_Init                                 0x08002709   Thumb Code    22  stm32l4xx_hal.o(i.HAL_Init)
    HAL_InitTick                             0x08002721   Thumb Code    36  stm32l4xx_hal.o(i.HAL_InitTick)
    HAL_MspInit                              0x08002749   Thumb Code   140  stm32l4xx_hal_msp.o(i.HAL_MspInit)
    HAL_NVIC_EnableIRQ                       0x080027d9   Thumb Code    40  stm32l4xx_hal_cortex.o(i.HAL_NVIC_EnableIRQ)
    HAL_NVIC_SetPriority                     0x08002801   Thumb Code   124  stm32l4xx_hal_cortex.o(i.HAL_NVIC_SetPriority)
    HAL_NVIC_SetPriorityGrouping             0x08002885   Thumb Code    32  stm32l4xx_hal_cortex.o(i.HAL_NVIC_SetPriorityGrouping)
    HAL_PWREx_ControlVoltageScaling          0x080028ad   Thumb Code   128  stm32l4xx_hal_pwr_ex.o(i.HAL_PWREx_ControlVoltageScaling)
    HAL_PWREx_EnterSTOP2Mode                 0x08002939   Thumb Code    54  stm32l4xx_hal_pwr_ex.o(i.HAL_PWREx_EnterSTOP2Mode)
    HAL_PWREx_GetVoltageRange                0x08002979   Thumb Code    10  stm32l4xx_hal_pwr_ex.o(i.HAL_PWREx_GetVoltageRange)
    HAL_RCCEx_EnableMSIPLLMode               0x08002989   Thumb Code    14  stm32l4xx_hal_rcc_ex.o(i.HAL_RCCEx_EnableMSIPLLMode)
    HAL_RCCEx_PeriphCLKConfig                0x0800299d   Thumb Code   896  stm32l4xx_hal_rcc_ex.o(i.HAL_RCCEx_PeriphCLKConfig)
    HAL_RCC_ClockConfig                      0x08002d25   Thumb Code   348  stm32l4xx_hal_rcc.o(i.HAL_RCC_ClockConfig)
    HAL_RCC_GetHCLKFreq                      0x08002e91   Thumb Code     6  stm32l4xx_hal_rcc.o(i.HAL_RCC_GetHCLKFreq)
    HAL_RCC_GetSysClockFreq                  0x08002e9d   Thumb Code   252  stm32l4xx_hal_rcc.o(i.HAL_RCC_GetSysClockFreq)
    HAL_RCC_OscConfig                        0x08002fa9   Thumb Code  1676  stm32l4xx_hal_rcc.o(i.HAL_RCC_OscConfig)
    HAL_RNG_DeInit                           0x08003641   Thumb Code    56  stm32l4xx_hal_rng.o(i.HAL_RNG_DeInit)
    HAL_RNG_GenerateRandomNumber             0x08003679   Thumb Code   118  stm32l4xx_hal_rng.o(i.HAL_RNG_GenerateRandomNumber)
    HAL_RNG_GetRandomNumber                  0x080036ef   Thumb Code    24  stm32l4xx_hal_rng.o(i.HAL_RNG_GetRandomNumber)
    HAL_RNG_Init                             0x08003707   Thumb Code    52  stm32l4xx_hal_rng.o(i.HAL_RNG_Init)
    HAL_RNG_MspDeInit                        0x0800373d   Thumb Code    24  stm32l4xx_hal_msp.o(i.HAL_RNG_MspDeInit)
    HAL_RNG_MspInit                          0x08003759   Thumb Code    56  stm32l4xx_hal_msp.o(i.HAL_RNG_MspInit)
    HAL_RTCEx_BKUPRead                       0x08003795   Thumb Code    18  stm32l4xx_hal_rtc_ex.o(i.HAL_RTCEx_BKUPRead)
    HAL_RTCEx_BKUPWrite                      0x080037a7   Thumb Code    18  stm32l4xx_hal_rtc_ex.o(i.HAL_RTCEx_BKUPWrite)
    HAL_RTCEx_DeactivateWakeUpTimer          0x080037b9   Thumb Code   166  stm32l4xx_hal_rtc_ex.o(i.HAL_RTCEx_DeactivateWakeUpTimer)
    HAL_RTCEx_SetWakeUpTimer_IT              0x08003861   Thumb Code   328  stm32l4xx_hal_rtc_ex.o(i.HAL_RTCEx_SetWakeUpTimer_IT)
    HAL_RTCEx_WakeUpTimerEventCallback       0x080039ad   Thumb Code     2  stm32l4xx_hal_rtc_ex.o(i.HAL_RTCEx_WakeUpTimerEventCallback)
    HAL_RTCEx_WakeUpTimerIRQHandler          0x080039b1   Thumb Code    52  stm32l4xx_hal_rtc_ex.o(i.HAL_RTCEx_WakeUpTimerIRQHandler)
    HAL_RTC_Init                             0x080039e9   Thumb Code   228  stm32l4xx_hal_rtc.o(i.HAL_RTC_Init)
    HAL_RTC_MspInit                          0x08003ad1   Thumb Code    88  stm32l4xx_hal_msp.o(i.HAL_RTC_MspInit)
    HAL_RTC_WaitForSynchro                   0x08003b2d   Thumb Code    58  stm32l4xx_hal_rtc.o(i.HAL_RTC_WaitForSynchro)
    HAL_SPIEx_FlushRxFifo                    0x08003b67   Thumb Code    44  stm32l4xx_hal_spi_ex.o(i.HAL_SPIEx_FlushRxFifo)
    HAL_SPI_DeInit                           0x08003b93   Thumb Code    54  stm32l4xx_hal_spi.o(i.HAL_SPI_DeInit)
    HAL_SPI_Init                             0x08003bc9   Thumb Code   192  stm32l4xx_hal_spi.o(i.HAL_SPI_Init)
    HAL_SPI_MspDeInit                        0x08003c89   Thumb Code    48  stm32l4xx_hal_msp.o(i.HAL_SPI_MspDeInit)
    HAL_SPI_MspInit                          0x08003cc9   Thumb Code   298  stm32l4xx_hal_msp.o(i.HAL_SPI_MspInit)
    HAL_SPI_Transmit                         0x08003e09   Thumb Code   440  stm32l4xx_hal_spi.o(i.HAL_SPI_Transmit)
    HAL_SPI_TransmitReceive                  0x08003fc1   Thumb Code   644  stm32l4xx_hal_spi.o(i.HAL_SPI_TransmitReceive)
    HAL_SYSTICK_CLKSourceConfig              0x0800424b   Thumb Code    40  stm32l4xx_hal_cortex.o(i.HAL_SYSTICK_CLKSourceConfig)
    HAL_SYSTICK_Callback                     0x08004275   Thumb Code    38  stm32l4xx_it.o(i.HAL_SYSTICK_Callback)
    HAL_SYSTICK_Config                       0x080042a9   Thumb Code    52  stm32l4xx_hal_cortex.o(i.HAL_SYSTICK_Config)
    HAL_SYSTICK_IRQHandler                   0x080042dd   Thumb Code     8  stm32l4xx_hal_cortex.o(i.HAL_SYSTICK_IRQHandler)
    HAL_UARTEx_WakeupCallback                0x080042e5   Thumb Code     2  stm32l4xx_hal_uart_ex.o(i.HAL_UARTEx_WakeupCallback)
    HAL_UART_ErrorCallback                   0x080042e7   Thumb Code     2  stm32l4xx_hal_uart.o(i.HAL_UART_ErrorCallback)
    HAL_UART_GetState                        0x080042e9   Thumb Code    20  stm32l4xx_hal_uart.o(i.HAL_UART_GetState)
    HAL_UART_IRQHandler                      0x080042fd   Thumb Code   392  stm32l4xx_hal_uart.o(i.HAL_UART_IRQHandler)
    HAL_UART_Receive_IT                      0x08004489   Thumb Code   214  stm32l4xx_hal_uart.o(i.HAL_UART_Receive_IT)
    HAL_UART_RxCpltCallback                  0x08004569   Thumb Code   120  usart.o(i.HAL_UART_RxCpltCallback)
    HAL_UART_Transmit                        0x080045f1   Thumb Code   200  stm32l4xx_hal_uart.o(i.HAL_UART_Transmit)
    HAL_UART_TxCpltCallback                  0x080046b9   Thumb Code     2  stm32l4xx_hal_uart.o(i.HAL_UART_TxCpltCallback)
    Handle_RFSendflag                        0x080046bd   Thumb Code   278  main.o(i.Handle_RFSendflag)
    Handle_receiveStation_sx1280_frame       0x08004805   Thumb Code   852  protocol.o(i.Handle_receiveStation_sx1280_frame)
    HardFault_Handler                        0x08004b97   Thumb Code     4  stm32l4xx_it.o(i.HardFault_Handler)
    HwInit                                   0x08004b9b   Thumb Code    12  hw.o(i.HwInit)
    MSP_GetIRQn                              0x08004f11   Thumb Code   144  stm32l4xx_hal_msp.o(i.MSP_GetIRQn)
    MX_ADC1_Init                             0x08004fa1   Thumb Code   110  adc.o(i.MX_ADC1_Init)
    MX_I2C1_Init                             0x0800501d   Thumb Code    86  i2c.o(i.MX_I2C1_Init)
    MemManage_Handler                        0x08005095   Thumb Code     4  stm32l4xx_it.o(i.MemManage_Handler)
    NMI_Handler                              0x08005099   Thumb Code     2  stm32l4xx_it.o(i.NMI_Handler)
    OnRxDone                                 0x0800509d   Thumb Code     8  sx1280_app.o(i.OnRxDone)
    OnRxError                                0x080050a9   Thumb Code     8  sx1280_app.o(i.OnRxError)
    OnRxTimeout                              0x080050b5   Thumb Code     8  sx1280_app.o(i.OnRxTimeout)
    OnTxDone                                 0x080050c1   Thumb Code     8  sx1280_app.o(i.OnTxDone)
    OnTxTimeout                              0x080050cd   Thumb Code     8  sx1280_app.o(i.OnTxTimeout)
    PendSV_Handler                           0x080050d9   Thumb Code     2  stm32l4xx_it.o(i.PendSV_Handler)
    Process_Appstate_0                       0x080050dd   Thumb Code   158  sx1280_app.o(i.Process_Appstate_0)
    RTC_Config                               0x080053c1   Thumb Code    42  rtc.o(i.RTC_Config)
    RTC_EnterInitMode                        0x080053f5   Thumb Code    62  stm32l4xx_hal_rtc.o(i.RTC_EnterInitMode)
    RTC_WKUP_IRQHandler                      0x08005435   Thumb Code    10  stm32l4xx_it.o(i.RTC_WKUP_IRQHandler)
    RTU_CRC                                  0x08005445   Thumb Code    48  protocol.o(i.RTU_CRC)
    Read_flash_Parameter                     0x0800547d   Thumb Code    30  flash.o(i.Read_flash_Parameter)
    SVC_Handler                              0x08005661   Thumb Code     2  stm32l4xx_it.o(i.SVC_Handler)
    SX1280Calibrate                          0x08005663   Thumb Code    86  sx1280.o(i.SX1280Calibrate)
    SX1280ClearIrqStatus                     0x080056b9   Thumb Code    28  sx1280.o(i.SX1280ClearIrqStatus)
    SX1280GetFirmwareVersion                 0x080056d5   Thumb Code    26  sx1280.o(i.SX1280GetFirmwareVersion)
    SX1280GetFrequencyError                  0x080056f1   Thumb Code   248  sx1280.o(i.SX1280GetFrequencyError)
    SX1280GetIrqStatus                       0x08005815   Thumb Code    26  sx1280.o(i.SX1280GetIrqStatus)
    SX1280GetLoRaBandwidth                   0x08005831   Thumb Code    46  sx1280.o(i.SX1280GetLoRaBandwidth)
    SX1280GetOpMode                          0x08005875   Thumb Code     6  sx1280.o(i.SX1280GetOpMode)
    SX1280GetPacketStatus                    0x08005881   Thumb Code   776  sx1280.o(i.SX1280GetPacketStatus)
    SX1280GetPacketType                      0x08005b89   Thumb Code     6  sx1280.o(i.SX1280GetPacketType)
    SX1280GetPayload                         0x08005b95   Thumb Code    42  sx1280.o(i.SX1280GetPayload)
    SX1280GetRangingResult                   0x08005bc1   Thumb Code   292  sx1280.o(i.SX1280GetRangingResult)
    SX1280GetRssiInst                        0x08005d05   Thumb Code    32  sx1280.o(i.SX1280GetRssiInst)
    SX1280GetRxBufferStatus                  0x08005d25   Thumb Code    84  sx1280.o(i.SX1280GetRxBufferStatus)
    SX1280GetStatus                          0x08005d79   Thumb Code    30  sx1280.o(i.SX1280GetStatus)
    SX1280HalGetDioStatus                    0x08005d97   Thumb Code    36  sx1280-hal.o(i.SX1280HalGetDioStatus)
    SX1280HalInit                            0x08005dbb   Thumb Code    16  sx1280-hal.o(i.SX1280HalInit)
    SX1280HalIoIrqInit                       0x08005dcb   Thumb Code    22  sx1280-hal.o(i.SX1280HalIoIrqInit)
    SX1280HalReadBuffer                      0x08005de1   Thumb Code   104  sx1280-hal.o(i.SX1280HalReadBuffer)
    SX1280HalReadCommand                     0x08005e51   Thumb Code   102  sx1280-hal.o(i.SX1280HalReadCommand)
    SX1280HalReadRegister                    0x08005ec1   Thumb Code    20  sx1280-hal.o(i.SX1280HalReadRegister)
    SX1280HalReadRegisters                   0x08005ed5   Thumb Code   108  sx1280-hal.o(i.SX1280HalReadRegisters)
    SX1280HalReset                           0x08005f49   Thumb Code    42  sx1280-hal.o(i.SX1280HalReset)
    SX1280HalWaitOnBusy                      0x08005f73   Thumb Code    22  sx1280-hal.o(i.SX1280HalWaitOnBusy)
    SX1280HalWriteBuffer                     0x08005f89   Thumb Code    78  sx1280-hal.o(i.SX1280HalWriteBuffer)
    SX1280HalWriteCommand                    0x08005fdd   Thumb Code    76  sx1280-hal.o(i.SX1280HalWriteCommand)
    SX1280HalWriteRegister                   0x0800602d   Thumb Code    16  sx1280-hal.o(i.SX1280HalWriteRegister)
    SX1280HalWriteRegisters                  0x0800603d   Thumb Code    82  sx1280-hal.o(i.SX1280HalWriteRegisters)
    SX1280Init                               0x08006095   Thumb Code    16  sx1280.o(i.SX1280Init)
    SX1280OnDioIrq                           0x080060ad   Thumb Code     8  sx1280.o(i.SX1280OnDioIrq)
    SX1280ProcessIrqs                        0x080060b9   Thumb Code   176  sx1280.o(i.SX1280ProcessIrqs)
    SX1280RangingClearFilterResult           0x080061b1   Thumb Code    38  sx1280.o(i.SX1280RangingClearFilterResult)
    SX1280RangingSetFilterNumSamples         0x080061d7   Thumb Code    26  sx1280.o(i.SX1280RangingSetFilterNumSamples)
    SX1280SendPayload                        0x080061f1   Thumb Code    22  sx1280.o(i.SX1280SendPayload)
    SX1280SetAutoFS                          0x08006207   Thumb Code    14  sx1280.o(i.SX1280SetAutoFS)
    SX1280SetAutoTx                          0x08006215   Thumb Code    34  sx1280.o(i.SX1280SetAutoTx)
    SX1280SetBleAccessAddress                0x08006237   Thumb Code    50  sx1280.o(i.SX1280SetBleAccessAddress)
    SX1280SetBleAdvertizerAccessAddress      0x08006269   Thumb Code    10  sx1280.o(i.SX1280SetBleAdvertizerAccessAddress)
    SX1280SetBufferBaseAddresses             0x08006279   Thumb Code    26  sx1280.o(i.SX1280SetBufferBaseAddresses)
    SX1280SetCad                             0x08006295   Thumb Code    20  sx1280.o(i.SX1280SetCad)
    SX1280SetCadParams                       0x080062ad   Thumb Code    20  sx1280.o(i.SX1280SetCadParams)
    SX1280SetCrcPolynomial                   0x080062c5   Thumb Code    50  sx1280.o(i.SX1280SetCrcPolynomial)
    SX1280SetCrcSeed                         0x080062f7   Thumb Code    50  sx1280.o(i.SX1280SetCrcSeed)
    SX1280SetDeviceRangingAddress            0x08006329   Thumb Code    56  sx1280.o(i.SX1280SetDeviceRangingAddress)
    SX1280SetDioIrqParams                    0x08006361   Thumb Code    74  sx1280.o(i.SX1280SetDioIrqParams)
    SX1280SetFs                              0x080063ad   Thumb Code    20  sx1280.o(i.SX1280SetFs)
    SX1280SetInterruptMode                   0x080063c5   Thumb Code     8  sx1280.o(i.SX1280SetInterruptMode)
    SX1280SetLongPreamble                    0x080063d1   Thumb Code    14  sx1280.o(i.SX1280SetLongPreamble)
    SX1280SetModulationParams                0x080063e1   Thumb Code   168  sx1280.o(i.SX1280SetModulationParams)
    SX1280SetPacketParams                    0x08006491   Thumb Code   268  sx1280.o(i.SX1280SetPacketParams)
    SX1280SetPacketType                      0x080065a1   Thumb Code    22  sx1280.o(i.SX1280SetPacketType)
    SX1280SetPayload                         0x080065bd   Thumb Code    18  sx1280.o(i.SX1280SetPayload)
    SX1280SetPollingMode                     0x080065d1   Thumb Code     8  sx1280.o(i.SX1280SetPollingMode)
    SX1280SetRangingCalibration              0x080065dd   Thumb Code    40  sx1280.o(i.SX1280SetRangingCalibration)
    SX1280SetRangingIdLength                 0x08006605   Thumb Code    48  sx1280.o(i.SX1280SetRangingIdLength)
    SX1280SetRangingRequestAddress           0x08006635   Thumb Code    56  sx1280.o(i.SX1280SetRangingRequestAddress)
    SX1280SetRangingRole                     0x0800666d   Thumb Code    18  sx1280.o(i.SX1280SetRangingRole)
    SX1280SetRegistersDefault                0x08006681   Thumb Code    34  sx1280.o(i.SX1280SetRegistersDefault)
    SX1280SetRegulatorMode                   0x080066a9   Thumb Code    14  sx1280.o(i.SX1280SetRegulatorMode)
    SX1280SetRfFrequency                     0x080066b9   Thumb Code   116  sx1280.o(i.SX1280SetRfFrequency)
    SX1280SetRx                              0x08006745   Thumb Code    72  sx1280.o(i.SX1280SetRx)
    SX1280SetRxDutyCycle                     0x08006791   Thumb Code    54  sx1280.o(i.SX1280SetRxDutyCycle)
    SX1280SetSaveContext                     0x080067cd   Thumb Code    14  sx1280.o(i.SX1280SetSaveContext)
    SX1280SetSleep                           0x080067dd   Thumb Code    66  sx1280.o(i.SX1280SetSleep)
    SX1280SetStandby                         0x08006825   Thumb Code    34  sx1280.o(i.SX1280SetStandby)
    SX1280SetSyncWord                        0x0800684d   Thumb Code   152  sx1280.o(i.SX1280SetSyncWord)
    SX1280SetSyncWordErrorTolerance          0x080068e5   Thumb Code    36  sx1280.o(i.SX1280SetSyncWordErrorTolerance)
    SX1280SetTx                              0x08006909   Thumb Code    72  sx1280.o(i.SX1280SetTx)
    SX1280SetTxContinuousPreamble            0x08006955   Thumb Code    14  sx1280.o(i.SX1280SetTxContinuousPreamble)
    SX1280SetTxContinuousWave                0x08006963   Thumb Code    14  sx1280.o(i.SX1280SetTxContinuousWave)
    SX1280SetTxParams                        0x08006971   Thumb Code    32  sx1280.o(i.SX1280SetTxParams)
    SX1280SetWhiteningSeed                   0x08006991   Thumb Code    42  sx1280.o(i.SX1280SetWhiteningSeed)
    SX1280_Enter_LowPower                    0x080069bd   Thumb Code    78  sx1280_app.o(i.SX1280_Enter_LowPower)
    SX1280_Init                              0x08006a11   Thumb Code   156  sx1280_app.o(i.SX1280_Init)
    SX1280_SendData                          0x08006ab5   Thumb Code    38  sx1280_app.o(i.SX1280_SendData)
    SendtoStation_sx1280_frame               0x08006b01   Thumb Code   518  protocol.o(i.SendtoStation_sx1280_frame)
    SpiDeInit                                0x08006d1d   Thumb Code    10  hw-spi.o(i.SpiDeInit)
    SpiIn                                    0x08006d2d   Thumb Code    22  hw-spi.o(i.SpiIn)
    SpiInOut                                 0x08006d49   Thumb Code    34  hw-spi.o(i.SpiInOut)
    SpiInit                                  0x08006d71   Thumb Code    70  hw-spi.o(i.SpiInit)
    SysTick_Handler                          0x08006dc1   Thumb Code    12  stm32l4xx_it.o(i.SysTick_Handler)
    SystemClock_Config_24M                   0x08006dcd   Thumb Code   166  hw.o(i.SystemClock_Config_24M)
    SystemInit                               0x08006e75   Thumb Code    68  system_stm32l4xx.o(i.SystemInit)
    TMP102_SensorData                        0x08006ec5   Thumb Code   296  main.o(i.TMP102_SensorData)
    UART_WaitOnFlagUntilTimeout              0x08007151   Thumb Code   108  stm32l4xx_hal_uart.o(i.UART_WaitOnFlagUntilTimeout)
    USART1_IRQHandler                        0x080071bd   Thumb Code    56  usart.o(i.USART1_IRQHandler)
    UsageFault_Handler                       0x080071fd   Thumb Code     4  stm32l4xx_it.o(i.UsageFault_Handler)
    Wakeup_Source_Handle                     0x08007201   Thumb Code   100  rtc.o(i.Wakeup_Source_Handle)
    WhileGpioInit                            0x08007279   Thumb Code   238  hw-gpio.o(i.WhileGpioInit)
    _Error_Handler                           0x08007371   Thumb Code    18  usart.o(i._Error_Handler)
    __0printf$3                              0x080073a9   Thumb Code    22  printf3.o(i.__0printf$3)
    __1printf$3                              0x080073a9   Thumb Code     0  printf3.o(i.__0printf$3)
    __2printf                                0x080073a9   Thumb Code     0  printf3.o(i.__0printf$3)
    __ARM_fpclassify                         0x080073c9   Thumb Code    48  fpclassify.o(i.__ARM_fpclassify)
    __hardfp_pow                             0x08007431   Thumb Code  3072  pow.o(i.__hardfp_pow)
    __kernel_poly                            0x080080b1   Thumb Code   248  poly.o(i.__kernel_poly)
    __mathlib_dbl_divzero                    0x080081a9   Thumb Code    28  dunder.o(i.__mathlib_dbl_divzero)
    __mathlib_dbl_infnan2                    0x080081d9   Thumb Code    20  dunder.o(i.__mathlib_dbl_infnan2)
    __mathlib_dbl_invalid                    0x080081f1   Thumb Code    24  dunder.o(i.__mathlib_dbl_invalid)
    __mathlib_dbl_overflow                   0x08008211   Thumb Code    24  dunder.o(i.__mathlib_dbl_overflow)
    __mathlib_dbl_underflow                  0x08008231   Thumb Code    24  dunder.o(i.__mathlib_dbl_underflow)
    __scatterload_copy                       0x08008251   Thumb Code    14  handlers.o(i.__scatterload_copy)
    __scatterload_null                       0x0800825f   Thumb Code     2  handlers.o(i.__scatterload_null)
    __scatterload_zeroinit                   0x08008261   Thumb Code    14  handlers.o(i.__scatterload_zeroinit)
    __set_errno                              0x08008271   Thumb Code     6  errno.o(i.__set_errno)
    fabs                                     0x0800843b   Thumb Code    24  fabs.o(i.fabs)
    fputc                                    0x08008455   Thumb Code    22  usart.o(i.fputc)
    main                                     0x08008471   Thumb Code   124  main.o(i.main)
    sqrt                                     0x08008515   Thumb Code   110  sqrt.o(i.sqrt)
    AHBPrescTable                            0x08008584   Data          16  system_stm32l4xx.o(.constdata)
    APBPrescTable                            0x08008594   Data           8  system_stm32l4xx.o(.constdata)
    MSIRangeTable                            0x0800859c   Data          48  system_stm32l4xx.o(.constdata)
    RadioRegsInit                            0x080085cc   Data           4  sx1280.o(.constdata)
    Radio                                    0x080085d0   Data         260  sx1280-hal.o(.constdata)
    Frequency_list                           0x080086d4   Data         120  protocol.o(.constdata)
    PongMsg0                                 0x0800894c   Data          13  sx1280_app.o(.constdata)
    PongMsg1                                 0x08008959   Data          14  sx1280_app.o(.constdata)
    PongMsg2                                 0x08008967   Data          15  sx1280_app.o(.constdata)
    __mathlib_zero                           0x08008a08   Data           8  qnan.o(.constdata)
    Region$$Table$$Base                      0x08008a10   Number         0  anon$$obj.o(Region$$Table)
    Region$$Table$$Limit                     0x08008a30   Number         0  anon$$obj.o(Region$$Table)
    Repeat_Count                             0x20000000   Data           4  main.o(.data)
    sensor_id                                0x20000008   Data           8  main.o(.data)
    otp_sensor_id_buf                        0x20000010   Data           6  main.o(.data)
    sensor_id_buf                            0x20000016   Data           6  main.o(.data)
    hi2c1_status                             0x2000001c   Data           1  main.o(.data)
    One_Cycle                                0x20000020   Data           4  main.o(.data)
    Shift_time                               0x20000024   Data           4  main.o(.data)
    Send_BURST_Count                         0x20000028   Data           1  main.o(.data)
    Send_Frame_Type                          0x20000029   Data           1  main.o(.data)
    Send_BURST_Flag                          0x2000002a   Data           1  main.o(.data)
    Rssi                                     0x2000002c   Data           2  main.o(.data)
    Receive_flag                             0x2000002e   Data           1  main.o(.data)
    Receive_RSP_End_OK_flag                  0x2000002f   Data           1  main.o(.data)
    MainRun_Time                             0x20000030   Data           4  main.o(.data)
    sx1280_receive_time                      0x20000034   Data           4  main.o(.data)
    Sample_Interval                          0x20000038   Data           4  main.o(.data)
    temperatrue                              0x2000003c   Data           4  main.o(.data)
    TEMP                                     0x20000040   Data           2  main.o(.data)
    wake_up_flag                             0x20000042   Data           1  main.o(.data)
    while_count                              0x20000044   Data           4  main.o(.data)
    Burst_Status                             0x20000048   Data           1  main.o(.data)
    packetStatus                             0x20000049   Data           6  main.o(.data)
    default_sensor_id                        0x20000050   Data           8  main.o(.data)
    sensor_sleep_time                        0x20000058   Data           4  main.o(.data)
    uwTick                                   0x2000005c   Data           4  stm32l4xx_hal.o(.data)
    SystemCoreClock                          0x20000060   Data           4  system_stm32l4xx.o(.data)
    USART1_RX_STA                            0x20000064   Data           2  usart.o(.data)
    USART2_RX_STA                            0x20000066   Data           2  usart.o(.data)
    USART3_RX_STA                            0x20000068   Data           2  usart.o(.data)
    aRx1Buffer                               0x2000006a   Data           1  usart.o(.data)
    Flash_Sensor_ID                          0x2000006c   Data           4  flash.o(.data)
    uhADCxRefValue                           0x20000070   Data           2  adc.o(.data)
    uhADCxConvertedValue                     0x20000072   Data           2  adc.o(.data)
    a                                        0x20000074   Data           4  adc.o(.data)
    b                                        0x20000078   Data           2  adc.o(.data)
    Send_REQ_time                            0x2000007a   Data           1  rtc.o(.data)
    AppState                                 0x2000007c   Data           1  sx1280.o(.data)
    DioIrq                                   0x20000084   Data           4  sx1280.o(.data)
    IrqState                                 0x20000088   Data           1  sx1280.o(.data)
    DES_Offset_Delay                         0x20000090   Data           4  protocol.o(.data)
    Message_cycle                            0x20000094   Data           4  protocol.o(.data)
    Offset_Delay                             0x20000098   Data           4  protocol.o(.data)
    Ctrl_cycle                               0x2000009c   Data           2  protocol.o(.data)
    Time_random                              0x2000009e   Data           1  protocol.o(.data)
    Frequency_point                          0x2000009f   Data           1  protocol.o(.data)
    REQ_Waiting_Reply                        0x200000a0   Data           1  protocol.o(.data)
    BURST_Waiting_Reply                      0x200000a1   Data           1  protocol.o(.data)
    Alarm_threshold                          0x200000a4   Data           4  protocol.o(.data)
    Alarm_threshold_DOWN                     0x200000a8   Data           4  protocol.o(.data)
    Receive_BURST_ACK_flag                   0x200000ac   Data           1  protocol.o(.data)
    PongMsg3                                 0x200000b0   Data          12  sx1280_app.o(.data)
    RecBufferSize                            0x200000bc   Data           1  sx1280_app.o(.data)
    SndBufferSize                            0x200000bd   Data           1  sx1280_app.o(.data)
    Send_Frame_type                          0x200000be   Data           1  sx1280_app.o(.data)
    RxIrqMask                                0x200000c0   Data           2  sx1280_app.o(.data)
    TxIrqMask                                0x200000c2   Data           2  sx1280_app.o(.data)
    mainsteptime                             0x200000c4   Data           2  sx1280_app.o(.data)
    lorasteptime                             0x200000c8   Data           8  sx1280_app.o(.data)
    TTtime_RX                                0x200000d0   Data           4  sx1280_app.o(.data)
    TTtime_TX                                0x200000d4   Data           4  sx1280_app.o(.data)
    SX1280_ID                                0x200000d8   Data           2  sx1280_app.o(.data)
    irqRegs                                  0x200000da   Data           2  sx1280_app.o(.data)
    Callbacks                                0x200000e0   Data          36  sx1280_app.o(.data)
    __stdout                                 0x20000104   Data           4  stdout.o(.data)
    hspi1                                    0x2000010c   Data         100  main.o(.bss)
    RTCHandle                                0x20000170   Data          36  main.o(.bss)
    Buffer                                   0x20000194   Data          10  main.o(.bss)
    WriteBuffer                              0x2000019e   Data          10  main.o(.bss)
    ReadBuffer                               0x200001a8   Data          10  main.o(.bss)
    Ackbuff                                  0x200001b2   Data          10  main.o(.bss)
    packetParams                             0x200001bc   Data          24  main.o(.bss)
    hi2c1                                    0x20000264   Data          76  i2c.o(.bss)
    SpiHandle                                0x200002f0   Data         100  hw-spi.o(.bss)
    USART1_RX_BUF                            0x20000354   Data          20  usart.o(.bss)
    huart1                                   0x20000368   Data         120  usart.o(.bss)
    huart2                                   0x200003e0   Data         120  usart.o(.bss)
    UART1_Handler                            0x20000458   Data         120  usart.o(.bss)
    UART2_Handler                            0x200004d0   Data         120  usart.o(.bss)
    UART3_Handler                            0x20000548   Data         120  usart.o(.bss)
    hadc1                                    0x200005c0   Data         104  adc.o(.bss)
    RngHandle                                0x20000628   Data          16  rng.o(.bss)
    hiwdg                                    0x20000638   Data          16  iwdg.o(.bss)
    RecBuffer                                0x20002646   Data          30  sx1280_app.o(.bss)
    SndBuffer                                0x20002664   Data          30  sx1280_app.o(.bss)
    __initial_sp                             0x20002a88   Data           0  startup_stm32l431xx.o(STACK)



==============================================================================

Memory Map of the image

  Image Entry point : 0x0800018d

  Load Region LR_IROM1 (Base: 0x08000000, Size: 0x00008b3c, Max: 0x00020000, ABSOLUTE)

    Execution Region ER_IROM1 (Exec base: 0x08000000, Load base: 0x08000000, Size: 0x00008a30, Max: 0x00020000, ABSOLUTE)

    Exec Addr    Load Addr    Size         Type   Attr      Idx    E Section Name        Object

    0x08000000   0x08000000   0x0000018c   Data   RO            3    RESET               startup_stm32l431xx.o
    0x0800018c   0x0800018c   0x00000000   Code   RO         5317  * .ARM.Collect$$$$00000000  mc_w.l(entry.o)
    0x0800018c   0x0800018c   0x00000004   Code   RO         5646    .ARM.Collect$$$$00000001  mc_w.l(entry2.o)
    0x08000190   0x08000190   0x00000004   Code   RO         5649    .ARM.Collect$$$$00000004  mc_w.l(entry5.o)
    0x08000194   0x08000194   0x00000000   Code   RO         5651    .ARM.Collect$$$$00000008  mc_w.l(entry7b.o)
    0x08000194   0x08000194   0x00000000   Code   RO         5653    .ARM.Collect$$$$0000000A  mc_w.l(entry8b.o)
    0x08000194   0x08000194   0x00000008   Code   RO         5654    .ARM.Collect$$$$0000000B  mc_w.l(entry9a.o)
    0x0800019c   0x0800019c   0x00000004   Code   RO         5661    .ARM.Collect$$$$0000000E  mc_w.l(entry12b.o)
    0x080001a0   0x080001a0   0x00000000   Code   RO         5656    .ARM.Collect$$$$0000000F  mc_w.l(entry10a.o)
    0x080001a0   0x080001a0   0x00000000   Code   RO         5658    .ARM.Collect$$$$00000011  mc_w.l(entry11a.o)
    0x080001a0   0x080001a0   0x00000004   Code   RO         5647    .ARM.Collect$$$$00002712  mc_w.l(entry2.o)
    0x080001a4   0x080001a4   0x00000024   Code   RO            4    .text               startup_stm32l431xx.o
    0x080001c8   0x080001c8   0x00000024   Code   RO         5322    .text               mc_w.l(memcpya.o)
    0x080001ec   0x080001ec   0x000000ea   Code   RO         5595    .text               mf_w.l(dmul.o)
    0x080002d6   0x080002d6   0x000000de   Code   RO         5597    .text               mf_w.l(ddiv.o)
    0x080003b4   0x080003b4   0x00000022   Code   RO         5599    .text               mf_w.l(dflti.o)
    0x080003d6   0x080003d6   0x0000001a   Code   RO         5601    .text               mf_w.l(dfltui.o)
    0x080003f0   0x080003f0   0x00000032   Code   RO         5603    .text               mf_w.l(dfixui.o)
    0x08000422   0x08000422   0x00000026   Code   RO         5605    .text               mf_w.l(f2d.o)
    0x08000448   0x08000448   0x00000038   Code   RO         5607    .text               mf_w.l(d2f.o)
    0x08000480   0x08000480   0x0000002c   Code   RO         5663    .text               mc_w.l(uidiv.o)
    0x080004ac   0x080004ac   0x0000001e   Code   RO         5665    .text               mc_w.l(llshl.o)
    0x080004ca   0x080004ca   0x00000020   Code   RO         5667    .text               mc_w.l(llushr.o)
    0x080004ea   0x080004ea   0x00000000   Code   RO         5682    .text               mc_w.l(iusefp.o)
    0x080004ea   0x080004ea   0x0000006e   Code   RO         5683    .text               mf_w.l(fepilogue.o)
    0x08000558   0x08000558   0x000000ba   Code   RO         5685    .text               mf_w.l(depilogue.o)
    0x08000612   0x08000612   0x0000015e   Code   RO         5687    .text               mf_w.l(dadd.o)
    0x08000770   0x08000770   0x0000002e   Code   RO         5691    .text               mf_w.l(dscalb.o)
    0x0800079e   0x0800079e   0x00000002   PAD
    0x080007a0   0x080007a0   0x00000030   Code   RO         5695    .text               mf_w.l(cdrcmple.o)
    0x080007d0   0x080007d0   0x00000024   Code   RO         5697    .text               mc_w.l(init.o)
    0x080007f4   0x080007f4   0x00000024   Code   RO         5699    .text               mc_w.l(llsshr.o)
    0x08000818   0x08000818   0x000000a2   Code   RO         5705    .text               mf_w.l(dsqrt.o)
    0x080008ba   0x080008ba   0x00000002   PAD
    0x080008bc   0x080008bc   0x00000038   Code   RO         4486    i.ADC1toChanel_8    adc.o
    0x080008f4   0x080008f4   0x00000118   Code   RO         3044    i.ADC_ConversionStop  stm32l4xx_hal_adc.o
    0x08000a0c   0x08000a0c   0x0000009c   Code   RO         3048    i.ADC_Disable       stm32l4xx_hal_adc.o
    0x08000aa8   0x08000aa8   0x000000c8   Code   RO         3049    i.ADC_Enable        stm32l4xx_hal_adc.o
    0x08000b70   0x08000b70   0x0000012c   Code   RO         4488    i.Battery_Voltage_Measure  adc.o
    0x08000c9c   0x08000c9c   0x00000004   Code   RO          256    i.BusFault_Handler  stm32l4xx_it.o
    0x08000ca0   0x08000ca0   0x00000002   Code   RO          257    i.DebugMon_Handler  stm32l4xx_it.o
    0x08000ca2   0x08000ca2   0x0000000c   Code   RO          258    i.EXTI9_5_IRQHandler  stm32l4xx_it.o
    0x08000cae   0x08000cae   0x00000002   PAD
    0x08000cb0   0x08000cb0   0x00000058   Code   RO           13    i.Enter_ShutDown_Mode  main.o
    0x08000d08   0x08000d08   0x00000028   Code   RO         4119    i.Error_Handler     hw.o
    0x08000d30   0x08000d30   0x0000001c   Code   RO         4410    i.Flash_If_Read     flash.o
    0x08000d4c   0x08000d4c   0x0000016c   Code   RO         4186    i.FrstGpioInit      hw-gpio.o
    0x08000eb8   0x08000eb8   0x0000010c   Code   RO         4579    i.Get_random        rng.o
    0x08000fc4   0x08000fc4   0x00000078   Code   RO         4187    i.GpioDeInit        hw-gpio.o
    0x0800103c   0x0800103c   0x00000034   Code   RO         4188    i.GpioGetBitPos     hw-gpio.o
    0x08001070   0x08001070   0x00000024   Code   RO         4189    i.GpioLaunchIrqHandler  hw-gpio.o
    0x08001094   0x08001094   0x00000010   Code   RO         4190    i.GpioRead          hw-gpio.o
    0x080010a4   0x080010a4   0x0000003c   Code   RO         4191    i.GpioSetIrq        hw-gpio.o
    0x080010e0   0x080010e0   0x00000014   Code   RO         4192    i.GpioWrite         hw-gpio.o
    0x080010f4   0x080010f4   0x000000ac   Code   RO         3290    i.HAL_ADCEx_Calibration_Start  stm32l4xx_hal_adc_ex.o
    0x080011a0   0x080011a0   0x000004fc   Code   RO         3051    i.HAL_ADC_ConfigChannel  stm32l4xx_hal_adc.o
    0x0800169c   0x0800169c   0x000001c4   Code   RO         3054    i.HAL_ADC_DeInit    stm32l4xx_hal_adc.o
    0x08001860   0x08001860   0x00000008   Code   RO         3058    i.HAL_ADC_GetValue  stm32l4xx_hal_adc.o
    0x08001868   0x08001868   0x000001f4   Code   RO         3060    i.HAL_ADC_Init      stm32l4xx_hal_adc.o
    0x08001a5c   0x08001a5c   0x0000002c   Code   RO          351    i.HAL_ADC_MspDeInit  stm32l4xx_hal_msp.o
    0x08001a88   0x08001a88   0x0000004c   Code   RO          352    i.HAL_ADC_MspInit   stm32l4xx_hal_msp.o
    0x08001ad4   0x08001ad4   0x000000c6   Code   RO         3064    i.HAL_ADC_PollForConversion  stm32l4xx_hal_adc.o
    0x08001b9a   0x08001b9a   0x000000a0   Code   RO         3066    i.HAL_ADC_Start     stm32l4xx_hal_adc.o
    0x08001c3a   0x08001c3a   0x0000005c   Code   RO         2115    i.HAL_DMA_Abort_IT  stm32l4xx_hal_dma.o
    0x08001c96   0x08001c96   0x00000002   PAD
    0x08001c98   0x08001c98   0x000000c4   Code   RO         2116    i.HAL_DMA_DeInit    stm32l4xx_hal_dma.o
    0x08001d5c   0x08001d5c   0x0000010c   Code   RO         2120    i.HAL_DMA_Init      stm32l4xx_hal_dma.o
    0x08001e68   0x08001e68   0x0000001a   Code   RO         4120    i.HAL_Delay         hw.o
    0x08001e82   0x08001e82   0x00000002   PAD
    0x08001e84   0x08001e84   0x0000011c   Code   RO         2047    i.HAL_GPIO_DeInit   stm32l4xx_hal_gpio.o
    0x08001fa0   0x08001fa0   0x0000000c   Code   RO         4121    i.HAL_GPIO_EXTI_Callback  hw.o
    0x08001fac   0x08001fac   0x0000001c   Code   RO         2049    i.HAL_GPIO_EXTI_IRQHandler  stm32l4xx_hal_gpio.o
    0x08001fc8   0x08001fc8   0x000001cc   Code   RO         2050    i.HAL_GPIO_Init     stm32l4xx_hal_gpio.o
    0x08002194   0x08002194   0x00000010   Code   RO         2052    i.HAL_GPIO_ReadPin  stm32l4xx_hal_gpio.o
    0x080021a4   0x080021a4   0x0000000a   Code   RO         2054    i.HAL_GPIO_WritePin  stm32l4xx_hal_gpio.o
    0x080021ae   0x080021ae   0x00000002   PAD
    0x080021b0   0x080021b0   0x0000000c   Code   RO          832    i.HAL_GetTick       stm32l4xx_hal.o
    0x080021bc   0x080021bc   0x0000006a   Code   RO         1485    i.HAL_I2CEx_ConfigAnalogFilter  stm32l4xx_hal_i2c_ex.o
    0x08002226   0x08002226   0x00000068   Code   RO         1486    i.HAL_I2CEx_ConfigDigitalFilter  stm32l4xx_hal_i2c_ex.o
    0x0800228e   0x0800228e   0x00000042   Code   RO         1036    i.HAL_I2C_DeInit    stm32l4xx_hal_i2c.o
    0x080022d0   0x080022d0   0x000000cc   Code   RO         1045    i.HAL_I2C_Init      stm32l4xx_hal_i2c.o
    0x0800239c   0x0800239c   0x00000164   Code   RO         1051    i.HAL_I2C_Master_Receive  stm32l4xx_hal_i2c.o
    0x08002500   0x08002500   0x00000160   Code   RO         1058    i.HAL_I2C_Master_Transmit  stm32l4xx_hal_i2c.o
    0x08002660   0x08002660   0x00000030   Code   RO         4077    i.HAL_I2C_MspDeInit  i2c.o
    0x08002690   0x08002690   0x00000058   Code   RO         4078    i.HAL_I2C_MspInit   i2c.o
    0x080026e8   0x080026e8   0x0000000e   Code   RO         3477    i.HAL_IWDG_Refresh  stm32l4xx_hal_iwdg.o
    0x080026f6   0x080026f6   0x00000002   PAD
    0x080026f8   0x080026f8   0x00000010   Code   RO          836    i.HAL_IncTick       stm32l4xx_hal.o
    0x08002708   0x08002708   0x00000016   Code   RO          837    i.HAL_Init          stm32l4xx_hal.o
    0x0800271e   0x0800271e   0x00000002   PAD
    0x08002720   0x08002720   0x00000028   Code   RO          838    i.HAL_InitTick      stm32l4xx_hal.o
    0x08002748   0x08002748   0x00000090   Code   RO          353    i.HAL_MspInit       stm32l4xx_hal_msp.o
    0x080027d8   0x080027d8   0x00000028   Code   RO         2531    i.HAL_NVIC_EnableIRQ  stm32l4xx_hal_cortex.o
    0x08002800   0x08002800   0x00000082   Code   RO         2537    i.HAL_NVIC_SetPriority  stm32l4xx_hal_cortex.o
    0x08002882   0x08002882   0x00000002   PAD
    0x08002884   0x08002884   0x00000028   Code   RO         2538    i.HAL_NVIC_SetPriorityGrouping  stm32l4xx_hal_cortex.o
    0x080028ac   0x080028ac   0x0000008c   Code   RO         2341    i.HAL_PWREx_ControlVoltageScaling  stm32l4xx_hal_pwr_ex.o
    0x08002938   0x08002938   0x00000040   Code   RO         2363    i.HAL_PWREx_EnterSTOP2Mode  stm32l4xx_hal_pwr_ex.o
    0x08002978   0x08002978   0x00000010   Code   RO         2364    i.HAL_PWREx_GetVoltageRange  stm32l4xx_hal_pwr_ex.o
    0x08002988   0x08002988   0x00000014   Code   RO         1656    i.HAL_RCCEx_EnableMSIPLLMode  stm32l4xx_hal_rcc_ex.o
    0x0800299c   0x0800299c   0x00000388   Code   RO         1662    i.HAL_RCCEx_PeriphCLKConfig  stm32l4xx_hal_rcc_ex.o
    0x08002d24   0x08002d24   0x0000016c   Code   RO         1540    i.HAL_RCC_ClockConfig  stm32l4xx_hal_rcc.o
    0x08002e90   0x08002e90   0x0000000c   Code   RO         1544    i.HAL_RCC_GetHCLKFreq  stm32l4xx_hal_rcc.o
    0x08002e9c   0x08002e9c   0x0000010c   Code   RO         1548    i.HAL_RCC_GetSysClockFreq  stm32l4xx_hal_rcc.o
    0x08002fa8   0x08002fa8   0x00000698   Code   RO         1551    i.HAL_RCC_OscConfig  stm32l4xx_hal_rcc.o
    0x08003640   0x08003640   0x00000038   Code   RO         3506    i.HAL_RNG_DeInit    stm32l4xx_hal_rng.o
    0x08003678   0x08003678   0x00000076   Code   RO         3508    i.HAL_RNG_GenerateRandomNumber  stm32l4xx_hal_rng.o
    0x080036ee   0x080036ee   0x00000018   Code   RO         3511    i.HAL_RNG_GetRandomNumber  stm32l4xx_hal_rng.o
    0x08003706   0x08003706   0x00000034   Code   RO         3515    i.HAL_RNG_Init      stm32l4xx_hal_rng.o
    0x0800373a   0x0800373a   0x00000002   PAD
    0x0800373c   0x0800373c   0x0000001c   Code   RO          354    i.HAL_RNG_MspDeInit  stm32l4xx_hal_msp.o
    0x08003758   0x08003758   0x0000003c   Code   RO          355    i.HAL_RNG_MspInit   stm32l4xx_hal_msp.o
    0x08003794   0x08003794   0x00000012   Code   RO         2805    i.HAL_RTCEx_BKUPRead  stm32l4xx_hal_rtc_ex.o
    0x080037a6   0x080037a6   0x00000012   Code   RO         2806    i.HAL_RTCEx_BKUPWrite  stm32l4xx_hal_rtc_ex.o
    0x080037b8   0x080037b8   0x000000a6   Code   RO         2812    i.HAL_RTCEx_DeactivateWakeUpTimer  stm32l4xx_hal_rtc_ex.o
    0x0800385e   0x0800385e   0x00000002   PAD
    0x08003860   0x08003860   0x0000014c   Code   RO         2833    i.HAL_RTCEx_SetWakeUpTimer_IT  stm32l4xx_hal_rtc_ex.o
    0x080039ac   0x080039ac   0x00000002   Code   RO         2839    i.HAL_RTCEx_WakeUpTimerEventCallback  stm32l4xx_hal_rtc_ex.o
    0x080039ae   0x080039ae   0x00000002   PAD
    0x080039b0   0x080039b0   0x00000038   Code   RO         2840    i.HAL_RTCEx_WakeUpTimerIRQHandler  stm32l4xx_hal_rtc_ex.o
    0x080039e8   0x080039e8   0x000000e8   Code   RO         2674    i.HAL_RTC_Init      stm32l4xx_hal_rtc.o
    0x08003ad0   0x08003ad0   0x0000005c   Code   RO          357    i.HAL_RTC_MspInit   stm32l4xx_hal_msp.o
    0x08003b2c   0x08003b2c   0x0000003a   Code   RO         2682    i.HAL_RTC_WaitForSynchro  stm32l4xx_hal_rtc.o
    0x08003b66   0x08003b66   0x0000002c   Code   RO          761    i.HAL_SPIEx_FlushRxFifo  stm32l4xx_hal_spi_ex.o
    0x08003b92   0x08003b92   0x00000036   Code   RO          440    i.HAL_SPI_DeInit    stm32l4xx_hal_spi.o
    0x08003bc8   0x08003bc8   0x000000c0   Code   RO          445    i.HAL_SPI_Init      stm32l4xx_hal_spi.o
    0x08003c88   0x08003c88   0x00000040   Code   RO          358    i.HAL_SPI_MspDeInit  stm32l4xx_hal_msp.o
    0x08003cc8   0x08003cc8   0x00000140   Code   RO          359    i.HAL_SPI_MspInit   stm32l4xx_hal_msp.o
    0x08003e08   0x08003e08   0x000001b8   Code   RO          453    i.HAL_SPI_Transmit  stm32l4xx_hal_spi.o
    0x08003fc0   0x08003fc0   0x0000028a   Code   RO          454    i.HAL_SPI_TransmitReceive  stm32l4xx_hal_spi.o
    0x0800424a   0x0800424a   0x00000028   Code   RO         2540    i.HAL_SYSTICK_CLKSourceConfig  stm32l4xx_hal_cortex.o
    0x08004272   0x08004272   0x00000002   PAD
    0x08004274   0x08004274   0x00000034   Code   RO          259    i.HAL_SYSTICK_Callback  stm32l4xx_it.o
    0x080042a8   0x080042a8   0x00000034   Code   RO         2542    i.HAL_SYSTICK_Config  stm32l4xx_hal_cortex.o
    0x080042dc   0x080042dc   0x00000008   Code   RO         2543    i.HAL_SYSTICK_IRQHandler  stm32l4xx_hal_cortex.o
    0x080042e4   0x080042e4   0x00000002   Code   RO         3976    i.HAL_UARTEx_WakeupCallback  stm32l4xx_hal_uart_ex.o
    0x080042e6   0x080042e6   0x00000002   Code   RO         3630    i.HAL_UART_ErrorCallback  stm32l4xx_hal_uart.o
    0x080042e8   0x080042e8   0x00000014   Code   RO         3632    i.HAL_UART_GetState  stm32l4xx_hal_uart.o
    0x080042fc   0x080042fc   0x0000018c   Code   RO         3633    i.HAL_UART_IRQHandler  stm32l4xx_hal_uart.o
    0x08004488   0x08004488   0x000000e0   Code   RO         3639    i.HAL_UART_Receive_IT  stm32l4xx_hal_uart.o
    0x08004568   0x08004568   0x00000088   Code   RO         4321    i.HAL_UART_RxCpltCallback  usart.o
    0x080045f0   0x080045f0   0x000000c8   Code   RO         3642    i.HAL_UART_Transmit  stm32l4xx_hal_uart.o
    0x080046b8   0x080046b8   0x00000002   Code   RO         3645    i.HAL_UART_TxCpltCallback  stm32l4xx_hal_uart.o
    0x080046ba   0x080046ba   0x00000002   PAD
    0x080046bc   0x080046bc   0x00000148   Code   RO           14    i.Handle_RFSendflag  main.o
    0x08004804   0x08004804   0x00000392   Code   RO         5148    i.Handle_receiveStation_sx1280_frame  protocol.o
    0x08004b96   0x08004b96   0x00000004   Code   RO          260    i.HardFault_Handler  stm32l4xx_it.o
    0x08004b9a   0x08004b9a   0x0000000c   Code   RO         4123    i.HwInit            hw.o
    0x08004ba6   0x08004ba6   0x00000028   Code   RO         1091    i.I2C_Flush_TXDR    stm32l4xx_hal_i2c.o
    0x08004bce   0x08004bce   0x00000002   PAD
    0x08004bd0   0x08004bd0   0x00000098   Code   RO         1099    i.I2C_IsAcknowledgeFailed  stm32l4xx_hal_i2c.o
    0x08004c68   0x08004c68   0x00000034   Code   RO         1106    i.I2C_TransferConfig  stm32l4xx_hal_i2c.o
    0x08004c9c   0x08004c9c   0x0000005e   Code   RO         1107    i.I2C_WaitOnFlagUntilTimeout  stm32l4xx_hal_i2c.o
    0x08004cfa   0x08004cfa   0x00000002   PAD
    0x08004cfc   0x08004cfc   0x000000a0   Code   RO         1108    i.I2C_WaitOnRXNEFlagUntilTimeout  stm32l4xx_hal_i2c.o
    0x08004d9c   0x08004d9c   0x00000056   Code   RO         1109    i.I2C_WaitOnSTOPFlagUntilTimeout  stm32l4xx_hal_i2c.o
    0x08004df2   0x08004df2   0x0000005a   Code   RO         1110    i.I2C_WaitOnTXISFlagUntilTimeout  stm32l4xx_hal_i2c.o
    0x08004e4c   0x08004e4c   0x00000010   Code   RO         3073    i.LL_ADC_Enable     stm32l4xx_hal_adc.o
    0x08004e5c   0x08004e5c   0x0000000a   Code   RO         3074    i.LL_ADC_GetCommonPathInternalCh  stm32l4xx_hal_adc.o
    0x08004e66   0x08004e66   0x00000012   Code   RO         3075    i.LL_ADC_GetOffsetChannel  stm32l4xx_hal_adc.o
    0x08004e78   0x08004e78   0x0000000a   Code   RO         3076    i.LL_ADC_IsInternalRegulatorEnabled  stm32l4xx_hal_adc.o
    0x08004e82   0x08004e82   0x0000000a   Code   RO         3077    i.LL_ADC_REG_IsConversionOngoing  stm32l4xx_hal_adc.o
    0x08004e8c   0x08004e8c   0x00000010   Code   RO         3078    i.LL_ADC_REG_StartConversion  stm32l4xx_hal_adc.o
    0x08004e9c   0x08004e9c   0x00000052   Code   RO         3080    i.LL_ADC_SetChannelSamplingTime  stm32l4xx_hal_adc.o
    0x08004eee   0x08004eee   0x0000000c   Code   RO         3081    i.LL_ADC_SetCommonPathInternalCh  stm32l4xx_hal_adc.o
    0x08004efa   0x08004efa   0x00000016   Code   RO         3082    i.LL_ADC_SetOffsetState  stm32l4xx_hal_adc.o
    0x08004f10   0x08004f10   0x00000090   Code   RO          360    i.MSP_GetIRQn       stm32l4xx_hal_msp.o
    0x08004fa0   0x08004fa0   0x0000007c   Code   RO         4489    i.MX_ADC1_Init      adc.o
    0x0800501c   0x0800501c   0x00000078   Code   RO         4079    i.MX_I2C1_Init      i2c.o
    0x08005094   0x08005094   0x00000004   Code   RO          261    i.MemManage_Handler  stm32l4xx_it.o
    0x08005098   0x08005098   0x00000002   Code   RO          262    i.NMI_Handler       stm32l4xx_it.o
    0x0800509a   0x0800509a   0x00000002   PAD
    0x0800509c   0x0800509c   0x0000000c   Code   RO         5199    i.OnRxDone          sx1280_app.o
    0x080050a8   0x080050a8   0x0000000c   Code   RO         5200    i.OnRxError         sx1280_app.o
    0x080050b4   0x080050b4   0x0000000c   Code   RO         5201    i.OnRxTimeout       sx1280_app.o
    0x080050c0   0x080050c0   0x0000000c   Code   RO         5202    i.OnTxDone          sx1280_app.o
    0x080050cc   0x080050cc   0x0000000c   Code   RO         5203    i.OnTxTimeout       sx1280_app.o
    0x080050d8   0x080050d8   0x00000002   Code   RO          263    i.PendSV_Handler    stm32l4xx_it.o
    0x080050da   0x080050da   0x00000002   PAD
    0x080050dc   0x080050dc   0x000000b8   Code   RO         5204    i.Process_Appstate_0  sx1280_app.o
    0x08005194   0x08005194   0x0000018c   Code   RO         1665    i.RCCEx_PLLSAI1_Config  stm32l4xx_hal_rcc_ex.o
    0x08005320   0x08005320   0x000000a0   Code   RO         1552    i.RCC_SetFlashLatencyFromMSIRange  stm32l4xx_hal_rcc.o
    0x080053c0   0x080053c0   0x00000034   Code   RO         4537    i.RTC_Config        rtc.o
    0x080053f4   0x080053f4   0x0000003e   Code   RO         2685    i.RTC_EnterInitMode  stm32l4xx_hal_rtc.o
    0x08005432   0x08005432   0x00000002   PAD
    0x08005434   0x08005434   0x00000010   Code   RO          264    i.RTC_WKUP_IRQHandler  stm32l4xx_it.o
    0x08005444   0x08005444   0x00000038   Code   RO         5149    i.RTU_CRC           protocol.o
    0x0800547c   0x0800547c   0x00000028   Code   RO         4413    i.Read_flash_Parameter  flash.o
    0x080054a4   0x080054a4   0x00000064   Code   RO          483    i.SPI_EndRxTxTransaction  stm32l4xx_hal_spi.o
    0x08005508   0x08005508   0x000000b0   Code   RO          488    i.SPI_WaitFifoStateUntilTimeout  stm32l4xx_hal_spi.o
    0x080055b8   0x080055b8   0x000000a8   Code   RO          489    i.SPI_WaitFlagStateUntilTimeout  stm32l4xx_hal_spi.o
    0x08005660   0x08005660   0x00000002   Code   RO          265    i.SVC_Handler       stm32l4xx_it.o
    0x08005662   0x08005662   0x00000056   Code   RO         4640    i.SX1280Calibrate   sx1280.o
    0x080056b8   0x080056b8   0x0000001c   Code   RO         4641    i.SX1280ClearIrqStatus  sx1280.o
    0x080056d4   0x080056d4   0x0000001a   Code   RO         4642    i.SX1280GetFirmwareVersion  sx1280.o
    0x080056ee   0x080056ee   0x00000002   PAD
    0x080056f0   0x080056f0   0x00000124   Code   RO         4643    i.SX1280GetFrequencyError  sx1280.o
    0x08005814   0x08005814   0x0000001a   Code   RO         4645    i.SX1280GetIrqStatus  sx1280.o
    0x0800582e   0x0800582e   0x00000002   PAD
    0x08005830   0x08005830   0x00000044   Code   RO         4646    i.SX1280GetLoRaBandwidth  sx1280.o
    0x08005874   0x08005874   0x0000000c   Code   RO         4647    i.SX1280GetOpMode   sx1280.o
    0x08005880   0x08005880   0x00000308   Code   RO         4648    i.SX1280GetPacketStatus  sx1280.o
    0x08005b88   0x08005b88   0x0000000c   Code   RO         4649    i.SX1280GetPacketType  sx1280.o
    0x08005b94   0x08005b94   0x0000002a   Code   RO         4650    i.SX1280GetPayload  sx1280.o
    0x08005bbe   0x08005bbe   0x00000002   PAD
    0x08005bc0   0x08005bc0   0x00000144   Code   RO         4651    i.SX1280GetRangingResult  sx1280.o
    0x08005d04   0x08005d04   0x00000020   Code   RO         4652    i.SX1280GetRssiInst  sx1280.o
    0x08005d24   0x08005d24   0x00000054   Code   RO         4653    i.SX1280GetRxBufferStatus  sx1280.o
    0x08005d78   0x08005d78   0x0000001e   Code   RO         4654    i.SX1280GetStatus   sx1280.o
    0x08005d96   0x08005d96   0x00000024   Code   RO         5035    i.SX1280HalGetDioStatus  sx1280-hal.o
    0x08005dba   0x08005dba   0x00000010   Code   RO         5036    i.SX1280HalInit     sx1280-hal.o
    0x08005dca   0x08005dca   0x00000016   Code   RO         5037    i.SX1280HalIoIrqInit  sx1280-hal.o
    0x08005de0   0x08005de0   0x00000070   Code   RO         5038    i.SX1280HalReadBuffer  sx1280-hal.o
    0x08005e50   0x08005e50   0x00000070   Code   RO         5039    i.SX1280HalReadCommand  sx1280-hal.o
    0x08005ec0   0x08005ec0   0x00000014   Code   RO         5040    i.SX1280HalReadRegister  sx1280-hal.o
    0x08005ed4   0x08005ed4   0x00000074   Code   RO         5041    i.SX1280HalReadRegisters  sx1280-hal.o
    0x08005f48   0x08005f48   0x0000002a   Code   RO         5042    i.SX1280HalReset    sx1280-hal.o
    0x08005f72   0x08005f72   0x00000016   Code   RO         5043    i.SX1280HalWaitOnBusy  sx1280-hal.o
    0x08005f88   0x08005f88   0x00000054   Code   RO         5044    i.SX1280HalWriteBuffer  sx1280-hal.o
    0x08005fdc   0x08005fdc   0x00000050   Code   RO         5045    i.SX1280HalWriteCommand  sx1280-hal.o
    0x0800602c   0x0800602c   0x00000010   Code   RO         5046    i.SX1280HalWriteRegister  sx1280-hal.o
    0x0800603c   0x0800603c   0x00000058   Code   RO         5047    i.SX1280HalWriteRegisters  sx1280-hal.o
    0x08006094   0x08006094   0x00000018   Code   RO         4655    i.SX1280Init        sx1280.o
    0x080060ac   0x080060ac   0x0000000c   Code   RO         4656    i.SX1280OnDioIrq    sx1280.o
    0x080060b8   0x080060b8   0x000000f8   Code   RO         4658    i.SX1280ProcessIrqs  sx1280.o
    0x080061b0   0x080061b0   0x00000026   Code   RO         4659    i.SX1280RangingClearFilterResult  sx1280.o
    0x080061d6   0x080061d6   0x0000001a   Code   RO         4660    i.SX1280RangingSetFilterNumSamples  sx1280.o
    0x080061f0   0x080061f0   0x00000016   Code   RO         4661    i.SX1280SendPayload  sx1280.o
    0x08006206   0x08006206   0x0000000e   Code   RO         4662    i.SX1280SetAutoFS   sx1280.o
    0x08006214   0x08006214   0x00000022   Code   RO         4663    i.SX1280SetAutoTx   sx1280.o
    0x08006236   0x08006236   0x00000032   Code   RO         4664    i.SX1280SetBleAccessAddress  sx1280.o
    0x08006268   0x08006268   0x00000010   Code   RO         4665    i.SX1280SetBleAdvertizerAccessAddress  sx1280.o
    0x08006278   0x08006278   0x0000001a   Code   RO         4666    i.SX1280SetBufferBaseAddresses  sx1280.o
    0x08006292   0x08006292   0x00000002   PAD
    0x08006294   0x08006294   0x00000018   Code   RO         4667    i.SX1280SetCad      sx1280.o
    0x080062ac   0x080062ac   0x00000018   Code   RO         4668    i.SX1280SetCadParams  sx1280.o
    0x080062c4   0x080062c4   0x00000032   Code   RO         4669    i.SX1280SetCrcPolynomial  sx1280.o
    0x080062f6   0x080062f6   0x00000032   Code   RO         4670    i.SX1280SetCrcSeed  sx1280.o
    0x08006328   0x08006328   0x00000038   Code   RO         4671    i.SX1280SetDeviceRangingAddress  sx1280.o
    0x08006360   0x08006360   0x0000004a   Code   RO         4672    i.SX1280SetDioIrqParams  sx1280.o
    0x080063aa   0x080063aa   0x00000002   PAD
    0x080063ac   0x080063ac   0x00000018   Code   RO         4673    i.SX1280SetFs       sx1280.o
    0x080063c4   0x080063c4   0x0000000c   Code   RO         4674    i.SX1280SetInterruptMode  sx1280.o
    0x080063d0   0x080063d0   0x0000000e   Code   RO         4675    i.SX1280SetLongPreamble  sx1280.o
    0x080063de   0x080063de   0x00000002   PAD
    0x080063e0   0x080063e0   0x000000b0   Code   RO         4676    i.SX1280SetModulationParams  sx1280.o
    0x08006490   0x08006490   0x00000110   Code   RO         4677    i.SX1280SetPacketParams  sx1280.o
    0x080065a0   0x080065a0   0x0000001c   Code   RO         4678    i.SX1280SetPacketType  sx1280.o
    0x080065bc   0x080065bc   0x00000012   Code   RO         4679    i.SX1280SetPayload  sx1280.o
    0x080065ce   0x080065ce   0x00000002   PAD
    0x080065d0   0x080065d0   0x0000000c   Code   RO         4680    i.SX1280SetPollingMode  sx1280.o
    0x080065dc   0x080065dc   0x00000028   Code   RO         4681    i.SX1280SetRangingCalibration  sx1280.o
    0x08006604   0x08006604   0x00000030   Code   RO         4682    i.SX1280SetRangingIdLength  sx1280.o
    0x08006634   0x08006634   0x00000038   Code   RO         4683    i.SX1280SetRangingRequestAddress  sx1280.o
    0x0800666c   0x0800666c   0x00000012   Code   RO         4684    i.SX1280SetRangingRole  sx1280.o
    0x0800667e   0x0800667e   0x00000002   PAD
    0x08006680   0x08006680   0x00000028   Code   RO         4685    i.SX1280SetRegistersDefault  sx1280.o
    0x080066a8   0x080066a8   0x0000000e   Code   RO         4686    i.SX1280SetRegulatorMode  sx1280.o
    0x080066b6   0x080066b6   0x00000002   PAD
    0x080066b8   0x080066b8   0x0000008c   Code   RO         4687    i.SX1280SetRfFrequency  sx1280.o
    0x08006744   0x08006744   0x0000004c   Code   RO         4688    i.SX1280SetRx       sx1280.o
    0x08006790   0x08006790   0x0000003c   Code   RO         4689    i.SX1280SetRxDutyCycle  sx1280.o
    0x080067cc   0x080067cc   0x0000000e   Code   RO         4690    i.SX1280SetSaveContext  sx1280.o
    0x080067da   0x080067da   0x00000002   PAD
    0x080067dc   0x080067dc   0x00000048   Code   RO         4691    i.SX1280SetSleep    sx1280.o
    0x08006824   0x08006824   0x00000028   Code   RO         4692    i.SX1280SetStandby  sx1280.o
    0x0800684c   0x0800684c   0x00000098   Code   RO         4693    i.SX1280SetSyncWord  sx1280.o
    0x080068e4   0x080068e4   0x00000024   Code   RO         4694    i.SX1280SetSyncWordErrorTolerance  sx1280.o
    0x08006908   0x08006908   0x0000004c   Code   RO         4695    i.SX1280SetTx       sx1280.o
    0x08006954   0x08006954   0x0000000e   Code   RO         4696    i.SX1280SetTxContinuousPreamble  sx1280.o
    0x08006962   0x08006962   0x0000000e   Code   RO         4697    i.SX1280SetTxContinuousWave  sx1280.o
    0x08006970   0x08006970   0x00000020   Code   RO         4698    i.SX1280SetTxParams  sx1280.o
    0x08006990   0x08006990   0x0000002a   Code   RO         4699    i.SX1280SetWhiteningSeed  sx1280.o
    0x080069ba   0x080069ba   0x00000002   PAD
    0x080069bc   0x080069bc   0x00000054   Code   RO         5206    i.SX1280_Enter_LowPower  sx1280_app.o
    0x08006a10   0x08006a10   0x000000a4   Code   RO         5208    i.SX1280_Init       sx1280_app.o
    0x08006ab4   0x08006ab4   0x00000030   Code   RO         5209    i.SX1280_SendData   sx1280_app.o
    0x08006ae4   0x08006ae4   0x0000001a   Code   RO         4700    i.SX1280complement2  sx1280.o
    0x08006afe   0x08006afe   0x00000002   PAD
    0x08006b00   0x08006b00   0x0000021a   Code   RO         5150    i.SendtoStation_sx1280_frame  protocol.o
    0x08006d1a   0x08006d1a   0x00000002   PAD
    0x08006d1c   0x08006d1c   0x00000010   Code   RO         4262    i.SpiDeInit         hw-spi.o
    0x08006d2c   0x08006d2c   0x0000001c   Code   RO         4263    i.SpiIn             hw-spi.o
    0x08006d48   0x08006d48   0x00000028   Code   RO         4264    i.SpiInOut          hw-spi.o
    0x08006d70   0x08006d70   0x00000050   Code   RO         4265    i.SpiInit           hw-spi.o
    0x08006dc0   0x08006dc0   0x0000000c   Code   RO          266    i.SysTick_Handler   stm32l4xx_it.o
    0x08006dcc   0x08006dcc   0x000000a6   Code   RO         4126    i.SystemClock_Config_24M  hw.o
    0x08006e72   0x08006e72   0x00000002   PAD
    0x08006e74   0x08006e74   0x00000050   Code   RO         4041    i.SystemInit        system_stm32l4xx.o
    0x08006ec4   0x08006ec4   0x0000015c   Code   RO           15    i.TMP102_SensorData  main.o
    0x08007020   0x08007020   0x00000018   Code   RO         3649    i.UART_DMAAbortOnError  stm32l4xx_hal_uart.o
    0x08007038   0x08007038   0x00000024   Code   RO         3659    i.UART_EndRxTransfer  stm32l4xx_hal_uart.o
    0x0800705c   0x0800705c   0x00000022   Code   RO         3660    i.UART_EndTransmit_IT  stm32l4xx_hal_uart.o
    0x0800707e   0x0800707e   0x0000006c   Code   RO         3662    i.UART_RxISR_16BIT  stm32l4xx_hal_uart.o
    0x080070ea   0x080070ea   0x00000066   Code   RO         3663    i.UART_RxISR_8BIT   stm32l4xx_hal_uart.o
    0x08007150   0x08007150   0x0000006c   Code   RO         3667    i.UART_WaitOnFlagUntilTimeout  stm32l4xx_hal_uart.o
    0x080071bc   0x080071bc   0x00000040   Code   RO         4324    i.USART1_IRQHandler  usart.o
    0x080071fc   0x080071fc   0x00000004   Code   RO          267    i.UsageFault_Handler  stm32l4xx_it.o
    0x08007200   0x08007200   0x00000078   Code   RO         4538    i.Wakeup_Source_Handle  rtc.o
    0x08007278   0x08007278   0x000000f8   Code   RO         4194    i.WhileGpioInit     hw-gpio.o
    0x08007370   0x08007370   0x00000038   Code   RO         4325    i._Error_Handler    usart.o
    0x080073a8   0x080073a8   0x00000020   Code   RO         5419    i.__0printf$3       mc_w.l(printf3.o)
    0x080073c8   0x080073c8   0x00000030   Code   RO         5629    i.__ARM_fpclassify  m_wm.l(fpclassify.o)
    0x080073f8   0x080073f8   0x00000010   Code   RO         2544    i.__NVIC_GetPriorityGrouping  stm32l4xx_hal_cortex.o
    0x08007408   0x08007408   0x00000028   Code   RO         2545    i.__NVIC_SetPriority  stm32l4xx_hal_cortex.o
    0x08007430   0x08007430   0x00000c80   Code   RO         5303    i.__hardfp_pow      m_wm.l(pow.o)
    0x080080b0   0x080080b0   0x000000f8   Code   RO         5631    i.__kernel_poly     m_wm.l(poly.o)
    0x080081a8   0x080081a8   0x00000030   Code   RO         5609    i.__mathlib_dbl_divzero  m_wm.l(dunder.o)
    0x080081d8   0x080081d8   0x00000014   Code   RO         5611    i.__mathlib_dbl_infnan2  m_wm.l(dunder.o)
    0x080081ec   0x080081ec   0x00000004   PAD
    0x080081f0   0x080081f0   0x00000020   Code   RO         5612    i.__mathlib_dbl_invalid  m_wm.l(dunder.o)
    0x08008210   0x08008210   0x00000020   Code   RO         5613    i.__mathlib_dbl_overflow  m_wm.l(dunder.o)
    0x08008230   0x08008230   0x00000020   Code   RO         5615    i.__mathlib_dbl_underflow  m_wm.l(dunder.o)
    0x08008250   0x08008250   0x0000000e   Code   RO         5714    i.__scatterload_copy  mc_w.l(handlers.o)
    0x0800825e   0x0800825e   0x00000002   Code   RO         5715    i.__scatterload_null  mc_w.l(handlers.o)
    0x08008260   0x08008260   0x0000000e   Code   RO         5716    i.__scatterload_zeroinit  mc_w.l(handlers.o)
    0x0800826e   0x0800826e   0x00000002   PAD
    0x08008270   0x08008270   0x0000000c   Code   RO         5671    i.__set_errno       mc_w.l(errno.o)
    0x0800827c   0x0800827c   0x000001be   Code   RO         5426    i._printf_core      mc_w.l(printf3.o)
    0x0800843a   0x0800843a   0x00000018   Code   RO         5625    i.fabs              m_wm.l(fabs.o)
    0x08008452   0x08008452   0x00000002   PAD
    0x08008454   0x08008454   0x0000001c   Code   RO         4326    i.fputc             usart.o
    0x08008470   0x08008470   0x000000a4   Code   RO           16    i.main              main.o
    0x08008514   0x08008514   0x0000006e   Code   RO         5636    i.sqrt              m_wm.l(sqrt.o)
    0x08008582   0x08008582   0x00000002   PAD
    0x08008584   0x08008584   0x00000048   Data   RO         4042    .constdata          system_stm32l4xx.o
    0x080085cc   0x080085cc   0x00000004   Data   RO         4701    .constdata          sx1280.o
    0x080085d0   0x080085d0   0x00000104   Data   RO         5049    .constdata          sx1280-hal.o
    0x080086d4   0x080086d4   0x00000278   Data   RO         5151    .constdata          protocol.o
    0x0800894c   0x0800894c   0x00000030   Data   RO         5211    .constdata          sx1280_app.o
    0x0800897c   0x0800897c   0x00000004   PAD
    0x08008980   0x08008980   0x00000088   Data   RO         5306    .constdata          m_wm.l(pow.o)
    0x08008a08   0x08008a08   0x00000008   Data   RO         5633    .constdata          m_wm.l(qnan.o)
    0x08008a10   0x08008a10   0x00000020   Data   RO         5712    Region$$Table       anon$$obj.o


    Execution Region RW_IRAM1 (Exec base: 0x20000000, Load base: 0x08008a30, Size: 0x00002a88, Max: 0x00010000, ABSOLUTE)

    Exec Addr    Load Addr    Size         Type   Attr      Idx    E Section Name        Object

    0x20000000   0x08008a30   0x0000005c   Data   RW           18    .data               main.o
    0x2000005c   0x08008a8c   0x00000004   Data   RW          853    .data               stm32l4xx_hal.o
    0x20000060   0x08008a90   0x00000004   Data   RW         4043    .data               system_stm32l4xx.o
    0x20000064   0x08008a94   0x00000007   Data   RW         4329    .data               usart.o
    0x2000006b   0x08008a9b   0x00000001   PAD
    0x2000006c   0x08008a9c   0x00000004   Data   RW         4416    .data               flash.o
    0x20000070   0x08008aa0   0x0000000a   Data   RW         4491    .data               adc.o
    0x2000007a   0x08008aaa   0x00000001   Data   RW         4539    .data               rtc.o
    0x2000007b   0x08008aab   0x00000001   PAD
    0x2000007c   0x08008aac   0x00000014   Data   RW         4702    .data               sx1280.o
    0x20000090   0x08008ac0   0x0000001d   Data   RW         5152    .data               protocol.o
    0x200000ad   0x08008add   0x00000003   PAD
    0x200000b0   0x08008ae0   0x00000054   Data   RW         5212    .data               sx1280_app.o
    0x20000104   0x08008b34   0x00000004   Data   RW         5662    .data               mc_w.l(stdout.o)
    0x20000108   0x08008b38   0x00000004   Data   RW         5672    .data               mc_w.l(errno.o)
    0x2000010c        -       0x000000c8   Zero   RW           17    .bss                main.o
    0x200001d4        -       0x00000090   Zero   RW          361    .bss                stm32l4xx_hal_msp.o
    0x20000264        -       0x0000004c   Zero   RW         4080    .bss                i2c.o
    0x200002b0        -       0x00000040   Zero   RW         4195    .bss                hw-gpio.o
    0x200002f0        -       0x00000064   Zero   RW         4266    .bss                hw-spi.o
    0x20000354        -       0x0000026c   Zero   RW         4328    .bss                usart.o
    0x200005c0        -       0x00000068   Zero   RW         4490    .bss                adc.o
    0x20000628        -       0x00000010   Zero   RW         4580    .bss                rng.o
    0x20000638        -       0x00000010   Zero   RW         4611    .bss                iwdg.o
    0x20000648        -       0x00001ffe   Zero   RW         5048    .bss                sx1280-hal.o
    0x20002646        -       0x0000003c   Zero   RW         5210    .bss                sx1280_app.o
    0x20002682   0x08008b3c   0x00000006   PAD
    0x20002688        -       0x00000400   Zero   RW            1    STACK               startup_stm32l431xx.o


==============================================================================

Image component sizes


      Code (inc. data)   RO Data    RW Data    ZI Data      Debug   Object Name

       480         68          0         10        104       2858   adc.o
        68         10          0          4          0       2216   flash.o
       916         40          0          0         64       6595   hw-gpio.o
       164         28          0          0        100       3229   hw-spi.o
       256          0          0          0          0       3115   hw.o
       256         54          0          0         76       2565   i2c.o
         0          0          0          0         16        272   iwdg.o
       928        166          0         92        200     732101   main.o
      1508         78        632         29          0       6924   protocol.o
       268         32          0          0         16        981   rng.o
       172         30          0          1          0       1444   rtc.o
        36          8        396          0       1024        908   startup_stm32l431xx.o
        90         14          0          4          0       3955   stm32l4xx_hal.o
      3426        140          0          0          0      66179   stm32l4xx_hal_adc.o
       172          0          0          0          0       1626   stm32l4xx_hal_adc_ex.o
       366         22          0          0          0      36290   stm32l4xx_hal_cortex.o
       556         18          0          0          0       2819   stm32l4xx_hal_dma.o
       798         58          0          0          0       4944   stm32l4xx_hal_gpio.o
      1652         32          0          0          0      11791   stm32l4xx_hal_i2c.o
       210          0          0          0          0       2163   stm32l4xx_hal_i2c_ex.o
        14          0          0          0          0       1147   stm32l4xx_hal_iwdg.o
       972         70          0          0        144       7028   stm32l4xx_hal_msp.o
       220         28          0          0          0       2185   stm32l4xx_hal_pwr_ex.o
      2492         76          0          0          0       6254   stm32l4xx_hal_rcc.o
      1320         32          0          0          0       3697   stm32l4xx_hal_rcc_ex.o
       250          0          0          0          0       3669   stm32l4xx_hal_rng.o
       352          4          0          0          0       2888   stm32l4xx_hal_rtc.o
       592          8          0          0          0       5846   stm32l4xx_hal_rtc_ex.o
      1780          0          0          0          0       7933   stm32l4xx_hal_spi.o
        44          0          0          0          0       1280   stm32l4xx_hal_spi_ex.o
      1256         14          0          0          0      10537   stm32l4xx_hal_uart.o
         2          0          0          0          0       1100   stm32l4xx_hal_uart_ex.o
       116         20          0          0          0       7664   stm32l4xx_it.o
       766         42        260          0       8190      13212   sx1280-hal.o
      4192        282          4         20          0      52689   sx1280.o
       540         76         48         84         60       7350   sx1280_app.o
        80         12         72          4          0       1481   system_stm32l4xx.o
       284         68          0          7        620       3828   usart.o

    ----------------------------------------------------------------------
     27656       1530       1448        260      10620    1032763   Object Totals
         0          0         32          0          0          0   (incl. Generated)
        62          0          4          5          6          0   (incl. Padding)

    ----------------------------------------------------------------------

      Code (inc. data)   RO Data    RW Data    ZI Data      Debug   Library Member Name

       164         44          0          0          0        620   dunder.o
        24          0          0          0          0        124   fabs.o
        48          0          0          0          0        124   fpclassify.o
       248          0          0          0          0        152   poly.o
      3200        296        136          0          0        352   pow.o
         0          0          8          0          0          0   qnan.o
       110          0          0          0          0        148   sqrt.o
         0          0          0          0          0          0   entry.o
         0          0          0          0          0          0   entry10a.o
         0          0          0          0          0          0   entry11a.o
         4          0          0          0          0          0   entry12b.o
         8          4          0          0          0          0   entry2.o
         4          0          0          0          0          0   entry5.o
         0          0          0          0          0          0   entry7b.o
         0          0          0          0          0          0   entry8b.o
         8          4          0          0          0          0   entry9a.o
        12          6          0          4          0         68   errno.o
        30          0          0          0          0          0   handlers.o
        36          8          0          0          0         68   init.o
         0          0          0          0          0          0   iusefp.o
        30          0          0          0          0         68   llshl.o
        36          0          0          0          0         68   llsshr.o
        32          0          0          0          0         68   llushr.o
        36          0          0          0          0         68   memcpya.o
       478         14          0          0          0        184   printf3.o
         0          0          0          4          0          0   stdout.o
        44          0          0          0          0         80   uidiv.o
        48          0          0          0          0         68   cdrcmple.o
        56          0          0          0          0         88   d2f.o
       350          0          0          0          0        148   dadd.o
       222          0          0          0          0        100   ddiv.o
       186          0          0          0          0        176   depilogue.o
        50          0          0          0          0         76   dfixui.o
        34          0          0          0          0         76   dflti.o
        26          0          0          0          0         76   dfltui.o
       234          0          0          0          0         96   dmul.o
        46          0          0          0          0         80   dscalb.o
       162          0          0          0          0        100   dsqrt.o
        38          0          0          0          0         68   f2d.o
       110          0          0          0          0        168   fepilogue.o

    ----------------------------------------------------------------------
      6128        376        144          8          0       3512   Library Totals
        14          0          0          0          0          0   (incl. Padding)

    ----------------------------------------------------------------------

      Code (inc. data)   RO Data    RW Data    ZI Data      Debug   Library Name

      3794        340        144          0          0       1520   m_wm.l
       758         36          0          8          0        672   mc_w.l
      1562          0          0          0          0       1320   mf_w.l

    ----------------------------------------------------------------------
      6128        376        144          8          0       3512   Library Totals

    ----------------------------------------------------------------------

==============================================================================


      Code (inc. data)   RO Data    RW Data    ZI Data      Debug   

     33784       1906       1592        268      10620    1011191   Grand Totals
     33784       1906       1592        268      10620    1011191   ELF Image Totals
     33784       1906       1592        268          0          0   ROM Totals

==============================================================================

    Total RO  Size (Code + RO Data)                35376 (  34.55kB)
    Total RW  Size (RW Data + ZI Data)             10888 (  10.63kB)
    Total ROM Size (Code + RO Data + RW Data)      35644 (  34.81kB)

==============================================================================

