Component: ARM Compiler 5.06 update 4 (build 422) Tool: armlink [4d35d2]

==============================================================================

Section Cross References

    startup_stm32l431xx.o(RESET) refers to startup_stm32l431xx.o(STACK) for __initial_sp
    startup_stm32l431xx.o(RESET) refers to startup_stm32l431xx.o(.text) for Reset_Handler
    startup_stm32l431xx.o(RESET) refers to stm32l4xx_it.o(i.NMI_Handler) for NMI_Handler
    startup_stm32l431xx.o(RESET) refers to stm32l4xx_it.o(i.HardFault_Handler) for HardFault_Handler
    startup_stm32l431xx.o(RESET) refers to stm32l4xx_it.o(i.MemManage_Handler) for MemManage_Handler
    startup_stm32l431xx.o(RESET) refers to stm32l4xx_it.o(i.BusFault_Handler) for BusFault_Handler
    startup_stm32l431xx.o(RESET) refers to stm32l4xx_it.o(i.UsageFault_Handler) for UsageFault_Handler
    startup_stm32l431xx.o(RESET) refers to stm32l4xx_it.o(i.SVC_Handler) for SVC_Handler
    startup_stm32l431xx.o(RESET) refers to stm32l4xx_it.o(i.DebugMon_Handler) for DebugMon_Handler
    startup_stm32l431xx.o(RESET) refers to stm32l4xx_it.o(i.PendSV_Handler) for PendSV_Handler
    startup_stm32l431xx.o(RESET) refers to stm32l4xx_it.o(i.SysTick_Handler) for SysTick_Handler
    startup_stm32l431xx.o(RESET) refers to stm32l4xx_it.o(i.RTC_WKUP_IRQHandler) for RTC_WKUP_IRQHandler
    startup_stm32l431xx.o(RESET) refers to stm32l4xx_it.o(i.EXTI0_IRQHandler) for EXTI0_IRQHandler
    startup_stm32l431xx.o(RESET) refers to usart.o(i.USART1_IRQHandler) for USART1_IRQHandler
    startup_stm32l431xx.o(.text) refers to system_stm32l4xx.o(i.SystemInit) for SystemInit
    startup_stm32l431xx.o(.text) refers to entry.o(.ARM.Collect$$$$00000000) for __main
    main.o(i.Enter_ShutDown_Mode) refers to stm32l4xx_hal_rtc_ex.o(i.HAL_RTCEx_DeactivateWakeUpTimer) for HAL_RTCEx_DeactivateWakeUpTimer
    main.o(i.Enter_ShutDown_Mode) refers to dfltui.o(.text) for __aeabi_ui2d
    main.o(i.Enter_ShutDown_Mode) refers to dmul.o(.text) for __aeabi_dmul
    main.o(i.Enter_ShutDown_Mode) refers to dadd.o(.text) for __aeabi_dsub
    main.o(i.Enter_ShutDown_Mode) refers to dfixui.o(.text) for __aeabi_d2uiz
    main.o(i.Enter_ShutDown_Mode) refers to stm32l4xx_hal_rtc_ex.o(i.HAL_RTCEx_SetWakeUpTimer_IT) for HAL_RTCEx_SetWakeUpTimer_IT
    main.o(i.Enter_ShutDown_Mode) refers to stm32l4xx_hal_pwr_ex.o(i.HAL_PWREx_EnterSHUTDOWNMode) for HAL_PWREx_EnterSHUTDOWNMode
    main.o(i.Enter_ShutDown_Mode) refers to rtc.o(.bss) for RTCHandle
    main.o(i.Enter_ShutDown_Mode) refers to main.o(.data) for RTC_SleepTime
    main.o(i.Handle_RFSendflag) refers to protocol.o(i.SendtoStation_sx1280_frame) for SendtoStation_sx1280_frame
    main.o(i.Handle_RFSendflag) refers to sx1280.o(i.SX1280ProcessIrqs) for SX1280ProcessIrqs
    main.o(i.Handle_RFSendflag) refers to sx1280_app.o(i.Process_Appstate_0) for Process_Appstate_0
    main.o(i.Handle_RFSendflag) refers to protocol.o(i.Handle_receiveStation_sx1280_frame) for Handle_receiveStation_sx1280_frame
    main.o(i.Handle_RFSendflag) refers to hw.o(i.HAL_Delay) for HAL_Delay
    main.o(i.Handle_RFSendflag) refers to rng.o(i.Get_random) for Get_random
    main.o(i.Handle_RFSendflag) refers to flash.o(i.Write_flash_Parameter) for Write_flash_Parameter
    main.o(i.Handle_RFSendflag) refers to stm32l4xx_hal_rtc_ex.o(i.HAL_RTCEx_BKUPWrite) for HAL_RTCEx_BKUPWrite
    main.o(i.Handle_RFSendflag) refers to flash.o(i.Read_flash_Parameter) for Read_flash_Parameter
    main.o(i.Handle_RFSendflag) refers to sx1280_app.o(i.SX1280_Enter_LowPower) for SX1280_Enter_LowPower
    main.o(i.Handle_RFSendflag) refers to main.o(.data) for Send_BURST_Flag
    main.o(i.Handle_RFSendflag) refers to protocol.o(.constdata) for Frequency_list
    main.o(i.Handle_RFSendflag) refers to sx1280-hal.o(.constdata) for Radio
    main.o(i.Handle_RFSendflag) refers to sx1280.o(.data) for AppState
    main.o(i.Handle_RFSendflag) refers to sx1280_app.o(.data) for TxIrqMask
    main.o(i.Handle_RFSendflag) refers to main.o(.bss) for Buffer
    main.o(i.Handle_RFSendflag) refers to protocol.o(.data) for Offset_Delay
    main.o(i.Handle_RFSendflag) refers to rtc.o(.bss) for RTCHandle
    main.o(i.STS31_GetData) refers to stm32l4xx_hal_i2c.o(i.HAL_I2C_Master_Transmit) for HAL_I2C_Master_Transmit
    main.o(i.STS31_GetData) refers to stm32l4xx_hal_i2c.o(i.HAL_I2C_Master_Receive) for HAL_I2C_Master_Receive
    main.o(i.STS31_GetData) refers to f2d.o(.text) for __aeabi_f2d
    main.o(i.STS31_GetData) refers to dmul.o(.text) for __aeabi_dmul
    main.o(i.STS31_GetData) refers to ddiv.o(.text) for __aeabi_ddiv
    main.o(i.STS31_GetData) refers to dadd.o(.text) for __aeabi_dsub
    main.o(i.STS31_GetData) refers to d2f.o(.text) for __aeabi_d2f
    main.o(i.STS31_GetData) refers to stm32l4xx_hal_rtc_ex.o(i.HAL_RTCEx_BKUPRead) for HAL_RTCEx_BKUPRead
    main.o(i.STS31_GetData) refers to stm32l4xx_hal_rtc_ex.o(i.HAL_RTCEx_BKUPWrite) for HAL_RTCEx_BKUPWrite
[...]
    i.UART_EndTransmit_IT                    0x080074c8   Section        0  stm32l4xx_hal_uart.o(i.UART_EndTransmit_IT)
    UART_EndTransmit_IT                      0x080074c9   Thumb Code    34  stm32l4xx_hal_uart.o(i.UART_EndTransmit_IT)
    i.UART_RxISR_16BIT                       0x080074ea   Section        0  stm32l4xx_hal_uart.o(i.UART_RxISR_16BIT)
    UART_RxISR_16BIT                         0x080074eb   Thumb Code   108  stm32l4xx_hal_uart.o(i.UART_RxISR_16BIT)
    i.UART_RxISR_8BIT                        0x08007556   Section        0  stm32l4xx_hal_uart.o(i.UART_RxISR_8BIT)
    UART_RxISR_8BIT                          0x08007557   Thumb Code   102  stm32l4xx_hal_uart.o(i.UART_RxISR_8BIT)
    i.USART1_IRQHandler                      0x080075bc   Section        0  usart.o(i.USART1_IRQHandler)
    i.UsageFault_Handler                     0x080075fc   Section        0  stm32l4xx_it.o(i.UsageFault_Handler)
    i.Write_flash_Parameter                  0x08007600   Section        0  flash.o(i.Write_flash_Parameter)
    i._Error_Handler                         0x080076e4   Section        0  usart.o(i._Error_Handler)
    i.__ARM_fpclassify                       0x080076e8   Section        0  fpclassify.o(i.__ARM_fpclassify)
    i.__NVIC_GetPriorityGrouping             0x08007718   Section        0  stm32l4xx_hal_cortex.o(i.__NVIC_GetPriorityGrouping)
    __NVIC_GetPriorityGrouping               0x08007719   Thumb Code    10  stm32l4xx_hal_cortex.o(i.__NVIC_GetPriorityGrouping)
    i.__NVIC_SetPriority                     0x08007728   Section        0  stm32l4xx_hal_cortex.o(i.__NVIC_SetPriority)
    __NVIC_SetPriority                       0x08007729   Thumb Code    32  stm32l4xx_hal_cortex.o(i.__NVIC_SetPriority)
    i.__hardfp_pow                           0x08007750   Section        0  pow.o(i.__hardfp_pow)
    i.__kernel_poly                          0x080083d0   Section        0  poly.o(i.__kernel_poly)
    i.__mathlib_dbl_divzero                  0x080084c8   Section        0  dunder.o(i.__mathlib_dbl_divzero)
    i.__mathlib_dbl_infnan2                  0x080084f8   Section        0  dunder.o(i.__mathlib_dbl_infnan2)
    i.__mathlib_dbl_invalid                  0x08008510   Section        0  dunder.o(i.__mathlib_dbl_invalid)
    i.__mathlib_dbl_overflow                 0x08008530   Section        0  dunder.o(i.__mathlib_dbl_overflow)
    i.__mathlib_dbl_underflow                0x08008550   Section        0  dunder.o(i.__mathlib_dbl_underflow)
    i.__scatterload_copy                     0x08008570   Section       14  handlers.o(i.__scatterload_copy)
    i.__scatterload_null                     0x0800857e   Section        2  handlers.o(i.__scatterload_null)
    i.__scatterload_zeroinit                 0x08008580   Section       14  handlers.o(i.__scatterload_zeroinit)
    i.__set_errno                            0x08008590   Section        0  errno.o(i.__set_errno)
    i.fabs                                   0x0800859c   Section        0  fabs.o(i.fabs)
    i.main                                   0x080085b4   Section        0  main.o(i.main)
    i.sqrt                                   0x0800864c   Section        0  sqrt.o(i.sqrt)
    .constdata                               0x080086bc   Section       72  system_stm32l4xx.o(.constdata)
    .constdata                               0x08008704   Section        4  sx1280.o(.constdata)
    .constdata                               0x08008708   Section      260  sx1280-hal.o(.constdata)
    .constdata                               0x0800880c   Section      632  protocol.o(.constdata)
    auchCRCHi                                0x08008884   Data         256  protocol.o(.constdata)
    auchCRCLo                                0x08008984   Data         256  protocol.o(.constdata)
    .constdata                               0x08008a88   Section      136  pow.o(.constdata)
    bp                                       0x08008a88   Data          16  pow.o(.constdata)
    dp_h                                     0x08008a98   Data          16  pow.o(.constdata)
    dp_l                                     0x08008aa8   Data          16  pow.o(.constdata)
    L                                        0x08008ab8   Data          48  pow.o(.constdata)
    P                                        0x08008ae8   Data          40  pow.o(.constdata)
    .constdata                               0x08008b10   Section        8  qnan.o(.constdata)
    .data                                    0x20000000   Section       72  main.o(.data)
    .data                                    0x20000048   Section        4  stm32l4xx_hal.o(.data)
    .data                                    0x2000004c   Section       32  stm32l4xx_hal_flash.o(.data)
    .data                                    0x2000006c   Section        4  system_stm32l4xx.o(.data)
    .data                                    0x20000070   Section        7  usart.o(.data)
    .data                                    0x20000078   Section       14  adc.o(.data)
    .data                                    0x20000088   Section       20  sx1280.o(.data)
    OperatingMode                            0x20000089   Data           1  sx1280.o(.data)
    PacketType                               0x2000008a   Data           1  sx1280.o(.data)
    LoRaBandwidth                            0x2000008b   Data           1  sx1280.o(.data)
    PollingMode                              0x2000008c   Data           1  sx1280.o(.data)
    RadioCallbacks                           0x20000098   Data           4  sx1280.o(.data)
    .data                                    0x2000009c   Section       29  protocol.o(.data)
    .data                                    0x200000bc   Section       84  sx1280_app.o(.data)
    RadioCallbacks                           0x200000e8   Data           4  sx1280_app.o(.data)
    .data                                    0x20000110   Section        4  errno.o(.data)
    _errno                                   0x20000110   Data           4  errno.o(.data)
    .bss                                     0x20000114   Section       64  main.o(.bss)
    .bss                                     0x20000154   Section      144  stm32l4xx_hal_msp.o(.bss)
    hdma_tx                                  0x20000154   Data          72  stm32l4xx_hal_msp.o(.bss)
    hdma_rx                                  0x2000019c   Data          72  stm32l4xx_hal_msp.o(.bss)
    .bss                                     0x200001e4   Section       76  i2c.o(.bss)
    .bss                                     0x20000230   Section       64  hw-gpio.o(.bss)
    GpioIrq                                  0x20000230   Data          64  hw-gpio.o(.bss)
    .bss                                     0x20000270   Section      100  hw-spi.o(.bss)
    .bss                                     0x200002d4   Section      620  usart.o(.bss)
    .bss                                     0x20000540   Section      104  adc.o(.bss)
    .bss                                     0x200005a8   Section       36  rtc.o(.bss)
    .bss                                     0x200005cc   Section       16  rng.o(.bss)
    .bss                                     0x200005dc   Section       16  iwdg.o(.bss)
    .bss                                     0x200005ec   Section     8190  sx1280-hal.o(.bss)
    halTxBuffer                              0x200005ec   Data        4095  sx1280-hal.o(.bss)
    halRxBuffer                              0x200015eb   Data        4095  sx1280-hal.o(.bss)
    .bss                                     0x200025ea   Section       60  sx1280_app.o(.bss)
    STACK                                    0x20002628   Section     1024  startup_stm32l431xx.o(STACK)

    Global Symbols

    Symbol Name                              Value     Ov Type        Size  Object(Section)

    BuildAttributes$$THM_ISAv4$E$P$D$K$B$S$7EM$VFPi3$EXTD16$VFPS$VFMA$PE$A:L22UL41UL21$X:L11$S22US41US21$IEEE1$IW$USESV6$~STKCKD$USESV7$~SHL$OTIME$ROPI$IEEEX$EBA8$MICROLIB$REQ8$PRES8$EABIv2 0x00000000   Number         0  anon$$obj.o ABSOLUTE
    __ARM_use_no_argv                        0x00000000   Number         0  main.o ABSOLUTE
    __cpp_initialize__aeabi_                  - Undefined Weak Reference
    __cxa_finalize                            - Undefined Weak Reference
    __decompress                              - Undefined Weak Reference
    _clock_init                               - Undefined Weak Reference
    _microlib_exit                            - Undefined Weak Reference
    _scanf_longlong                           - Undefined Weak Reference
    _scanf_real                               - Undefined Weak Reference
    _scanf_string                             - Undefined Weak Reference
    __Vectors_Size                           0x0000018c   Number         0  startup_stm32l431xx.o ABSOLUTE
    __Vectors                                0x08000000   Data           4  startup_stm32l431xx.o(RESET)
    __Vectors_End                            0x0800018c   Data           0  startup_stm32l431xx.o(RESET)
    __main                                   0x0800018d   Thumb Code     0  entry.o(.ARM.Collect$$$$00000000)
    _main_stk                                0x0800018d   Thumb Code     0  entry2.o(.ARM.Collect$$$$00000001)
    _main_scatterload                        0x08000191   Thumb Code     0  entry5.o(.ARM.Collect$$$$00000004)
    __main_after_scatterload                 0x08000195   Thumb Code     0  entry5.o(.ARM.Collect$$$$00000004)
    _main_clock                              0x08000195   Thumb Code     0  entry7b.o(.ARM.Collect$$$$00000008)
    _main_cpp_init                           0x08000195   Thumb Code     0  entry8b.o(.ARM.Collect$$$$0000000A)
    _main_init                               0x08000195   Thumb Code     0  entry9a.o(.ARM.Collect$$$$0000000B)
    __rt_final_cpp                           0x0800019d   Thumb Code     0  entry10a.o(.ARM.Collect$$$$0000000D)
    __rt_final_exit                          0x0800019d   Thumb Code     0  entry11a.o(.ARM.Collect$$$$0000000F)
    Reset_Handler                            0x080001a1   Thumb Code     8  startup_stm32l431xx.o(.text)
    ADC1_IRQHandler                          0x080001bb   Thumb Code     0  startup_stm32l431xx.o(.text)
    CAN1_RX0_IRQHandler                      0x080001bb   Thumb Code     0  startup_stm32l431xx.o(.text)
    CAN1_RX1_IRQHandler                      0x080001bb   Thumb Code     0  startup_stm32l431xx.o(.text)
    CAN1_SCE_IRQHandler                      0x080001bb   Thumb Code     0  startup_stm32l431xx.o(.text)
    CAN1_TX_IRQHandler                       0x080001bb   Thumb Code     0  startup_stm32l431xx.o(.text)
    COMP_IRQHandler                          0x080001bb   Thumb Code     0  startup_stm32l431xx.o(.text)
    CRS_IRQHandler                           0x080001bb   Thumb Code     0  startup_stm32l431xx.o(.text)
    DMA1_Channel1_IRQHandler                 0x080001bb   Thumb Code     0  startup_stm32l431xx.o(.text)
    DMA1_Channel2_IRQHandler                 0x080001bb   Thumb Code     0  startup_stm32l431xx.o(.text)
    DMA1_Channel3_IRQHandler                 0x080001bb   Thumb Code     0  startup_stm32l431xx.o(.text)
    DMA1_Channel4_IRQHandler                 0x080001bb   Thumb Code     0  startup_stm32l431xx.o(.text)
    DMA1_Channel5_IRQHandler                 0x080001bb   Thumb Code     0  startup_stm32l431xx.o(.text)
    DMA1_Channel6_IRQHandler                 0x080001bb   Thumb Code     0  startup_stm32l431xx.o(.text)
    DMA1_Channel7_IRQHandler                 0x080001bb   Thumb Code     0  startup_stm32l431xx.o(.text)
    DMA2_Channel1_IRQHandler                 0x080001bb   Thumb Code     0  startup_stm32l431xx.o(.text)
    DMA2_Channel2_IRQHandler                 0x080001bb   Thumb Code     0  startup_stm32l431xx.o(.text)
    DMA2_Channel3_IRQHandler                 0x080001bb   Thumb Code     0  startup_stm32l431xx.o(.text)
    DMA2_Channel4_IRQHandler                 0x080001bb   Thumb Code     0  startup_stm32l431xx.o(.text)
    DMA2_Channel5_IRQHandler                 0x080001bb   Thumb Code     0  startup_stm32l431xx.o(.text)
    DMA2_Channel6_IRQHandler                 0x080001bb   Thumb Code     0  startup_stm32l431xx.o(.text)
    DMA2_Channel7_IRQHandler                 0x080001bb   Thumb Code     0  startup_stm32l431xx.o(.text)
    EXTI15_10_IRQHandler                     0x080001bb   Thumb Code     0  startup_stm32l431xx.o(.text)
    EXTI1_IRQHandler                         0x080001bb   Thumb Code     0  startup_stm32l431xx.o(.text)
    EXTI2_IRQHandler                         0x080001bb   Thumb Code     0  startup_stm32l431xx.o(.text)
    EXTI3_IRQHandler                         0x080001bb   Thumb Code     0  startup_stm32l431xx.o(.text)
    EXTI4_IRQHandler                         0x080001bb   Thumb Code     0  startup_stm32l431xx.o(.text)
    EXTI9_5_IRQHandler                       0x080001bb   Thumb Code     0  startup_stm32l431xx.o(.text)
    FLASH_IRQHandler                         0x080001bb   Thumb Code     0  startup_stm32l431xx.o(.text)
    FPU_IRQHandler                           0x080001bb   Thumb Code     0  startup_stm32l431xx.o(.text)
    I2C1_ER_IRQHandler                       0x080001bb   Thumb Code     0  startup_stm32l431xx.o(.text)
    I2C1_EV_IRQHandler                       0x080001bb   Thumb Code     0  startup_stm32l431xx.o(.text)
    I2C2_ER_IRQHandler                       0x080001bb   Thumb Code     0  startup_stm32l431xx.o(.text)
    I2C2_EV_IRQHandler                       0x080001bb   Thumb Code     0  startup_stm32l431xx.o(.text)
    I2C3_ER_IRQHandler                       0x080001bb   Thumb Code     0  startup_stm32l431xx.o(.text)
    I2C3_EV_IRQHandler                       0x080001bb   Thumb Code     0  startup_stm32l431xx.o(.text)
    LPTIM1_IRQHandler                        0x080001bb   Thumb Code     0  startup_stm32l431xx.o(.text)
    LPTIM2_IRQHandler                        0x080001bb   Thumb Code     0  startup_stm32l431xx.o(.text)
    LPUART1_IRQHandler                       0x080001bb   Thumb Code     0  startup_stm32l431xx.o(.text)
    PVD_PVM_IRQHandler                       0x080001bb   Thumb Code     0  startup_stm32l431xx.o(.text)
    QUADSPI_IRQHandler                       0x080001bb   Thumb Code     0  startup_stm32l431xx.o(.text)
    RCC_IRQHandler                           0x080001bb   Thumb Code     0  startup_stm32l431xx.o(.text)
    RNG_IRQHandler                           0x080001bb   Thumb Code     0  startup_stm32l431xx.o(.text)
    RTC_Alarm_IRQHandler                     0x080001bb   Thumb Code     0  startup_stm32l431xx.o(.text)
    SAI1_IRQHandler                          0x080001bb   Thumb Code     0  startup_stm32l431xx.o(.text)
    SDMMC1_IRQHandler                        0x080001bb   Thumb Code     0  startup_stm32l431xx.o(.text)
    SPI1_IRQHandler                          0x080001bb   Thumb Code     0  startup_stm32l431xx.o(.text)
    SPI2_IRQHandler                          0x080001bb   Thumb Code     0  startup_stm32l431xx.o(.text)
    SPI3_IRQHandler                          0x080001bb   Thumb Code     0  startup_stm32l431xx.o(.text)
    SWPMI1_IRQHandler                        0x080001bb   Thumb Code     0  startup_stm32l431xx.o(.text)
    TAMP_STAMP_IRQHandler                    0x080001bb   Thumb Code     0  startup_stm32l431xx.o(.text)
    TIM1_BRK_TIM15_IRQHandler                0x080001bb   Thumb Code     0  startup_stm32l431xx.o(.text)
    TIM1_CC_IRQHandler                       0x080001bb   Thumb Code     0  startup_stm32l431xx.o(.text)
    TIM1_TRG_COM_IRQHandler                  0x080001bb   Thumb Code     0  startup_stm32l431xx.o(.text)
    TIM1_UP_TIM16_IRQHandler                 0x080001bb   Thumb Code     0  startup_stm32l431xx.o(.text)
    TIM2_IRQHandler                          0x080001bb   Thumb Code     0  startup_stm32l431xx.o(.text)
    TIM6_DAC_IRQHandler                      0x080001bb   Thumb Code     0  startup_stm32l431xx.o(.text)
    TIM7_IRQHandler                          0x080001bb   Thumb Code     0  startup_stm32l431xx.o(.text)
    TSC_IRQHandler                           0x080001bb   Thumb Code     0  startup_stm32l431xx.o(.text)
    USART2_IRQHandler                        0x080001bb   Thumb Code     0  startup_stm32l431xx.o(.text)
    USART3_IRQHandler                        0x080001bb   Thumb Code     0  startup_stm32l431xx.o(.text)
    WWDG_IRQHandler                          0x080001bb   Thumb Code     0  startup_stm32l431xx.o(.text)
    __aeabi_memcpy                           0x080001c5   Thumb Code    36  memcpya.o(.text)
    __aeabi_memcpy4                          0x080001c5   Thumb Code     0  memcpya.o(.text)
    __aeabi_memcpy8                          0x080001c5   Thumb Code     0  memcpya.o(.text)
    __aeabi_memset                           0x080001e9   Thumb Code    14  memseta.o(.text)
    __aeabi_memset4                          0x080001e9   Thumb Code     0  memseta.o(.text)
    __aeabi_memset8                          0x080001e9   Thumb Code     0  memseta.o(.text)
    __aeabi_memclr                           0x080001f7   Thumb Code     4  memseta.o(.text)
    __aeabi_memclr4                          0x080001f7   Thumb Code     0  memseta.o(.text)
    __aeabi_memclr8                          0x080001f7   Thumb Code     0  memseta.o(.text)
    _memset$wrapper                          0x080001fb   Thumb Code    18  memseta.o(.text)
    __aeabi_dadd                             0x0800020d   Thumb Code   322  dadd.o(.text)
    __aeabi_dsub                             0x0800034f   Thumb Code     6  dadd.o(.text)
    __aeabi_drsub                            0x08000355   Thumb Code     6  dadd.o(.text)
    __aeabi_dmul                             0x0800036b   Thumb Code   228  dmul.o(.text)
    __aeabi_ddiv                             0x08000455   Thumb Code   222  ddiv.o(.text)
    __aeabi_i2d                              0x08000533   Thumb Code    34  dflti.o(.text)
    __aeabi_ui2d                             0x08000555   Thumb Code    26  dfltui.o(.text)
    __aeabi_d2uiz                            0x0800056f   Thumb Code    50  dfixui.o(.text)
    __aeabi_f2d                              0x080005a1   Thumb Code    38  f2d.o(.text)
    __aeabi_d2f                              0x080005c7   Thumb Code    56  d2f.o(.text)
    __aeabi_llsl                             0x080005ff   Thumb Code    30  llshl.o(.text)
    _ll_shift_l                              0x080005ff   Thumb Code     0  llshl.o(.text)
    __aeabi_llsr                             0x0800061d   Thumb Code    32  llushr.o(.text)
    _ll_ushift_r                             0x0800061d   Thumb Code     0  llushr.o(.text)
    __aeabi_lasr                             0x0800063d   Thumb Code    36  llsshr.o(.text)
    _ll_sshift_r                             0x0800063d   Thumb Code     0  llsshr.o(.text)
    __I$use$fp                               0x08000661   Thumb Code     0  iusefp.o(.text)
    _float_round                             0x08000661   Thumb Code    18  fepilogue.o(.text)
    _float_epilogue                          0x08000673   Thumb Code    92  fepilogue.o(.text)
    _double_round                            0x080006cf   Thumb Code    30  depilogue.o(.text)
    _double_epilogue                         0x080006ed   Thumb Code   156  depilogue.o(.text)
    __ARM_scalbn                             0x08000789   Thumb Code    46  dscalb.o(.text)
    scalbn                                   0x08000789   Thumb Code     0  dscalb.o(.text)
    __aeabi_cdrcmple                         0x080007b9   Thumb Code    48  cdrcmple.o(.text)
    __scatterload                            0x080007e9   Thumb Code    28  init.o(.text)
    __scatterload_rt2                        0x080007e9   Thumb Code     0  init.o(.text)
    _dsqrt                                   0x0800080d   Thumb Code   162  dsqrt.o(.text)
    ADC1toChanel_8                           0x080008b1   Thumb Code    46  adc.o(i.ADC1toChanel_8)
    ADC_Disable                              0x080008e9   Thumb Code   152  stm32l4xx_hal_adc.o(i.ADC_Disable)
    ADC_Enable                               0x08000985   Thumb Code   188  stm32l4xx_hal_adc.o(i.ADC_Enable)
    Battery_Voltage_Measure                  0x08000a4d   Thumb Code   226  adc.o(i.Battery_Voltage_Measure)
    BusFault_Handler                         0x08000b65   Thumb Code     4  stm32l4xx_it.o(i.BusFault_Handler)
    DebugMon_Handler                         0x08000b69   Thumb Code     2  stm32l4xx_it.o(i.DebugMon_Handler)
    EXTI0_IRQHandler                         0x08000b6b   Thumb Code    10  stm32l4xx_it.o(i.EXTI0_IRQHandler)
    Enter_ShutDown_Mode                      0x08000b75   Thumb Code    98  main.o(i.Enter_ShutDown_Mode)
    Error_Handler                            0x08000bf9   Thumb Code    40  hw.o(i.Error_Handler)
    FLASH_FlushCaches                        0x08000c21   Thumb Code   100  stm32l4xx_hal_flash_ex.o(i.FLASH_FlushCaches)
    FLASH_PageErase                          0x08000cb1   Thumb Code    34  stm32l4xx_hal_flash_ex.o(i.FLASH_PageErase)
    FLASH_WaitForLastOperation               0x08000d21   Thumb Code   142  stm32l4xx_hal_flash.o(i.FLASH_WaitForLastOperation)
    Flash_If_DeInit                          0x08000dbd   Thumb Code    10  flash.o(i.Flash_If_DeInit)
    Flash_If_Erase                           0x08000dc9   Thumb Code    64  flash.o(i.Flash_If_Erase)
    Flash_If_Init                            0x08000e0d   Thumb Code    10  flash.o(i.Flash_If_Init)
    Flash_If_Read                            0x08000e17   Thumb Code    28  flash.o(i.Flash_If_Read)
    Flash_If_Write                           0x08000e35   Thumb Code    86  flash.o(i.Flash_If_Write)
    Get_random                               0x08000ee9   Thumb Code   224  rng.o(i.Get_random)
    GpioGetBitPos                            0x08000ff5   Thumb Code    52  hw-gpio.o(i.GpioGetBitPos)
    GpioInit                                 0x08001029   Thumb Code   246  hw-gpio.o(i.GpioInit)
    GpioLaunchIrqHandler                     0x0800112d   Thumb Code    30  hw-gpio.o(i.GpioLaunchIrqHandler)
    GpioRead                                 0x08001151   Thumb Code    16  hw-gpio.o(i.GpioRead)
    GpioSetIrq                               0x08001161   Thumb Code    56  hw-gpio.o(i.GpioSetIrq)
    GpioWrite                                0x0800119d   Thumb Code    20  hw-gpio.o(i.GpioWrite)
    HAL_ADCEx_Calibration_Start              0x080011b1   Thumb Code   172  stm32l4xx_hal_adc_ex.o(i.HAL_ADCEx_Calibration_Start)
    HAL_ADC_ConfigChannel                    0x0800125d   Thumb Code  1246  stm32l4xx_hal_adc.o(i.HAL_ADC_ConfigChannel)
    HAL_ADC_GetValue                         0x08001759   Thumb Code     8  stm32l4xx_hal_adc.o(i.HAL_ADC_GetValue)
    HAL_ADC_Init                             0x08001761   Thumb Code   474  stm32l4xx_hal_adc.o(i.HAL_ADC_Init)
    HAL_ADC_MspInit                          0x08001955   Thumb Code    68  stm32l4xx_hal_msp.o(i.HAL_ADC_MspInit)
    HAL_ADC_PollForConversion                0x080019a1   Thumb Code   198  stm32l4xx_hal_adc.o(i.HAL_ADC_PollForConversion)
    HAL_ADC_Start                            0x08001a67   Thumb Code   160  stm32l4xx_hal_adc.o(i.HAL_ADC_Start)
    HAL_DMA_Abort_IT                         0x08001b07   Thumb Code    92  stm32l4xx_hal_dma.o(i.HAL_DMA_Abort_IT)
    HAL_DMA_Init                             0x08001b65   Thumb Code   258  stm32l4xx_hal_dma.o(i.HAL_DMA_Init)
    HAL_Delay                                0x08001c71   Thumb Code    26  hw.o(i.HAL_Delay)
    HAL_FLASHEx_Erase                        0x08001c8d   Thumb Code   260  stm32l4xx_hal_flash_ex.o(i.HAL_FLASHEx_Erase)
    HAL_FLASH_Lock                           0x08001d99   Thumb Code    16  stm32l4xx_hal_flash.o(i.HAL_FLASH_Lock)
    HAL_FLASH_Program                        0x08001dad   Thumb Code   182  stm32l4xx_hal_flash.o(i.HAL_FLASH_Program)
    HAL_FLASH_Unlock                         0x08001e6d   Thumb Code    36  stm32l4xx_hal_flash.o(i.HAL_FLASH_Unlock)
    HAL_GPIO_EXTI_Callback                   0x08001e9d   Thumb Code    12  hw.o(i.HAL_GPIO_EXTI_Callback)
    HAL_GPIO_EXTI_IRQHandler                 0x08001ea9   Thumb Code    24  stm32l4xx_hal_gpio.o(i.HAL_GPIO_EXTI_IRQHandler)
    HAL_GPIO_Init                            0x08001ec5   Thumb Code   432  stm32l4xx_hal_gpio.o(i.HAL_GPIO_Init)
    HAL_GPIO_ReadPin                         0x08002091   Thumb Code    16  stm32l4xx_hal_gpio.o(i.HAL_GPIO_ReadPin)
    HAL_GPIO_WritePin                        0x080020a1   Thumb Code    10  stm32l4xx_hal_gpio.o(i.HAL_GPIO_WritePin)
    HAL_GetTick                              0x080020ad   Thumb Code     6  stm32l4xx_hal.o(i.HAL_GetTick)
    HAL_I2CEx_ConfigAnalogFilter             0x080020b9   Thumb Code   106  stm32l4xx_hal_i2c_ex.o(i.HAL_I2CEx_ConfigAnalogFilter)
    HAL_I2CEx_ConfigDigitalFilter            0x08002123   Thumb Code   104  stm32l4xx_hal_i2c_ex.o(i.HAL_I2CEx_ConfigDigitalFilter)
    HAL_I2C_Init                             0x0800218d   Thumb Code   198  stm32l4xx_hal_i2c.o(i.HAL_I2C_Init)
    HAL_I2C_Master_Receive                   0x08002259   Thumb Code   348  stm32l4xx_hal_i2c.o(i.HAL_I2C_Master_Receive)
    HAL_I2C_Master_Transmit                  0x080023bd   Thumb Code   342  stm32l4xx_hal_i2c.o(i.HAL_I2C_Master_Transmit)
    HAL_I2C_MspInit                          0x0800251d   Thumb Code   114  i2c.o(i.HAL_I2C_MspInit)
    HAL_IWDG_Init                            0x08002599   Thumb Code    98  stm32l4xx_hal_iwdg.o(i.HAL_IWDG_Init)
    HAL_IWDG_Refresh                         0x080025fb   Thumb Code    14  stm32l4xx_hal_iwdg.o(i.HAL_IWDG_Refresh)
    HAL_IncTick                              0x08002609   Thumb Code    12  stm32l4xx_hal.o(i.HAL_IncTick)
    HAL_Init                                 0x08002619   Thumb Code    22  stm32l4xx_hal.o(i.HAL_Init)
    HAL_InitTick                             0x08002631   Thumb Code    36  stm32l4xx_hal.o(i.HAL_InitTick)
    HAL_MspInit                              0x08002659   Thumb Code   140  stm32l4xx_hal_msp.o(i.HAL_MspInit)
    HAL_NVIC_EnableIRQ                       0x080026e9   Thumb Code    32  stm32l4xx_hal_cortex.o(i.HAL_NVIC_EnableIRQ)
    HAL_NVIC_SetPriority                     0x08002709   Thumb Code   124  stm32l4xx_hal_cortex.o(i.HAL_NVIC_SetPriority)
    HAL_NVIC_SetPriorityGrouping             0x0800278d   Thumb Code    32  stm32l4xx_hal_cortex.o(i.HAL_NVIC_SetPriorityGrouping)
    HAL_PWREx_ControlVoltageScaling          0x080027b5   Thumb Code   128  stm32l4xx_hal_pwr_ex.o(i.HAL_PWREx_ControlVoltageScaling)
    HAL_PWREx_EnterSHUTDOWNMode              0x08002841   Thumb Code    34  stm32l4xx_hal_pwr_ex.o(i.HAL_PWREx_EnterSHUTDOWNMode)
    HAL_PWREx_GetVoltageRange                0x0800286d   Thumb Code    10  stm32l4xx_hal_pwr_ex.o(i.HAL_PWREx_GetVoltageRange)
    HAL_PWR_EnableBkUpAccess                 0x0800287d   Thumb Code    14  stm32l4xx_hal_pwr.o(i.HAL_PWR_EnableBkUpAccess)
    HAL_RCCEx_EnableMSIPLLMode               0x08002891   Thumb Code    14  stm32l4xx_hal_rcc_ex.o(i.HAL_RCCEx_EnableMSIPLLMode)
    HAL_RCCEx_PeriphCLKConfig                0x080028a5   Thumb Code   896  stm32l4xx_hal_rcc_ex.o(i.HAL_RCCEx_PeriphCLKConfig)
    HAL_RCC_ClockConfig                      0x08002c2d   Thumb Code   348  stm32l4xx_hal_rcc.o(i.HAL_RCC_ClockConfig)
    HAL_RCC_GetHCLKFreq                      0x08002d99   Thumb Code     6  stm32l4xx_hal_rcc.o(i.HAL_RCC_GetHCLKFreq)
    HAL_RCC_GetSysClockFreq                  0x08002da5   Thumb Code   252  stm32l4xx_hal_rcc.o(i.HAL_RCC_GetSysClockFreq)
    HAL_RCC_OscConfig                        0x08002eb1   Thumb Code  1676  stm32l4xx_hal_rcc.o(i.HAL_RCC_OscConfig)
    HAL_RNG_DeInit                           0x08003549   Thumb Code    56  stm32l4xx_hal_rng.o(i.HAL_RNG_DeInit)
    HAL_RNG_GenerateRandomNumber             0x08003581   Thumb Code   118  stm32l4xx_hal_rng.o(i.HAL_RNG_GenerateRandomNumber)
    HAL_RNG_GetRandomNumber                  0x080035f7   Thumb Code    24  stm32l4xx_hal_rng.o(i.HAL_RNG_GetRandomNumber)
    HAL_RNG_Init                             0x0800360f   Thumb Code    52  stm32l4xx_hal_rng.o(i.HAL_RNG_Init)
    HAL_RNG_MspDeInit                        0x08003645   Thumb Code    24  stm32l4xx_hal_msp.o(i.HAL_RNG_MspDeInit)
    HAL_RNG_MspInit                          0x08003661   Thumb Code    56  stm32l4xx_hal_msp.o(i.HAL_RNG_MspInit)
    HAL_RTCEx_BKUPRead                       0x0800369d   Thumb Code    18  stm32l4xx_hal_rtc_ex.o(i.HAL_RTCEx_BKUPRead)
    HAL_RTCEx_BKUPWrite                      0x080036af   Thumb Code    18  stm32l4xx_hal_rtc_ex.o(i.HAL_RTCEx_BKUPWrite)
    HAL_RTCEx_DeactivateWakeUpTimer          0x080036c1   Thumb Code   166  stm32l4xx_hal_rtc_ex.o(i.HAL_RTCEx_DeactivateWakeUpTimer)
    HAL_RTCEx_SetWakeUpTimer_IT              0x08003769   Thumb Code   328  stm32l4xx_hal_rtc_ex.o(i.HAL_RTCEx_SetWakeUpTimer_IT)
    HAL_RTCEx_WakeUpTimerEventCallback       0x080038b5   Thumb Code     2  stm32l4xx_hal_rtc_ex.o(i.HAL_RTCEx_WakeUpTimerEventCallback)
    HAL_RTCEx_WakeUpTimerIRQHandler          0x080038b9   Thumb Code    52  stm32l4xx_hal_rtc_ex.o(i.HAL_RTCEx_WakeUpTimerIRQHandler)
    HAL_RTC_Init                             0x080038f1   Thumb Code   228  stm32l4xx_hal_rtc.o(i.HAL_RTC_Init)
    HAL_RTC_MspInit                          0x080039d9   Thumb Code    88  stm32l4xx_hal_msp.o(i.HAL_RTC_MspInit)
    HAL_RTC_WaitForSynchro                   0x08003a35   Thumb Code    58  stm32l4xx_hal_rtc.o(i.HAL_RTC_WaitForSynchro)
    HAL_SPIEx_FlushRxFifo                    0x08003a6f   Thumb Code    44  stm32l4xx_hal_spi_ex.o(i.HAL_SPIEx_FlushRxFifo)
    HAL_SPI_Init                             0x08003a9b   Thumb Code   192  stm32l4xx_hal_spi.o(i.HAL_SPI_Init)
    HAL_SPI_MspInit                          0x08003b5d   Thumb Code   298  stm32l4xx_hal_msp.o(i.HAL_SPI_MspInit)
    HAL_SPI_Transmit                         0x08003c9d   Thumb Code   440  stm32l4xx_hal_spi.o(i.HAL_SPI_Transmit)
    HAL_SPI_TransmitReceive                  0x08003e55   Thumb Code   644  stm32l4xx_hal_spi.o(i.HAL_SPI_TransmitReceive)
    HAL_SYSTICK_CLKSourceConfig              0x080040df   Thumb Code    40  stm32l4xx_hal_cortex.o(i.HAL_SYSTICK_CLKSourceConfig)
    HAL_SYSTICK_Callback                     0x08004109   Thumb Code    28  stm32l4xx_it.o(i.HAL_SYSTICK_Callback)
    HAL_SYSTICK_Config                       0x0800412d   Thumb Code    52  stm32l4xx_hal_cortex.o(i.HAL_SYSTICK_Config)
    HAL_SYSTICK_IRQHandler                   0x08004161   Thumb Code     8  stm32l4xx_hal_cortex.o(i.HAL_SYSTICK_IRQHandler)
    HAL_UARTEx_WakeupCallback                0x08004169   Thumb Code     2  stm32l4xx_hal_uart_ex.o(i.HAL_UARTEx_WakeupCallback)
    HAL_UART_ErrorCallback                   0x0800416b   Thumb Code     2  stm32l4xx_hal_uart.o(i.HAL_UART_ErrorCallback)
    HAL_UART_GetState                        0x0800416d   Thumb Code    20  stm32l4xx_hal_uart.o(i.HAL_UART_GetState)
    HAL_UART_IRQHandler                      0x08004181   Thumb Code   392  stm32l4xx_hal_uart.o(i.HAL_UART_IRQHandler)
    HAL_UART_Receive_IT                      0x0800430d   Thumb Code   214  stm32l4xx_hal_uart.o(i.HAL_UART_Receive_IT)
    HAL_UART_RxCpltCallback                  0x080043ed   Thumb Code   120  usart.o(i.HAL_UART_RxCpltCallback)
    HAL_UART_TxCpltCallback                  0x08004475   Thumb Code     2  stm32l4xx_hal_uart.o(i.HAL_UART_TxCpltCallback)
    Handle_RFSendflag                        0x08004479   Thumb Code   450  main.o(i.Handle_RFSendflag)
    Handle_WakeUpSource                      0x0800467d   Thumb Code   232  rtc.o(i.Handle_WakeUpSource)
    Handle_receiveStation_sx1280_frame       0x08004785   Thumb Code  1800  protocol.o(i.Handle_receiveStation_sx1280_frame)
    HardFault_Handler                        0x08004ebb   Thumb Code     4  stm32l4xx_it.o(i.HardFault_Handler)
    HwInit                                   0x08004ebf   Thumb Code    24  hw.o(i.HwInit)
    MSP_GetIRQn                              0x08005241   Thumb Code   144  stm32l4xx_hal_msp.o(i.MSP_GetIRQn)
    MX_ADC1_Init                             0x080052d1   Thumb Code   110  adc.o(i.MX_ADC1_Init)
    MX_I2C1_Init                             0x0800534d   Thumb Code    86  i2c.o(i.MX_I2C1_Init)
    MX_IWDG_Init                             0x080053c5   Thumb Code    38  iwdg.o(i.MX_IWDG_Init)
    MemManage_Handler                        0x080053f5   Thumb Code     4  stm32l4xx_it.o(i.MemManage_Handler)
    NMI_Handler                              0x080053f9   Thumb Code     2  stm32l4xx_it.o(i.NMI_Handler)
    OnRxDone                                 0x080053fd   Thumb Code     8  sx1280_app.o(i.OnRxDone)
    OnRxError                                0x08005409   Thumb Code     8  sx1280_app.o(i.OnRxError)
    OnRxTimeout                              0x08005415   Thumb Code     8  sx1280_app.o(i.OnRxTimeout)
    OnTxDone                                 0x08005421   Thumb Code     8  sx1280_app.o(i.OnTxDone)
    OnTxTimeout                              0x0800542d   Thumb Code     8  sx1280_app.o(i.OnTxTimeout)
    PendSV_Handler                           0x08005439   Thumb Code     2  stm32l4xx_it.o(i.PendSV_Handler)
    Process_Appstate_0                       0x0800543d   Thumb Code   234  sx1280_app.o(i.Process_Appstate_0)
    RTC_Config                               0x0800576d   Thumb Code    42  rtc.o(i.RTC_Config)
    RTC_EnterInitMode                        0x080057a1   Thumb Code    62  stm32l4xx_hal_rtc.o(i.RTC_EnterInitMode)
    RTC_WKUP_IRQHandler                      0x080057e1   Thumb Code    10  stm32l4xx_it.o(i.RTC_WKUP_IRQHandler)
    RTU_CRC                                  0x080057f1   Thumb Code    48  protocol.o(i.RTU_CRC)
    Read_flash_Parameter                     0x08005829   Thumb Code   254  flash.o(i.Read_flash_Parameter)
    STS31_GetData                            0x08005b0d   Thumb Code   326  main.o(i.STS31_GetData)
    SVC_Handler                              0x08005c9d   Thumb Code     2  stm32l4xx_it.o(i.SVC_Handler)
    SX1280Calibrate                          0x08005c9f   Thumb Code    86  sx1280.o(i.SX1280Calibrate)
    SX1280ClearIrqStatus                     0x08005cf5   Thumb Code    28  sx1280.o(i.SX1280ClearIrqStatus)
    SX1280GetFirmwareVersion                 0x08005d11   Thumb Code    26  sx1280.o(i.SX1280GetFirmwareVersion)
    SX1280GetFrequencyError                  0x08005d2d   Thumb Code   248  sx1280.o(i.SX1280GetFrequencyError)
    SX1280GetIrqStatus                       0x08005e51   Thumb Code    26  sx1280.o(i.SX1280GetIrqStatus)
    SX1280GetLoRaBandwidth                   0x08005e6d   Thumb Code    46  sx1280.o(i.SX1280GetLoRaBandwidth)
    SX1280GetOpMode                          0x08005eb1   Thumb Code     6  sx1280.o(i.SX1280GetOpMode)
    SX1280GetPacketStatus                    0x08005ebd   Thumb Code   776  sx1280.o(i.SX1280GetPacketStatus)
    SX1280GetPacketType                      0x080061c5   Thumb Code     6  sx1280.o(i.SX1280GetPacketType)
    SX1280GetPayload                         0x080061d1   Thumb Code    42  sx1280.o(i.SX1280GetPayload)
    SX1280GetRangingResult                   0x080061fd   Thumb Code   292  sx1280.o(i.SX1280GetRangingResult)
    SX1280GetRssiInst                        0x08006341   Thumb Code    32  sx1280.o(i.SX1280GetRssiInst)
    SX1280GetRxBufferStatus                  0x08006361   Thumb Code    84  sx1280.o(i.SX1280GetRxBufferStatus)
    SX1280GetStatus                          0x080063b5   Thumb Code    30  sx1280.o(i.SX1280GetStatus)
    SX1280HalGetDioStatus                    0x080063d3   Thumb Code    34  sx1280-hal.o(i.SX1280HalGetDioStatus)
    SX1280HalInit                            0x080063f5   Thumb Code    12  sx1280-hal.o(i.SX1280HalInit)
    SX1280HalIoIrqInit                       0x08006401   Thumb Code    20  sx1280-hal.o(i.SX1280HalIoIrqInit)
    SX1280HalReadBuffer                      0x08006415   Thumb Code   104  sx1280-hal.o(i.SX1280HalReadBuffer)
    SX1280HalReadCommand                     0x08006485   Thumb Code   102  sx1280-hal.o(i.SX1280HalReadCommand)
    SX1280HalReadRegister                    0x080064f5   Thumb Code    20  sx1280-hal.o(i.SX1280HalReadRegister)
    SX1280HalReadRegisters                   0x08006509   Thumb Code   108  sx1280-hal.o(i.SX1280HalReadRegisters)
    SX1280HalReset                           0x0800657d   Thumb Code    42  sx1280-hal.o(i.SX1280HalReset)
    SX1280HalWaitOnBusy                      0x080065a7   Thumb Code    22  sx1280-hal.o(i.SX1280HalWaitOnBusy)
    SX1280HalWriteBuffer                     0x080065bd   Thumb Code    78  sx1280-hal.o(i.SX1280HalWriteBuffer)
    SX1280HalWriteCommand                    0x08006611   Thumb Code    76  sx1280-hal.o(i.SX1280HalWriteCommand)
    SX1280HalWriteRegister                   0x08006661   Thumb Code    16  sx1280-hal.o(i.SX1280HalWriteRegister)
    SX1280HalWriteRegisters                  0x08006671   Thumb Code    82  sx1280-hal.o(i.SX1280HalWriteRegisters)
    SX1280Init                               0x080066c9   Thumb Code    16  sx1280.o(i.SX1280Init)
    SX1280OnDioIrq                           0x080066e1   Thumb Code     8  sx1280.o(i.SX1280OnDioIrq)
    SX1280ProcessIrqs                        0x080066ed   Thumb Code   164  sx1280.o(i.SX1280ProcessIrqs)
    SX1280RangingClearFilterResult           0x08006799   Thumb Code    38  sx1280.o(i.SX1280RangingClearFilterResult)
    SX1280RangingSetFilterNumSamples         0x080067bf   Thumb Code    26  sx1280.o(i.SX1280RangingSetFilterNumSamples)
    SX1280SendPayload                        0x080067d9   Thumb Code    22  sx1280.o(i.SX1280SendPayload)
    SX1280SetAutoFS                          0x080067ef   Thumb Code    14  sx1280.o(i.SX1280SetAutoFS)
    SX1280SetAutoTx                          0x080067fd   Thumb Code    34  sx1280.o(i.SX1280SetAutoTx)
    SX1280SetBleAccessAddress                0x0800681f   Thumb Code    50  sx1280.o(i.SX1280SetBleAccessAddress)
    SX1280SetBleAdvertizerAccessAddress      0x08006851   Thumb Code    10  sx1280.o(i.SX1280SetBleAdvertizerAccessAddress)
    SX1280SetBufferBaseAddresses             0x08006861   Thumb Code    26  sx1280.o(i.SX1280SetBufferBaseAddresses)
    SX1280SetCad                             0x0800687d   Thumb Code    20  sx1280.o(i.SX1280SetCad)
    SX1280SetCadParams                       0x08006895   Thumb Code    20  sx1280.o(i.SX1280SetCadParams)
    SX1280SetCrcPolynomial                   0x080068ad   Thumb Code    50  sx1280.o(i.SX1280SetCrcPolynomial)
    SX1280SetCrcSeed                         0x080068df   Thumb Code    50  sx1280.o(i.SX1280SetCrcSeed)
    SX1280SetDeviceRangingAddress            0x08006911   Thumb Code    56  sx1280.o(i.SX1280SetDeviceRangingAddress)
    SX1280SetDioIrqParams                    0x08006949   Thumb Code    74  sx1280.o(i.SX1280SetDioIrqParams)
    SX1280SetFs                              0x08006995   Thumb Code    20  sx1280.o(i.SX1280SetFs)
    SX1280SetInterruptMode                   0x080069ad   Thumb Code     8  sx1280.o(i.SX1280SetInterruptMode)
    SX1280SetLongPreamble                    0x080069b9   Thumb Code    14  sx1280.o(i.SX1280SetLongPreamble)
    SX1280SetModulationParams                0x080069c9   Thumb Code   168  sx1280.o(i.SX1280SetModulationParams)
    SX1280SetPacketParams                    0x08006a79   Thumb Code   268  sx1280.o(i.SX1280SetPacketParams)
    SX1280SetPacketType                      0x08006b89   Thumb Code    22  sx1280.o(i.SX1280SetPacketType)
    SX1280SetPayload                         0x08006ba5   Thumb Code    18  sx1280.o(i.SX1280SetPayload)
    SX1280SetPollingMode                     0x08006bb9   Thumb Code     8  sx1280.o(i.SX1280SetPollingMode)
    SX1280SetRangingCalibration              0x08006bc5   Thumb Code    40  sx1280.o(i.SX1280SetRangingCalibration)
    SX1280SetRangingIdLength                 0x08006bed   Thumb Code    48  sx1280.o(i.SX1280SetRangingIdLength)
    SX1280SetRangingRequestAddress           0x08006c1d   Thumb Code    56  sx1280.o(i.SX1280SetRangingRequestAddress)
    SX1280SetRangingRole                     0x08006c55   Thumb Code    18  sx1280.o(i.SX1280SetRangingRole)
    SX1280SetRegistersDefault                0x08006c69   Thumb Code    34  sx1280.o(i.SX1280SetRegistersDefault)
    SX1280SetRegulatorMode                   0x08006c91   Thumb Code    14  sx1280.o(i.SX1280SetRegulatorMode)
    SX1280SetRfFrequency                     0x08006ca1   Thumb Code   116  sx1280.o(i.SX1280SetRfFrequency)
    SX1280SetRx                              0x08006d2d   Thumb Code    72  sx1280.o(i.SX1280SetRx)
    SX1280SetRxDutyCycle                     0x08006d79   Thumb Code    54  sx1280.o(i.SX1280SetRxDutyCycle)
    SX1280SetSaveContext                     0x08006db5   Thumb Code    14  sx1280.o(i.SX1280SetSaveContext)
    SX1280SetSleep                           0x08006dc5   Thumb Code    66  sx1280.o(i.SX1280SetSleep)
    SX1280SetStandby                         0x08006e0d   Thumb Code    34  sx1280.o(i.SX1280SetStandby)
    SX1280SetSyncWord                        0x08006e35   Thumb Code   152  sx1280.o(i.SX1280SetSyncWord)
    SX1280SetSyncWordErrorTolerance          0x08006ecd   Thumb Code    36  sx1280.o(i.SX1280SetSyncWordErrorTolerance)
    SX1280SetTx                              0x08006ef1   Thumb Code    72  sx1280.o(i.SX1280SetTx)
    SX1280SetTxContinuousPreamble            0x08006f3d   Thumb Code    14  sx1280.o(i.SX1280SetTxContinuousPreamble)
    SX1280SetTxContinuousWave                0x08006f4b   Thumb Code    14  sx1280.o(i.SX1280SetTxContinuousWave)
    SX1280SetTxParams                        0x08006f59   Thumb Code    32  sx1280.o(i.SX1280SetTxParams)
    SX1280SetWhiteningSeed                   0x08006f79   Thumb Code    42  sx1280.o(i.SX1280SetWhiteningSeed)
    SX1280_Enter_LowPower                    0x08006fa5   Thumb Code    72  sx1280_app.o(i.SX1280_Enter_LowPower)
    SX1280_Init                              0x08006ff1   Thumb Code   156  sx1280_app.o(i.SX1280_Init)
    SX1280_SendData                          0x08007095   Thumb Code    38  sx1280_app.o(i.SX1280_SendData)
    SendtoStation_sx1280_frame               0x080070e1   Thumb Code   512  protocol.o(i.SendtoStation_sx1280_frame)
    SpiIn                                    0x080072f1   Thumb Code    22  hw-spi.o(i.SpiIn)
    SpiInOut                                 0x0800730d   Thumb Code    34  hw-spi.o(i.SpiInOut)
    SpiInit                                  0x08007335   Thumb Code    70  hw-spi.o(i.SpiInit)
    SysTick_Handler                          0x08007385   Thumb Code    12  stm32l4xx_it.o(i.SysTick_Handler)
    SystemClock_Config_24M                   0x08007391   Thumb Code   170  hw.o(i.SystemClock_Config_24M)
    SystemInit                               0x0800743d   Thumb Code    68  system_stm32l4xx.o(i.SystemInit)
    USART1_IRQHandler                        0x080075bd   Thumb Code    56  usart.o(i.USART1_IRQHandler)
    UsageFault_Handler                       0x080075fd   Thumb Code     4  stm32l4xx_it.o(i.UsageFault_Handler)
    Write_flash_Parameter                    0x08007601   Thumb Code   198  flash.o(i.Write_flash_Parameter)
    _Error_Handler                           0x080076e5   Thumb Code     4  usart.o(i._Error_Handler)
    __ARM_fpclassify                         0x080076e9   Thumb Code    48  fpclassify.o(i.__ARM_fpclassify)
    __hardfp_pow                             0x08007751   Thumb Code  3072  pow.o(i.__hardfp_pow)
    __kernel_poly                            0x080083d1   Thumb Code   248  poly.o(i.__kernel_poly)
    __mathlib_dbl_divzero                    0x080084c9   Thumb Code    28  dunder.o(i.__mathlib_dbl_divzero)
    __mathlib_dbl_infnan2                    0x080084f9   Thumb Code    20  dunder.o(i.__mathlib_dbl_infnan2)
    __mathlib_dbl_invalid                    0x08008511   Thumb Code    24  dunder.o(i.__mathlib_dbl_invalid)
    __mathlib_dbl_overflow                   0x08008531   Thumb Code    24  dunder.o(i.__mathlib_dbl_overflow)
    __mathlib_dbl_underflow                  0x08008551   Thumb Code    24  dunder.o(i.__mathlib_dbl_underflow)
    __scatterload_copy                       0x08008571   Thumb Code    14  handlers.o(i.__scatterload_copy)
    __scatterload_null                       0x0800857f   Thumb Code     2  handlers.o(i.__scatterload_null)
    __scatterload_zeroinit                   0x08008581   Thumb Code    14  handlers.o(i.__scatterload_zeroinit)
    __set_errno                              0x08008591   Thumb Code     6  errno.o(i.__set_errno)
    fabs                                     0x0800859d   Thumb Code    24  fabs.o(i.fabs)
    main                                     0x080085b5   Thumb Code   114  main.o(i.main)
    sqrt                                     0x0800864d   Thumb Code   110  sqrt.o(i.sqrt)
    AHBPrescTable                            0x080086bc   Data          16  system_stm32l4xx.o(.constdata)
    APBPrescTable                            0x080086cc   Data           8  system_stm32l4xx.o(.constdata)
    MSIRangeTable                            0x080086d4   Data          48  system_stm32l4xx.o(.constdata)
    RadioRegsInit                            0x08008704   Data           4  sx1280.o(.constdata)
    Radio                                    0x08008708   Data         260  sx1280-hal.o(.constdata)
    Frequency_list                           0x0800880c   Data         120  protocol.o(.constdata)
    __mathlib_zero                           0x08008b10   Data           8  qnan.o(.constdata)
    Region$$Table$$Base                      0x08008b18   Number         0  anon$$obj.o(Region$$Table)
    Region$$Table$$Limit                     0x08008b38   Number         0  anon$$obj.o(Region$$Table)
    sensor_id                                0x20000000   Data           8  main.o(.data)
    WakeUpNumber                             0x20000008   Data           4  main.o(.data)
    Message_Cycle_Count_down                 0x2000000c   Data           4  main.o(.data)
    Flash_Sensor_ID                          0x20000010   Data           4  main.o(.data)
    MainRun_Time                             0x20000014   Data           4  main.o(.data)
    sx1280_receive_time                      0x20000018   Data           4  main.o(.data)
    RTC_SleepTime                            0x2000001c   Data           4  main.o(.data)
    Send_BURST_Count                         0x20000020   Data           1  main.o(.data)
    Send_BURST_Flag                          0x20000021   Data           1  main.o(.data)
    Burst_Status                             0x20000022   Data           1  main.o(.data)
    Send_Frame_Type                          0x20000023   Data           1  main.o(.data)
    sensor_id_buf                            0x20000024   Data           6  main.o(.data)
    otp_sensor_id_buf                        0x2000002a   Data           6  main.o(.data)
    packetStatus                             0x20000030   Data           6  main.o(.data)
    hi2c1_status                             0x20000036   Data           1  main.o(.data)
    Shift_time                               0x20000038   Data           4  main.o(.data)
    temperatrue                              0x2000003c   Data           4  main.o(.data)
    default_sensor_id                        0x20000040   Data           8  main.o(.data)
    uwTick                                   0x20000048   Data           4  stm32l4xx_hal.o(.data)
    pFlash                                   0x2000004c   Data          32  stm32l4xx_hal_flash.o(.data)
    SystemCoreClock                          0x2000006c   Data           4  system_stm32l4xx.o(.data)
    USART1_RX_STA                            0x20000070   Data           2  usart.o(.data)
    USART2_RX_STA                            0x20000072   Data           2  usart.o(.data)
    USART3_RX_STA                            0x20000074   Data           2  usart.o(.data)
    aRx1Buffer                               0x20000076   Data           1  usart.o(.data)
    uhADCxRefValue                           0x20000078   Data           2  adc.o(.data)
    uhADCxConvertedValue                     0x2000007a   Data           2  adc.o(.data)
    a                                        0x2000007c   Data           4  adc.o(.data)
    b                                        0x20000080   Data           2  adc.o(.data)
    elec_buf                                 0x20000082   Data           4  adc.o(.data)
    AppState                                 0x20000088   Data           1  sx1280.o(.data)
    DioIrq                                   0x20000090   Data           4  sx1280.o(.data)
    IrqState                                 0x20000094   Data           1  sx1280.o(.data)
    Message_cycle                            0x2000009c   Data           4  protocol.o(.data)
    Offset_Delay                             0x200000a0   Data           4  protocol.o(.data)
    Ctrl_cycle                               0x200000a4   Data           2  protocol.o(.data)
    Alarm_threshold                          0x200000a8   Data           4  protocol.o(.data)
    Alarm_threshold_DOWN                     0x200000ac   Data           4  protocol.o(.data)
    Time_random                              0x200000b0   Data           1  protocol.o(.data)
    Frequency_point                          0x200000b1   Data           1  protocol.o(.data)
    REQ_Waiting_Reply                        0x200000b2   Data           1  protocol.o(.data)
    BURST_Waiting_Reply                      0x200000b3   Data           1  protocol.o(.data)
    DES_Offset_Delay                         0x200000b4   Data           4  protocol.o(.data)
    Receive_BURST_ACK_flag                   0x200000b8   Data           1  protocol.o(.data)
    PongMsg3                                 0x200000bc   Data          12  sx1280_app.o(.data)
    RecBufferSize                            0x200000c8   Data           1  sx1280_app.o(.data)
    SndBufferSize                            0x200000c9   Data           1  sx1280_app.o(.data)
    Send_Frame_type                          0x200000ca   Data           1  sx1280_app.o(.data)
    RxIrqMask                                0x200000cc   Data           2  sx1280_app.o(.data)
    TxIrqMask                                0x200000ce   Data           2  sx1280_app.o(.data)
    mainsteptime                             0x200000d0   Data           2  sx1280_app.o(.data)
    lorasteptime                             0x200000d4   Data           8  sx1280_app.o(.data)
    TTtime_RX                                0x200000dc   Data           4  sx1280_app.o(.data)
    TTtime_TX                                0x200000e0   Data           4  sx1280_app.o(.data)
    SX1280_ID                                0x200000e4   Data           2  sx1280_app.o(.data)
    irqRegs                                  0x200000e6   Data           2  sx1280_app.o(.data)
    Callbacks                                0x200000ec   Data          36  sx1280_app.o(.data)
    Buffer                                   0x20000114   Data          10  main.o(.bss)
    RspAckbuff                               0x2000011e   Data          10  main.o(.bss)
    WriteBuffer                              0x20000128   Data          10  main.o(.bss)
    ReadBuffer                               0x20000132   Data          10  main.o(.bss)
    packetParams                             0x2000013c   Data          24  main.o(.bss)
    hi2c1                                    0x200001e4   Data          76  i2c.o(.bss)
    SpiHandle                                0x20000270   Data         100  hw-spi.o(.bss)
    USART1_RX_BUF                            0x200002d4   Data          20  usart.o(.bss)
    huart1                                   0x200002e8   Data         120  usart.o(.bss)
    huart2                                   0x20000360   Data         120  usart.o(.bss)
    UART1_Handler                            0x200003d8   Data         120  usart.o(.bss)
    UART2_Handler                            0x20000450   Data         120  usart.o(.bss)
    UART3_Handler                            0x200004c8   Data         120  usart.o(.bss)
    hadc1                                    0x20000540   Data         104  adc.o(.bss)
    RTCHandle                                0x200005a8   Data          36  rtc.o(.bss)
    RngHandle                                0x200005cc   Data          16  rng.o(.bss)
    hiwdg                                    0x200005dc   Data          16  iwdg.o(.bss)
    RecBuffer                                0x200025ea   Data          30  sx1280_app.o(.bss)
    SndBuffer                                0x20002608   Data          30  sx1280_app.o(.bss)
    __initial_sp                             0x20002a28   Data           0  startup_stm32l431xx.o(STACK)



==============================================================================

Memory Map of the image

  Image Entry point : 0x0800018d

  Load Region LR_IROM1 (Base: 0x08000000, Size: 0x00008c4c, Max: 0x00020000, ABSOLUTE)

    Execution Region ER_IROM1 (Base: 0x08000000, Size: 0x00008b38, Max: 0x00020000, ABSOLUTE)

    Base Addr    Size         Type   Attr      Idx    E Section Name        Object

    0x08000000   0x0000018c   Data   RO            3    RESET               startup_stm32l431xx.o
    0x0800018c   0x00000000   Code   RO         5299  * .ARM.Collect$$$$00000000  mc_w.l(entry.o)
    0x0800018c   0x00000004   Code   RO         5369    .ARM.Collect$$$$00000001  mc_w.l(entry2.o)
    0x08000190   0x00000004   Code   RO         5372    .ARM.Collect$$$$00000004  mc_w.l(entry5.o)
    0x08000194   0x00000000   Code   RO         5374    .ARM.Collect$$$$00000008  mc_w.l(entry7b.o)
    0x08000194   0x00000000   Code   RO         5376    .ARM.Collect$$$$0000000A  mc_w.l(entry8b.o)
    0x08000194   0x00000008   Code   RO         5377    .ARM.Collect$$$$0000000B  mc_w.l(entry9a.o)
    0x0800019c   0x00000000   Code   RO         5379    .ARM.Collect$$$$0000000D  mc_w.l(entry10a.o)
    0x0800019c   0x00000000   Code   RO         5381    .ARM.Collect$$$$0000000F  mc_w.l(entry11a.o)
    0x0800019c   0x00000004   Code   RO         5370    .ARM.Collect$$$$00002712  mc_w.l(entry2.o)
    0x080001a0   0x00000024   Code   RO            4    .text               startup_stm32l431xx.o
    0x080001c4   0x00000024   Code   RO         5304    .text               mc_w.l(memcpya.o)
    0x080001e8   0x00000024   Code   RO         5306    .text               mc_w.l(memseta.o)
    0x0800020c   0x0000015e   Code   RO         5316    .text               mf_w.l(dadd.o)
    0x0800036a   0x000000ea   Code   RO         5318    .text               mf_w.l(dmul.o)
    0x08000454   0x000000de   Code   RO         5320    .text               mf_w.l(ddiv.o)
    0x08000532   0x00000022   Code   RO         5322    .text               mf_w.l(dflti.o)
    0x08000554   0x0000001a   Code   RO         5324    .text               mf_w.l(dfltui.o)
    0x0800056e   0x00000032   Code   RO         5326    .text               mf_w.l(dfixui.o)
    0x080005a0   0x00000026   Code   RO         5328    .text               mf_w.l(f2d.o)
    0x080005c6   0x00000038   Code   RO         5330    .text               mf_w.l(d2f.o)
    0x080005fe   0x0000001e   Code   RO         5383    .text               mc_w.l(llshl.o)
    0x0800061c   0x00000020   Code   RO         5385    .text               mc_w.l(llushr.o)
    0x0800063c   0x00000024   Code   RO         5387    .text               mc_w.l(llsshr.o)
    0x08000660   0x00000000   Code   RO         5402    .text               mc_w.l(iusefp.o)
    0x08000660   0x0000006e   Code   RO         5403    .text               mf_w.l(fepilogue.o)
    0x080006ce   0x000000ba   Code   RO         5405    .text               mf_w.l(depilogue.o)
    0x08000788   0x0000002e   Code   RO         5409    .text               mf_w.l(dscalb.o)
    0x080007b6   0x00000002   PAD
    0x080007b8   0x00000030   Code   RO         5411    .text               mf_w.l(cdrcmple.o)
    0x080007e8   0x00000024   Code   RO         5413    .text               mc_w.l(init.o)
    0x0800080c   0x000000a2   Code   RO         5419    .text               mf_w.l(dsqrt.o)
    0x080008ae   0x00000002   PAD
    0x080008b0   0x00000038   Code   RO         4472    i.ADC1toChanel_8    adc.o
    0x080008e8   0x0000009c   Code   RO         3039    i.ADC_Disable       stm32l4xx_hal_adc.o
    0x08000984   0x000000c8   Code   RO         3040    i.ADC_Enable        stm32l4xx_hal_adc.o
    0x08000a4c   0x00000118   Code   RO         4474    i.Battery_Voltage_Measure  adc.o
    0x08000b64   0x00000004   Code   RO          247    i.BusFault_Handler  stm32l4xx_it.o
    0x08000b68   0x00000002   Code   RO          248    i.DebugMon_Handler  stm32l4xx_it.o
    0x08000b6a   0x0000000a   Code   RO          249    i.EXTI0_IRQHandler  stm32l4xx_it.o
    0x08000b74   0x00000084   Code   RO           13    i.Enter_ShutDown_Mode  main.o
    0x08000bf8   0x00000028   Code   RO         4110    i.Error_Handler     hw.o
    0x08000c20   0x0000006c   Code   RO         1907    i.FLASH_FlushCaches  stm32l4xx_hal_flash_ex.o
    0x08000c8c   0x00000024   Code   RO         1908    i.FLASH_MassErase   stm32l4xx_hal_flash_ex.o
    0x08000cb0   0x00000028   Code   RO         1917    i.FLASH_PageErase   stm32l4xx_hal_flash_ex.o
    0x08000cd8   0x00000018   Code   RO         1804    i.FLASH_Program_DoubleWord  stm32l4xx_hal_flash.o
    0x08000cf0   0x00000030   Code   RO         1805    i.FLASH_Program_Fast  stm32l4xx_hal_flash.o
    0x08000d20   0x0000009c   Code   RO         1806    i.FLASH_WaitForLastOperation  stm32l4xx_hal_flash.o
    0x08000dbc   0x0000000a   Code   RO         4396    i.Flash_If_DeInit   flash.o
    0x08000dc6   0x00000002   PAD
    0x08000dc8   0x00000044   Code   RO         4397    i.Flash_If_Erase    flash.o
    0x08000e0c   0x0000000a   Code   RO         4398    i.Flash_If_Init     flash.o
    0x08000e16   0x0000001c   Code   RO         4399    i.Flash_If_Read     flash.o
    0x08000e32   0x00000002   PAD
    0x08000e34   0x0000005c   Code   RO         4400    i.Flash_If_Write    flash.o
    0x08000e90   0x00000058   Code   RO         4401    i.GetPage           flash.o
    0x08000ee8   0x0000010c   Code   RO         4559    i.Get_random        rng.o
    0x08000ff4   0x00000034   Code   RO         4188    i.GpioGetBitPos     hw-gpio.o
    0x08001028   0x00000104   Code   RO         4189    i.GpioInit          hw-gpio.o
    0x0800112c   0x00000024   Code   RO         4190    i.GpioLaunchIrqHandler  hw-gpio.o
    0x08001150   0x00000010   Code   RO         4191    i.GpioRead          hw-gpio.o
    0x08001160   0x0000003c   Code   RO         4192    i.GpioSetIrq        hw-gpio.o
    0x0800119c   0x00000014   Code   RO         4193    i.GpioWrite         hw-gpio.o
    0x080011b0   0x000000ac   Code   RO         3281    i.HAL_ADCEx_Calibration_Start  stm32l4xx_hal_adc_ex.o
    0x0800125c   0x000004fc   Code   RO         3042    i.HAL_ADC_ConfigChannel  stm32l4xx_hal_adc.o
    0x08001758   0x00000008   Code   RO         3049    i.HAL_ADC_GetValue  stm32l4xx_hal_adc.o
    0x08001760   0x000001f4   Code   RO         3051    i.HAL_ADC_Init      stm32l4xx_hal_adc.o
    0x08001954   0x0000004c   Code   RO          343    i.HAL_ADC_MspInit   stm32l4xx_hal_msp.o
    0x080019a0   0x000000c6   Code   RO         3055    i.HAL_ADC_PollForConversion  stm32l4xx_hal_adc.o
    0x08001a66   0x000000a0   Code   RO         3057    i.HAL_ADC_Start     stm32l4xx_hal_adc.o
    0x08001b06   0x0000005c   Code   RO         2106    i.HAL_DMA_Abort_IT  stm32l4xx_hal_dma.o
    0x08001b62   0x00000002   PAD
    0x08001b64   0x0000010c   Code   RO         2111    i.HAL_DMA_Init      stm32l4xx_hal_dma.o
    0x08001c70   0x0000001a   Code   RO         4111    i.HAL_Delay         hw.o
    0x08001c8a   0x00000002   PAD
    0x08001c8c   0x0000010c   Code   RO         1918    i.HAL_FLASHEx_Erase  stm32l4xx_hal_flash_ex.o
    0x08001d98   0x00000014   Code   RO         1810    i.HAL_FLASH_Lock    stm32l4xx_hal_flash.o
    0x08001dac   0x000000c0   Code   RO         1815    i.HAL_FLASH_Program  stm32l4xx_hal_flash.o
    0x08001e6c   0x00000030   Code   RO         1817    i.HAL_FLASH_Unlock  stm32l4xx_hal_flash.o
    0x08001e9c   0x0000000c   Code   RO         4112    i.HAL_GPIO_EXTI_Callback  hw.o
    0x08001ea8   0x0000001c   Code   RO         2040    i.HAL_GPIO_EXTI_IRQHandler  stm32l4xx_hal_gpio.o
    0x08001ec4   0x000001cc   Code   RO         2041    i.HAL_GPIO_Init     stm32l4xx_hal_gpio.o
    0x08002090   0x00000010   Code   RO         2043    i.HAL_GPIO_ReadPin  stm32l4xx_hal_gpio.o
    0x080020a0   0x0000000a   Code   RO         2045    i.HAL_GPIO_WritePin  stm32l4xx_hal_gpio.o
    0x080020aa   0x00000002   PAD
    0x080020ac   0x0000000c   Code   RO          823    i.HAL_GetTick       stm32l4xx_hal.o
    0x080020b8   0x0000006a   Code   RO         1476    i.HAL_I2CEx_ConfigAnalogFilter  stm32l4xx_hal_i2c_ex.o
    0x08002122   0x00000068   Code   RO         1477    i.HAL_I2CEx_ConfigDigitalFilter  stm32l4xx_hal_i2c_ex.o
    0x0800218a   0x00000002   PAD
    0x0800218c   0x000000cc   Code   RO         1036    i.HAL_I2C_Init      stm32l4xx_hal_i2c.o
    0x08002258   0x00000164   Code   RO         1042    i.HAL_I2C_Master_Receive  stm32l4xx_hal_i2c.o
    0x080023bc   0x00000160   Code   RO         1049    i.HAL_I2C_Master_Transmit  stm32l4xx_hal_i2c.o
    0x0800251c   0x0000007c   Code   RO         4069    i.HAL_I2C_MspInit   i2c.o
    0x08002598   0x00000062   Code   RO         3467    i.HAL_IWDG_Init     stm32l4xx_hal_iwdg.o
    0x080025fa   0x0000000e   Code   RO         3468    i.HAL_IWDG_Refresh  stm32l4xx_hal_iwdg.o
    0x08002608   0x00000010   Code   RO          827    i.HAL_IncTick       stm32l4xx_hal.o
    0x08002618   0x00000016   Code   RO          828    i.HAL_Init          stm32l4xx_hal.o
    0x0800262e   0x00000002   PAD
    0x08002630   0x00000028   Code   RO          829    i.HAL_InitTick      stm32l4xx_hal.o
    0x08002658   0x00000090   Code   RO          344    i.HAL_MspInit       stm32l4xx_hal_msp.o
    0x080026e8   0x00000020   Code   RO         2522    i.HAL_NVIC_EnableIRQ  stm32l4xx_hal_cortex.o
    0x08002708   0x00000082   Code   RO         2528    i.HAL_NVIC_SetPriority  stm32l4xx_hal_cortex.o
    0x0800278a   0x00000002   PAD
    0x0800278c   0x00000028   Code   RO         2529    i.HAL_NVIC_SetPriorityGrouping  stm32l4xx_hal_cortex.o
    0x080027b4   0x0000008c   Code   RO         2332    i.HAL_PWREx_ControlVoltageScaling  stm32l4xx_hal_pwr_ex.o
    0x08002840   0x0000002c   Code   RO         2351    i.HAL_PWREx_EnterSHUTDOWNMode  stm32l4xx_hal_pwr_ex.o
    0x0800286c   0x00000010   Code   RO         2355    i.HAL_PWREx_GetVoltageRange  stm32l4xx_hal_pwr_ex.o
    0x0800287c   0x00000014   Code   RO         2224    i.HAL_PWR_EnableBkUpAccess  stm32l4xx_hal_pwr.o
    0x08002890   0x00000014   Code   RO         1647    i.HAL_RCCEx_EnableMSIPLLMode  stm32l4xx_hal_rcc_ex.o
    0x080028a4   0x00000388   Code   RO         1653    i.HAL_RCCEx_PeriphCLKConfig  stm32l4xx_hal_rcc_ex.o
    0x08002c2c   0x0000016c   Code   RO         1531    i.HAL_RCC_ClockConfig  stm32l4xx_hal_rcc.o
    0x08002d98   0x0000000c   Code   RO         1535    i.HAL_RCC_GetHCLKFreq  stm32l4xx_hal_rcc.o
    0x08002da4   0x0000010c   Code   RO         1539    i.HAL_RCC_GetSysClockFreq  stm32l4xx_hal_rcc.o
    0x08002eb0   0x00000698   Code   RO         1542    i.HAL_RCC_OscConfig  stm32l4xx_hal_rcc.o
    0x08003548   0x00000038   Code   RO         3497    i.HAL_RNG_DeInit    stm32l4xx_hal_rng.o
    0x08003580   0x00000076   Code   RO         3499    i.HAL_RNG_GenerateRandomNumber  stm32l4xx_hal_rng.o
    0x080035f6   0x00000018   Code   RO         3502    i.HAL_RNG_GetRandomNumber  stm32l4xx_hal_rng.o
    0x0800360e   0x00000034   Code   RO         3506    i.HAL_RNG_Init      stm32l4xx_hal_rng.o
    0x08003642   0x00000002   PAD
    0x08003644   0x0000001c   Code   RO          345    i.HAL_RNG_MspDeInit  stm32l4xx_hal_msp.o
    0x08003660   0x0000003c   Code   RO          346    i.HAL_RNG_MspInit   stm32l4xx_hal_msp.o
    0x0800369c   0x00000012   Code   RO         2796    i.HAL_RTCEx_BKUPRead  stm32l4xx_hal_rtc_ex.o
    0x080036ae   0x00000012   Code   RO         2797    i.HAL_RTCEx_BKUPWrite  stm32l4xx_hal_rtc_ex.o
    0x080036c0   0x000000a6   Code   RO         2803    i.HAL_RTCEx_DeactivateWakeUpTimer  stm32l4xx_hal_rtc_ex.o
    0x08003766   0x00000002   PAD
    0x08003768   0x0000014c   Code   RO         2824    i.HAL_RTCEx_SetWakeUpTimer_IT  stm32l4xx_hal_rtc_ex.o
    0x080038b4   0x00000002   Code   RO         2830    i.HAL_RTCEx_WakeUpTimerEventCallback  stm32l4xx_hal_rtc_ex.o
    0x080038b6   0x00000002   PAD
    0x080038b8   0x00000038   Code   RO         2831    i.HAL_RTCEx_WakeUpTimerIRQHandler  stm32l4xx_hal_rtc_ex.o
    0x080038f0   0x000000e8   Code   RO         2665    i.HAL_RTC_Init      stm32l4xx_hal_rtc.o
    0x080039d8   0x0000005c   Code   RO          348    i.HAL_RTC_MspInit   stm32l4xx_hal_msp.o
    0x08003a34   0x0000003a   Code   RO         2673    i.HAL_RTC_WaitForSynchro  stm32l4xx_hal_rtc.o
    0x08003a6e   0x0000002c   Code   RO          752    i.HAL_SPIEx_FlushRxFifo  stm32l4xx_hal_spi_ex.o
    0x08003a9a   0x000000c0   Code   RO          436    i.HAL_SPI_Init      stm32l4xx_hal_spi.o
    0x08003b5a   0x00000002   PAD
    0x08003b5c   0x00000140   Code   RO          350    i.HAL_SPI_MspInit   stm32l4xx_hal_msp.o
    0x08003c9c   0x000001b8   Code   RO          444    i.HAL_SPI_Transmit  stm32l4xx_hal_spi.o
    0x08003e54   0x0000028a   Code   RO          445    i.HAL_SPI_TransmitReceive  stm32l4xx_hal_spi.o
    0x080040de   0x00000028   Code   RO         2531    i.HAL_SYSTICK_CLKSourceConfig  stm32l4xx_hal_cortex.o
    0x08004106   0x00000002   PAD
    0x08004108   0x00000024   Code   RO          250    i.HAL_SYSTICK_Callback  stm32l4xx_it.o
    0x0800412c   0x00000034   Code   RO         2533    i.HAL_SYSTICK_Config  stm32l4xx_hal_cortex.o
    0x08004160   0x00000008   Code   RO         2534    i.HAL_SYSTICK_IRQHandler  stm32l4xx_hal_cortex.o
    0x08004168   0x00000002   Code   RO         3967    i.HAL_UARTEx_WakeupCallback  stm32l4xx_hal_uart_ex.o
    0x0800416a   0x00000002   Code   RO         3621    i.HAL_UART_ErrorCallback  stm32l4xx_hal_uart.o
    0x0800416c   0x00000014   Code   RO         3623    i.HAL_UART_GetState  stm32l4xx_hal_uart.o
    0x08004180   0x0000018c   Code   RO         3624    i.HAL_UART_IRQHandler  stm32l4xx_hal_uart.o
    0x0800430c   0x000000e0   Code   RO         3630    i.HAL_UART_Receive_IT  stm32l4xx_hal_uart.o
    0x080043ec   0x00000088   Code   RO         4310    i.HAL_UART_RxCpltCallback  usart.o
    0x08004474   0x00000002   Code   RO         3636    i.HAL_UART_TxCpltCallback  stm32l4xx_hal_uart.o
    0x08004476   0x00000002   PAD
    0x08004478   0x00000204   Code   RO           14    i.Handle_RFSendflag  main.o
    0x0800467c   0x00000108   Code   RO         4522    i.Handle_WakeUpSource  rtc.o
    0x08004784   0x00000736   Code   RO         5131    i.Handle_receiveStation_sx1280_frame  protocol.o
    0x08004eba   0x00000004   Code   RO          251    i.HardFault_Handler  stm32l4xx_it.o
    0x08004ebe   0x00000018   Code   RO         4114    i.HwInit            hw.o
    0x08004ed6   0x00000028   Code   RO         1082    i.I2C_Flush_TXDR    stm32l4xx_hal_i2c.o
    0x08004efe   0x00000002   PAD
    0x08004f00   0x00000098   Code   RO         1090    i.I2C_IsAcknowledgeFailed  stm32l4xx_hal_i2c.o
    0x08004f98   0x00000034   Code   RO         1097    i.I2C_TransferConfig  stm32l4xx_hal_i2c.o
    0x08004fcc   0x0000005e   Code   RO         1098    i.I2C_WaitOnFlagUntilTimeout  stm32l4xx_hal_i2c.o
    0x0800502a   0x00000002   PAD
    0x0800502c   0x000000a0   Code   RO         1099    i.I2C_WaitOnRXNEFlagUntilTimeout  stm32l4xx_hal_i2c.o
    0x080050cc   0x00000056   Code   RO         1100    i.I2C_WaitOnSTOPFlagUntilTimeout  stm32l4xx_hal_i2c.o
    0x08005122   0x0000005a   Code   RO         1101    i.I2C_WaitOnTXISFlagUntilTimeout  stm32l4xx_hal_i2c.o
    0x0800517c   0x00000010   Code   RO         3064    i.LL_ADC_Enable     stm32l4xx_hal_adc.o
    0x0800518c   0x0000000a   Code   RO         3065    i.LL_ADC_GetCommonPathInternalCh  stm32l4xx_hal_adc.o
    0x08005196   0x00000012   Code   RO         3066    i.LL_ADC_GetOffsetChannel  stm32l4xx_hal_adc.o
    0x080051a8   0x0000000a   Code   RO         3067    i.LL_ADC_IsInternalRegulatorEnabled  stm32l4xx_hal_adc.o
    0x080051b2   0x0000000a   Code   RO         3068    i.LL_ADC_REG_IsConversionOngoing  stm32l4xx_hal_adc.o
    0x080051bc   0x00000010   Code   RO         3069    i.LL_ADC_REG_StartConversion  stm32l4xx_hal_adc.o
    0x080051cc   0x00000052   Code   RO         3071    i.LL_ADC_SetChannelSamplingTime  stm32l4xx_hal_adc.o
    0x0800521e   0x0000000c   Code   RO         3072    i.LL_ADC_SetCommonPathInternalCh  stm32l4xx_hal_adc.o
    0x0800522a   0x00000016   Code   RO         3073    i.LL_ADC_SetOffsetState  stm32l4xx_hal_adc.o
    0x08005240   0x00000090   Code   RO          351    i.MSP_GetIRQn       stm32l4xx_hal_msp.o
    0x080052d0   0x0000007c   Code   RO         4475    i.MX_ADC1_Init      adc.o
    0x0800534c   0x00000078   Code   RO         4070    i.MX_I2C1_Init      i2c.o
    0x080053c4   0x00000030   Code   RO         4590    i.MX_IWDG_Init      iwdg.o
    0x080053f4   0x00000004   Code   RO          252    i.MemManage_Handler  stm32l4xx_it.o
    0x080053f8   0x00000002   Code   RO          253    i.NMI_Handler       stm32l4xx_it.o
    0x080053fa   0x00000002   PAD
    0x080053fc   0x0000000c   Code   RO         5182    i.OnRxDone          sx1280_app.o
    0x08005408   0x0000000c   Code   RO         5183    i.OnRxError         sx1280_app.o
    0x08005414   0x0000000c   Code   RO         5184    i.OnRxTimeout       sx1280_app.o
    0x08005420   0x0000000c   Code   RO         5185    i.OnTxDone          sx1280_app.o
    0x0800542c   0x0000000c   Code   RO         5186    i.OnTxTimeout       sx1280_app.o
    0x08005438   0x00000002   Code   RO          254    i.PendSV_Handler    stm32l4xx_it.o
    0x0800543a   0x00000002   PAD
    0x0800543c   0x00000104   Code   RO         5187    i.Process_Appstate_0  sx1280_app.o
    0x08005540   0x0000018c   Code   RO         1656    i.RCCEx_PLLSAI1_Config  stm32l4xx_hal_rcc_ex.o
    0x080056cc   0x000000a0   Code   RO         1543    i.RCC_SetFlashLatencyFromMSIRange  stm32l4xx_hal_rcc.o
    0x0800576c   0x00000034   Code   RO         4523    i.RTC_Config        rtc.o
    0x080057a0   0x0000003e   Code   RO         2676    i.RTC_EnterInitMode  stm32l4xx_hal_rtc.o
    0x080057de   0x00000002   PAD
    0x080057e0   0x00000010   Code   RO          255    i.RTC_WKUP_IRQHandler  stm32l4xx_it.o
    0x080057f0   0x00000038   Code   RO         5132    i.RTU_CRC           protocol.o
    0x08005828   0x00000128   Code   RO         4402    i.Read_flash_Parameter  flash.o
    0x08005950   0x00000064   Code   RO          474    i.SPI_EndRxTxTransaction  stm32l4xx_hal_spi.o
    0x080059b4   0x000000b0   Code   RO          479    i.SPI_WaitFifoStateUntilTimeout  stm32l4xx_hal_spi.o
    0x08005a64   0x000000a8   Code   RO          480    i.SPI_WaitFlagStateUntilTimeout  stm32l4xx_hal_spi.o
    0x08005b0c   0x00000190   Code   RO           15    i.STS31_GetData     main.o
    0x08005c9c   0x00000002   Code   RO          256    i.SVC_Handler       stm32l4xx_it.o
    0x08005c9e   0x00000056   Code   RO         4623    i.SX1280Calibrate   sx1280.o
    0x08005cf4   0x0000001c   Code   RO         4624    i.SX1280ClearIrqStatus  sx1280.o
    0x08005d10   0x0000001a   Code   RO         4625    i.SX1280GetFirmwareVersion  sx1280.o
    0x08005d2a   0x00000002   PAD
    0x08005d2c   0x00000124   Code   RO         4626    i.SX1280GetFrequencyError  sx1280.o
    0x08005e50   0x0000001a   Code   RO         4628    i.SX1280GetIrqStatus  sx1280.o
    0x08005e6a   0x00000002   PAD
    0x08005e6c   0x00000044   Code   RO         4629    i.SX1280GetLoRaBandwidth  sx1280.o
    0x08005eb0   0x0000000c   Code   RO         4630    i.SX1280GetOpMode   sx1280.o
    0x08005ebc   0x00000308   Code   RO         4631    i.SX1280GetPacketStatus  sx1280.o
    0x080061c4   0x0000000c   Code   RO         4632    i.SX1280GetPacketType  sx1280.o
    0x080061d0   0x0000002a   Code   RO         4633    i.SX1280GetPayload  sx1280.o
    0x080061fa   0x00000002   PAD
    0x080061fc   0x00000144   Code   RO         4634    i.SX1280GetRangingResult  sx1280.o
    0x08006340   0x00000020   Code   RO         4635    i.SX1280GetRssiInst  sx1280.o
    0x08006360   0x00000054   Code   RO         4636    i.SX1280GetRxBufferStatus  sx1280.o
    0x080063b4   0x0000001e   Code   RO         4637    i.SX1280GetStatus   sx1280.o
    0x080063d2   0x00000022   Code   RO         5018    i.SX1280HalGetDioStatus  sx1280-hal.o
    0x080063f4   0x0000000c   Code   RO         5019    i.SX1280HalInit     sx1280-hal.o
    0x08006400   0x00000014   Code   RO         5020    i.SX1280HalIoIrqInit  sx1280-hal.o
    0x08006414   0x00000070   Code   RO         5021    i.SX1280HalReadBuffer  sx1280-hal.o
    0x08006484   0x00000070   Code   RO         5022    i.SX1280HalReadCommand  sx1280-hal.o
    0x080064f4   0x00000014   Code   RO         5023    i.SX1280HalReadRegister  sx1280-hal.o
    0x08006508   0x00000074   Code   RO         5024    i.SX1280HalReadRegisters  sx1280-hal.o
    0x0800657c   0x0000002a   Code   RO         5025    i.SX1280HalReset    sx1280-hal.o
    0x080065a6   0x00000016   Code   RO         5026    i.SX1280HalWaitOnBusy  sx1280-hal.o
    0x080065bc   0x00000054   Code   RO         5027    i.SX1280HalWriteBuffer  sx1280-hal.o
    0x08006610   0x00000050   Code   RO         5028    i.SX1280HalWriteCommand  sx1280-hal.o
    0x08006660   0x00000010   Code   RO         5029    i.SX1280HalWriteRegister  sx1280-hal.o
    0x08006670   0x00000058   Code   RO         5030    i.SX1280HalWriteRegisters  sx1280-hal.o
    0x080066c8   0x00000018   Code   RO         4638    i.SX1280Init        sx1280.o
    0x080066e0   0x0000000c   Code   RO         4639    i.SX1280OnDioIrq    sx1280.o
    0x080066ec   0x000000ac   Code   RO         4641    i.SX1280ProcessIrqs  sx1280.o
    0x08006798   0x00000026   Code   RO         4642    i.SX1280RangingClearFilterResult  sx1280.o
    0x080067be   0x0000001a   Code   RO         4643    i.SX1280RangingSetFilterNumSamples  sx1280.o
    0x080067d8   0x00000016   Code   RO         4644    i.SX1280SendPayload  sx1280.o
    0x080067ee   0x0000000e   Code   RO         4645    i.SX1280SetAutoFS   sx1280.o
    0x080067fc   0x00000022   Code   RO         4646    i.SX1280SetAutoTx   sx1280.o
    0x0800681e   0x00000032   Code   RO         4647    i.SX1280SetBleAccessAddress  sx1280.o
    0x08006850   0x00000010   Code   RO         4648    i.SX1280SetBleAdvertizerAccessAddress  sx1280.o
    0x08006860   0x0000001a   Code   RO         4649    i.SX1280SetBufferBaseAddresses  sx1280.o
    0x0800687a   0x00000002   PAD
    0x0800687c   0x00000018   Code   RO         4650    i.SX1280SetCad      sx1280.o
    0x08006894   0x00000018   Code   RO         4651    i.SX1280SetCadParams  sx1280.o
    0x080068ac   0x00000032   Code   RO         4652    i.SX1280SetCrcPolynomial  sx1280.o
    0x080068de   0x00000032   Code   RO         4653    i.SX1280SetCrcSeed  sx1280.o
    0x08006910   0x00000038   Code   RO         4654    i.SX1280SetDeviceRangingAddress  sx1280.o
    0x08006948   0x0000004a   Code   RO         4655    i.SX1280SetDioIrqParams  sx1280.o
    0x08006992   0x00000002   PAD
    0x08006994   0x00000018   Code   RO         4656    i.SX1280SetFs       sx1280.o
    0x080069ac   0x0000000c   Code   RO         4657    i.SX1280SetInterruptMode  sx1280.o
    0x080069b8   0x0000000e   Code   RO         4658    i.SX1280SetLongPreamble  sx1280.o
    0x080069c6   0x00000002   PAD
    0x080069c8   0x000000b0   Code   RO         4659    i.SX1280SetModulationParams  sx1280.o
    0x08006a78   0x00000110   Code   RO         4660    i.SX1280SetPacketParams  sx1280.o
    0x08006b88   0x0000001c   Code   RO         4661    i.SX1280SetPacketType  sx1280.o
    0x08006ba4   0x00000012   Code   RO         4662    i.SX1280SetPayload  sx1280.o
    0x08006bb6   0x00000002   PAD
    0x08006bb8   0x0000000c   Code   RO         4663    i.SX1280SetPollingMode  sx1280.o
    0x08006bc4   0x00000028   Code   RO         4664    i.SX1280SetRangingCalibration  sx1280.o
    0x08006bec   0x00000030   Code   RO         4665    i.SX1280SetRangingIdLength  sx1280.o
    0x08006c1c   0x00000038   Code   RO         4666    i.SX1280SetRangingRequestAddress  sx1280.o
    0x08006c54   0x00000012   Code   RO         4667    i.SX1280SetRangingRole  sx1280.o
    0x08006c66   0x00000002   PAD
    0x08006c68   0x00000028   Code   RO         4668    i.SX1280SetRegistersDefault  sx1280.o
    0x08006c90   0x0000000e   Code   RO         4669    i.SX1280SetRegulatorMode  sx1280.o
    0x08006c9e   0x00000002   PAD
    0x08006ca0   0x0000008c   Code   RO         4670    i.SX1280SetRfFrequency  sx1280.o
    0x08006d2c   0x0000004c   Code   RO         4671    i.SX1280SetRx       sx1280.o
    0x08006d78   0x0000003c   Code   RO         4672    i.SX1280SetRxDutyCycle  sx1280.o
    0x08006db4   0x0000000e   Code   RO         4673    i.SX1280SetSaveContext  sx1280.o
    0x08006dc2   0x00000002   PAD
    0x08006dc4   0x00000048   Code   RO         4674    i.SX1280SetSleep    sx1280.o
    0x08006e0c   0x00000028   Code   RO         4675    i.SX1280SetStandby  sx1280.o
    0x08006e34   0x00000098   Code   RO         4676    i.SX1280SetSyncWord  sx1280.o
    0x08006ecc   0x00000024   Code   RO         4677    i.SX1280SetSyncWordErrorTolerance  sx1280.o
    0x08006ef0   0x0000004c   Code   RO         4678    i.SX1280SetTx       sx1280.o
    0x08006f3c   0x0000000e   Code   RO         4679    i.SX1280SetTxContinuousPreamble  sx1280.o
    0x08006f4a   0x0000000e   Code   RO         4680    i.SX1280SetTxContinuousWave  sx1280.o
    0x08006f58   0x00000020   Code   RO         4681    i.SX1280SetTxParams  sx1280.o
    0x08006f78   0x0000002a   Code   RO         4682    i.SX1280SetWhiteningSeed  sx1280.o
    0x08006fa2   0x00000002   PAD
    0x08006fa4   0x0000004c   Code   RO         5189    i.SX1280_Enter_LowPower  sx1280_app.o
    0x08006ff0   0x000000a4   Code   RO         5191    i.SX1280_Init       sx1280_app.o
    0x08007094   0x00000030   Code   RO         5192    i.SX1280_SendData   sx1280_app.o
    0x080070c4   0x0000001a   Code   RO         4683    i.SX1280complement2  sx1280.o
    0x080070de   0x00000002   PAD
    0x080070e0   0x0000020e   Code   RO         5133    i.SendtoStation_sx1280_frame  protocol.o
    0x080072ee   0x00000002   PAD
    0x080072f0   0x0000001c   Code   RO         4252    i.SpiIn             hw-spi.o
    0x0800730c   0x00000028   Code   RO         4253    i.SpiInOut          hw-spi.o
    0x08007334   0x00000050   Code   RO         4254    i.SpiInit           hw-spi.o
    0x08007384   0x0000000c   Code   RO          257    i.SysTick_Handler   stm32l4xx_it.o
    0x08007390   0x000000aa   Code   RO         4117    i.SystemClock_Config_24M  hw.o
    0x0800743a   0x00000002   PAD
    0x0800743c   0x00000050   Code   RO         4032    i.SystemInit        system_stm32l4xx.o
    0x0800748c   0x00000018   Code   RO         3640    i.UART_DMAAbortOnError  stm32l4xx_hal_uart.o
    0x080074a4   0x00000024   Code   RO         3650    i.UART_EndRxTransfer  stm32l4xx_hal_uart.o
    0x080074c8   0x00000022   Code   RO         3651    i.UART_EndTransmit_IT  stm32l4xx_hal_uart.o
    0x080074ea   0x0000006c   Code   RO         3653    i.UART_RxISR_16BIT  stm32l4xx_hal_uart.o
    0x08007556   0x00000066   Code   RO         3654    i.UART_RxISR_8BIT   stm32l4xx_hal_uart.o
    0x080075bc   0x00000040   Code   RO         4313    i.USART1_IRQHandler  usart.o
    0x080075fc   0x00000004   Code   RO          258    i.UsageFault_Handler  stm32l4xx_it.o
    0x08007600   0x000000e4   Code   RO         4403    i.Write_flash_Parameter  flash.o
    0x080076e4   0x00000004   Code   RO         4314    i._Error_Handler    usart.o
    0x080076e8   0x00000030   Code   RO         5352    i.__ARM_fpclassify  m_wm.l(fpclassify.o)
    0x08007718   0x00000010   Code   RO         2535    i.__NVIC_GetPriorityGrouping  stm32l4xx_hal_cortex.o
    0x08007728   0x00000028   Code   RO         2536    i.__NVIC_SetPriority  stm32l4xx_hal_cortex.o
    0x08007750   0x00000c80   Code   RO         5285    i.__hardfp_pow      m_wm.l(pow.o)
    0x080083d0   0x000000f8   Code   RO         5354    i.__kernel_poly     m_wm.l(poly.o)
    0x080084c8   0x00000030   Code   RO         5332    i.__mathlib_dbl_divzero  m_wm.l(dunder.o)
    0x080084f8   0x00000014   Code   RO         5334    i.__mathlib_dbl_infnan2  m_wm.l(dunder.o)
    0x0800850c   0x00000004   PAD
    0x08008510   0x00000020   Code   RO         5335    i.__mathlib_dbl_invalid  m_wm.l(dunder.o)
    0x08008530   0x00000020   Code   RO         5336    i.__mathlib_dbl_overflow  m_wm.l(dunder.o)
    0x08008550   0x00000020   Code   RO         5338    i.__mathlib_dbl_underflow  m_wm.l(dunder.o)
    0x08008570   0x0000000e   Code   RO         5428    i.__scatterload_copy  mc_w.l(handlers.o)
    0x0800857e   0x00000002   Code   RO         5429    i.__scatterload_null  mc_w.l(handlers.o)
    0x08008580   0x0000000e   Code   RO         5430    i.__scatterload_zeroinit  mc_w.l(handlers.o)
    0x0800858e   0x00000002   PAD
    0x08008590   0x0000000c   Code   RO         5391    i.__set_errno       mc_w.l(errno.o)
    0x0800859c   0x00000018   Code   RO         5348    i.fabs              m_wm.l(fabs.o)
    0x080085b4   0x00000098   Code   RO           16    i.main              main.o
    0x0800864c   0x0000006e   Code   RO         5359    i.sqrt              m_wm.l(sqrt.o)
    0x080086ba   0x00000002   PAD
    0x080086bc   0x00000048   Data   RO         4033    .constdata          system_stm32l4xx.o
    0x08008704   0x00000004   Data   RO         4684    .constdata          sx1280.o
    0x08008708   0x00000104   Data   RO         5032    .constdata          sx1280-hal.o
    0x0800880c   0x00000278   Data   RO         5134    .constdata          protocol.o
    0x08008a84   0x00000004   PAD
    0x08008a88   0x00000088   Data   RO         5288    .constdata          m_wm.l(pow.o)
    0x08008b10   0x00000008   Data   RO         5356    .constdata          m_wm.l(qnan.o)
    0x08008b18   0x00000020   Data   RO         5426    Region$$Table       anon$$obj.o


    Execution Region RW_IRAM1 (Base: 0x20000000, Size: 0x00002a28, Max: 0x00010000, ABSOLUTE)

    Base Addr    Size         Type   Attr      Idx    E Section Name        Object

    0x20000000   0x00000048   Data   RW           18    .data               main.o
    0x20000048   0x00000004   Data   RW          844    .data               stm32l4xx_hal.o
    0x2000004c   0x00000020   Data   RW         1818    .data               stm32l4xx_hal_flash.o
    0x2000006c   0x00000004   Data   RW         4034    .data               system_stm32l4xx.o
    0x20000070   0x00000007   Data   RW         4318    .data               usart.o
    0x20000077   0x00000001   PAD
    0x20000078   0x0000000e   Data   RW         4477    .data               adc.o
    0x20000086   0x00000002   PAD
    0x20000088   0x00000014   Data   RW         4685    .data               sx1280.o
    0x2000009c   0x0000001d   Data   RW         5135    .data               protocol.o
    0x200000b9   0x00000003   PAD
    0x200000bc   0x00000054   Data   RW         5195    .data               sx1280_app.o
    0x20000110   0x00000004   Data   RW         5392    .data               mc_w.l(errno.o)
    0x20000114   0x00000040   Zero   RW           17    .bss                main.o
    0x20000154   0x00000090   Zero   RW          352    .bss                stm32l4xx_hal_msp.o
    0x200001e4   0x0000004c   Zero   RW         4071    .bss                i2c.o
    0x20000230   0x00000040   Zero   RW         4194    .bss                hw-gpio.o
    0x20000270   0x00000064   Zero   RW         4255    .bss                hw-spi.o
    0x200002d4   0x0000026c   Zero   RW         4317    .bss                usart.o
    0x20000540   0x00000068   Zero   RW         4476    .bss                adc.o
    0x200005a8   0x00000024   Zero   RW         4524    .bss                rtc.o
    0x200005cc   0x00000010   Zero   RW         4560    .bss                rng.o
    0x200005dc   0x00000010   Zero   RW         4591    .bss                iwdg.o
    0x200005ec   0x00001ffe   Zero   RW         5031    .bss                sx1280-hal.o
    0x200025ea   0x0000003c   Zero   RW         5193    .bss                sx1280_app.o
    0x20002626   0x00000002   PAD
    0x20002628   0x00000400   Zero   RW            1    STACK               startup_stm32l431xx.o


==============================================================================

Image component sizes


      Code (inc. data)   RO Data    RW Data    ZI Data      Debug   Object Name

       460         66          0         14        104       2807   adc.o
       820         88          0          0          0       6445   flash.o
       444         24          0          0         64       4818   hw-gpio.o
       148         22          0          0        100       2589   hw-spi.o
       272          0          0          0          0       3027   hw.o
       244         44          0          0         76       1905   i2c.o
        48         10          0          0         16        803   iwdg.o
      1200        212          0         72         64     743609   main.o
      2428        124        632         29          0       7183   protocol.o
       268         32          0          0         16        945   rng.o
       316         42          0          0         36       1459   rtc.o
        36          8        396          0       1024        868   startup_stm32l431xx.o
        90         14          0          4          0       3839   stm32l4xx_hal.o
      2694        104          0          0          0      63673   stm32l4xx_hal_adc.o
       172          0          0          0          0       1586   stm32l4xx_hal_adc_ex.o
       358         22          0          0          0      35714   stm32l4xx_hal_cortex.o
       360         10          0          0          0       1990   stm32l4xx_hal_dma.o
       488         48          0         32          0       5294   stm32l4xx_hal_flash.o
       452         26          0          0          0       3443   stm32l4xx_hal_flash_ex.o
       514         32          0          0          0       3946   stm32l4xx_hal_gpio.o
      1586         32          0          0          0      10834   stm32l4xx_hal_i2c.o
       210          0          0          0          0       2115   stm32l4xx_hal_i2c_ex.o
       112          0          0          0          0       1923   stm32l4xx_hal_iwdg.o
       864         46          0          0        144       5592   stm32l4xx_hal_msp.o
        20          6          0          0          0        599   stm32l4xx_hal_pwr.o
       200         28          0          0          0       2084   stm32l4xx_hal_pwr_ex.o
      2492         76          0          0          0       6142   stm32l4xx_hal_rcc.o
      1320         32          0          0          0       3625   stm32l4xx_hal_rcc_ex.o
       250          0          0          0          0       3577   stm32l4xx_hal_rng.o
       352          4          0          0          0       2820   stm32l4xx_hal_rtc.o
       592          8          0          0          0       5726   stm32l4xx_hal_rtc_ex.o
      1726          0          0          0          0       7060   stm32l4xx_hal_spi.o
        44          0          0          0          0       1244   stm32l4xx_hal_spi_ex.o
       948         14          0          0          0       8247   stm32l4xx_hal_uart.o
         2          0          0          0          0       1064   stm32l4xx_hal_uart_ex.o
        98         14          0          0          0       6222   stm32l4xx_it.o
       758         42        260          0       8190      12932   sx1280-hal.o
      4116        218          4         20          0      51561   sx1280.o
       608         74          0         84         60       7111   sx1280_app.o
        80         12         72          4          0       1425   system_stm32l4xx.o
       204         24          0          7        620       3032   usart.o

    ----------------------------------------------------------------------
     28460       1558       1400        272      10516    1040878   Object Totals
         0          0         32          0          0          0   (incl. Generated)
        66          0          4          6          2          0   (incl. Padding)

    ----------------------------------------------------------------------

      Code (inc. data)   RO Data    RW Data    ZI Data      Debug   Library Member Name

       164         44          0          0          0        620   dunder.o
        24          0          0          0          0        124   fabs.o
        48          0          0          0          0        124   fpclassify.o
       248          0          0          0          0        152   poly.o
      3200        296        136          0          0        352   pow.o
         0          0          8          0          0          0   qnan.o
       110          0          0          0          0        148   sqrt.o
         0          0          0          0          0          0   entry.o
         0          0          0          0          0          0   entry10a.o
         0          0          0          0          0          0   entry11a.o
         8          4          0          0          0          0   entry2.o
         4          0          0          0          0          0   entry5.o
         0          0          0          0          0          0   entry7b.o
         0          0          0          0          0          0   entry8b.o
         8          4          0          0          0          0   entry9a.o
        12          6          0          4          0         68   errno.o
        30          0          0          0          0          0   handlers.o
        36          8          0          0          0         68   init.o
         0          0          0          0          0          0   iusefp.o
        30          0          0          0          0         68   llshl.o
        36          0          0          0          0         68   llsshr.o
        32          0          0          0          0         68   llushr.o
        36          0          0          0          0         68   memcpya.o
        36          0          0          0          0        108   memseta.o
        48          0          0          0          0         68   cdrcmple.o
        56          0          0          0          0         88   d2f.o
       350          0          0          0          0        148   dadd.o
       222          0          0          0          0        100   ddiv.o
       186          0          0          0          0        176   depilogue.o
        50          0          0          0          0         76   dfixui.o
        34          0          0          0          0         76   dflti.o
        26          0          0          0          0         76   dfltui.o
       234          0          0          0          0         96   dmul.o
        46          0          0          0          0         80   dscalb.o
       162          0          0          0          0        100   dsqrt.o
        38          0          0          0          0         68   f2d.o
       110          0          0          0          0        168   fepilogue.o

    ----------------------------------------------------------------------
      5636        362        144          4          0       3356   Library Totals
        12          0          0          0          0          0   (incl. Padding)

    ----------------------------------------------------------------------

      Code (inc. data)   RO Data    RW Data    ZI Data      Debug   Library Name

      3794        340        144          0          0       1520   m_wm.l
       268         22          0          4          0        516   mc_w.l
      1562          0          0          0          0       1320   mf_w.l

    ----------------------------------------------------------------------
      5636        362        144          4          0       3356   Library Totals

    ----------------------------------------------------------------------

==============================================================================


      Code (inc. data)   RO Data    RW Data    ZI Data      Debug   

     34096       1920       1544        276      10516    1018854   Grand Totals
     34096       1920       1544        276      10516    1018854   ELF Image Totals
     34096       1920       1544        276          0          0   ROM Totals

==============================================================================

    Total RO  Size (Code + RO Data)                35640 (  34.80kB)
    Total RW  Size (RW Data + ZI Data)             10792 (  10.54kB)
    Total ROM Size (Code + RO Data + RW Data)      35916 (  35.07kB)

==============================================================================

